Archive member included to satisfy reference by file (symbol)

c:/program files (x86)/atmel/studio/7.0/toolchain/arm/arm-gnu-toolchain/bin/../lib/gcc/arm-none-eabi/6.3.1/../../../../arm-none-eabi/lib/thumb/v7e-m\libc.a(lib_a-exit.o)
                              c:/program files (x86)/atmel/studio/7.0/toolchain/arm/arm-gnu-toolchain/bin/../lib/gcc/arm-none-eabi/6.3.1/../../../../arm-none-eabi/lib/thumb/v7e-m/crt0.o (exit)
c:/program files (x86)/atmel/studio/7.0/toolchain/arm/arm-gnu-toolchain/bin/../lib/gcc/arm-none-eabi/6.3.1/../../../../arm-none-eabi/lib/thumb/v7e-m\libc.a(lib_a-impure.o)
                              c:/program files (x86)/atmel/studio/7.0/toolchain/arm/arm-gnu-toolchain/bin/../lib/gcc/arm-none-eabi/6.3.1/../../../../arm-none-eabi/lib/thumb/v7e-m\libc.a(lib_a-exit.o) (_global_impure_ptr)
c:/program files (x86)/atmel/studio/7.0/toolchain/arm/arm-gnu-toolchain/bin/../lib/gcc/arm-none-eabi/6.3.1/../../../../arm-none-eabi/lib/thumb/v7e-m\libc.a(lib_a-init.o)
                              c:/program files (x86)/atmel/studio/7.0/toolchain/arm/arm-gnu-toolchain/bin/../lib/gcc/arm-none-eabi/6.3.1/../../../../arm-none-eabi/lib/thumb/v7e-m/crt0.o (__libc_init_array)
c:/program files (x86)/atmel/studio/7.0/toolchain/arm/arm-gnu-toolchain/bin/../lib/gcc/arm-none-eabi/6.3.1/../../../../arm-none-eabi/lib/thumb/v7e-m\libc.a(lib_a-memset.o)
                              c:/program files (x86)/atmel/studio/7.0/toolchain/arm/arm-gnu-toolchain/bin/../lib/gcc/arm-none-eabi/6.3.1/../../../../arm-none-eabi/lib/thumb/v7e-m/crt0.o (memset)
c:/program files (x86)/atmel/studio/7.0/toolchain/arm/arm-gnu-toolchain/bin/../lib/gcc/arm-none-eabi/6.3.1/../../../../arm-none-eabi/lib/thumb/v7e-m\libc.a(lib_a-sprintf.o)
                              src/wifi.o (sprintf)
c:/program files (x86)/atmel/studio/7.0/toolchain/arm/arm-gnu-toolchain/bin/../lib/gcc/arm-none-eabi/6.3.1/../../../../arm-none-eabi/lib/thumb/v7e-m\libc.a(lib_a-strstr.o)
                              src/wifi.o (strstr)
c:/program files (x86)/atmel/studio/7.0/toolchain/arm/arm-gnu-toolchain/bin/../lib/gcc/arm-none-eabi/6.3.1/../../../../arm-none-eabi/lib/thumb/v7e-m\libc.a(lib_a-svfprintf.o)
                              c:/program files (x86)/atmel/studio/7.0/toolchain/arm/arm-gnu-toolchain/bin/../lib/gcc/arm-none-eabi/6.3.1/../../../../arm-none-eabi/lib/thumb/v7e-m\libc.a(lib_a-sprintf.o) (_svfprintf_r)
c:/program files (x86)/atmel/studio/7.0/toolchain/arm/arm-gnu-toolchain/bin/../lib/gcc/arm-none-eabi/6.3.1/../../../../arm-none-eabi/lib/thumb/v7e-m\libc.a(lib_a-__call_atexit.o)
                              c:/program files (x86)/atmel/studio/7.0/toolchain/arm/arm-gnu-toolchain/bin/../lib/gcc/arm-none-eabi/6.3.1/../../../../arm-none-eabi/lib/thumb/v7e-m\libc.a(lib_a-exit.o) (__call_exitprocs)
c:/program files (x86)/atmel/studio/7.0/toolchain/arm/arm-gnu-toolchain/bin/../lib/gcc/arm-none-eabi/6.3.1/../../../../arm-none-eabi/lib/thumb/v7e-m\libc.a(lib_a-atexit.o)
                              c:/program files (x86)/atmel/studio/7.0/toolchain/arm/arm-gnu-toolchain/bin/../lib/gcc/arm-none-eabi/6.3.1/../../../../arm-none-eabi/lib/thumb/v7e-m\libc.a(lib_a-__call_atexit.o) (atexit)
c:/program files (x86)/atmel/studio/7.0/toolchain/arm/arm-gnu-toolchain/bin/../lib/gcc/arm-none-eabi/6.3.1/../../../../arm-none-eabi/lib/thumb/v7e-m\libc.a(lib_a-dtoa.o)
                              c:/program files (x86)/atmel/studio/7.0/toolchain/arm/arm-gnu-toolchain/bin/../lib/gcc/arm-none-eabi/6.3.1/../../../../arm-none-eabi/lib/thumb/v7e-m\libc.a(lib_a-svfprintf.o) (_dtoa_r)
c:/program files (x86)/atmel/studio/7.0/toolchain/arm/arm-gnu-toolchain/bin/../lib/gcc/arm-none-eabi/6.3.1/../../../../arm-none-eabi/lib/thumb/v7e-m\libc.a(lib_a-fini.o)
                              c:/program files (x86)/atmel/studio/7.0/toolchain/arm/arm-gnu-toolchain/bin/../lib/gcc/arm-none-eabi/6.3.1/../../../../arm-none-eabi/lib/thumb/v7e-m\libc.a(lib_a-__call_atexit.o) (__libc_fini_array)
c:/program files (x86)/atmel/studio/7.0/toolchain/arm/arm-gnu-toolchain/bin/../lib/gcc/arm-none-eabi/6.3.1/../../../../arm-none-eabi/lib/thumb/v7e-m\libc.a(lib_a-localeconv.o)
                              c:/program files (x86)/atmel/studio/7.0/toolchain/arm/arm-gnu-toolchain/bin/../lib/gcc/arm-none-eabi/6.3.1/../../../../arm-none-eabi/lib/thumb/v7e-m\libc.a(lib_a-svfprintf.o) (_localeconv_r)
c:/program files (x86)/atmel/studio/7.0/toolchain/arm/arm-gnu-toolchain/bin/../lib/gcc/arm-none-eabi/6.3.1/../../../../arm-none-eabi/lib/thumb/v7e-m\libc.a(lib_a-lock.o)
                              c:/program files (x86)/atmel/studio/7.0/toolchain/arm/arm-gnu-toolchain/bin/../lib/gcc/arm-none-eabi/6.3.1/../../../../arm-none-eabi/lib/thumb/v7e-m\libc.a(lib_a-__call_atexit.o) (__retarget_lock_acquire_recursive)
c:/program files (x86)/atmel/studio/7.0/toolchain/arm/arm-gnu-toolchain/bin/../lib/gcc/arm-none-eabi/6.3.1/../../../../arm-none-eabi/lib/thumb/v7e-m\libc.a(lib_a-mallocr.o)
[...]
Memory Configuration

Name             Origin             Length             Attributes
rom              0x00400000         0x00080000         xr
ram              0x20000000         0x00020000         xrw
*default*        0x00000000         0xffffffff

Linker script and memory map

LOAD c:/program files (x86)/atmel/studio/7.0/toolchain/arm/arm-gnu-toolchain/bin/../lib/gcc/arm-none-eabi/6.3.1/thumb/v7e-m/crti.o
LOAD c:/program files (x86)/atmel/studio/7.0/toolchain/arm/arm-gnu-toolchain/bin/../lib/gcc/arm-none-eabi/6.3.1/thumb/v7e-m/crtbegin.o
LOAD c:/program files (x86)/atmel/studio/7.0/toolchain/arm/arm-gnu-toolchain/bin/../lib/gcc/arm-none-eabi/6.3.1/../../../../arm-none-eabi/lib/thumb/v7e-m/crt0.o
LOAD src/ASF/common/services/serial/usart_serial.o
LOAD src/ASF/common/services/spi/sam_spi/spi_master.o
LOAD src/ASF/common/utils/stdio/read.o
LOAD src/ASF/common/utils/stdio/write.o
LOAD src/ASF/sam/drivers/pio/pio_handler.o
LOAD src/ASF/sam/drivers/rtc/rtc.o
LOAD src/ASF/sam/drivers/spi/spi.o
LOAD src/ASF/sam/drivers/tc/tc.o
LOAD src/ASF/sam/drivers/twi/twi.o
LOAD src/ASF/sam/drivers/uart/uart.o
LOAD src/ASF/sam/drivers/usart/usart.o
LOAD src/ASF/sam/drivers/wdt/wdt.o
LOAD src/camera.o
LOAD src/ov2640.o
LOAD src/ov2640_table_registers.o
LOAD src/timer_interface.o
LOAD src/wifi.o
LOAD src/ASF/common/services/delay/sam/cycle_counter.o
LOAD src/ASF/common/services/clock/sam4s/sysclk.o
LOAD src/ASF/sam/drivers/pio/pio.o
LOAD src/ASF/sam/drivers/pmc/pmc.o
LOAD src/ASF/sam/drivers/pmc/sleep.o
LOAD src/ASF/common/boards/user_board/init.o
LOAD src/ASF/common/utils/interrupt/interrupt_sam_nvic.o
LOAD src/ASF/sam/utils/cmsis/sam4s/source/templates/gcc/startup_sam4s.o
LOAD src/ASF/sam/utils/cmsis/sam4s/source/templates/system_sam4s.o
LOAD src/ASF/sam/utils/syscalls/gcc/syscalls.o
LOAD src/main.o
START GROUP
LOAD ../src/ASF/thirdparty/CMSIS/Lib/GCC\libarm_cortexM4l_math.a
LOAD c:/program files (x86)/atmel/studio/7.0/toolchain/arm/arm-gnu-toolchain/bin/../lib/gcc/arm-none-eabi/6.3.1/../../../../arm-none-eabi/lib/thumb/v7e-m\libm.a
END GROUP
START GROUP
LOAD c:/program files (x86)/atmel/studio/7.0/toolchain/arm/arm-gnu-toolchain/bin/../lib/gcc/arm-none-eabi/6.3.1/thumb/v7e-m\libgcc.a
LOAD c:/program files (x86)/atmel/studio/7.0/toolchain/arm/arm-gnu-toolchain/bin/../lib/gcc/arm-none-eabi/6.3.1/../../../../arm-none-eabi/lib/thumb/v7e-m\libc.a
END GROUP
LOAD c:/program files (x86)/atmel/studio/7.0/toolchain/arm/arm-gnu-toolchain/bin/../lib/gcc/arm-none-eabi/6.3.1/thumb/v7e-m/crtend.o
LOAD c:/program files (x86)/atmel/studio/7.0/toolchain/arm/arm-gnu-toolchain/bin/../lib/gcc/arm-none-eabi/6.3.1/thumb/v7e-m/crtn.o
                0x00003000                __stack_size__ = DEFINED (__stack_size__)?__stack_size__:0x3000
                0x2001fffc                __ram_end__ = ((ORIGIN (ram) + LENGTH (ram)) - 0x4)

.text           0x00400000     0x7994
                0x00400000                . = ALIGN (0x4)
                0x00400000                _sfixed = .
 *(.vectors .vectors.*)
 .vectors       0x00400000       0xcc src/ASF/sam/utils/cmsis/sam4s/source/templates/gcc/startup_sam4s.o
                0x00400000                exception_table
 *(.text .text.* .gnu.linkonce.t.*)
 .text          0x004000cc       0x6c c:/program files (x86)/atmel/studio/7.0/toolchain/arm/arm-gnu-toolchain/bin/../lib/gcc/arm-none-eabi/6.3.1/thumb/v7e-m/crtbegin.o
 .text.pio_handler_process
                0x00400138       0x68 src/ASF/sam/drivers/pio/pio_handler.o
                0x00400138                pio_handler_process
 .text.pio_handler_set
                0x004001a0       0x70 src/ASF/sam/drivers/pio/pio_handler.o
                0x004001a0                pio_handler_set
 .text.PIOA_Handler
                0x00400210       0x14 src/ASF/sam/drivers/pio/pio_handler.o
                0x00400210                PIOA_Handler
 .text.PIOB_Handler
                0x00400224       0x14 src/ASF/sam/drivers/pio/pio_handler.o
                0x00400224                PIOB_Handler
 .text.spi_enable_clock
                0x00400238       0x10 src/ASF/sam/drivers/spi/spi.o
                0x00400238                spi_enable_clock
 .text.spi_set_peripheral_chip_select_value
                0x00400248       0x16 src/ASF/sam/drivers/spi/spi.o
                0x00400248                spi_set_peripheral_chip_select_value
 .text.spi_read
                0x0040025e       0x2e src/ASF/sam/drivers/spi/spi.o
                0x0040025e                spi_read
 .text.spi_write
                0x0040028c       0x34 src/ASF/sam/drivers/spi/spi.o
                0x0040028c                spi_write
 .text.spi_set_clock_polarity
                0x004002c0       0x1e src/ASF/sam/drivers/spi/spi.o
                0x004002c0                spi_set_clock_polarity
 .text.spi_set_clock_phase
                0x004002de       0x1e src/ASF/sam/drivers/spi/spi.o
                0x004002de                spi_set_clock_phase
 .text.spi_set_bits_per_transfer
                0x004002fc       0x14 src/ASF/sam/drivers/spi/spi.o
                0x004002fc                spi_set_bits_per_transfer
 .text.tc_init  0x00400310       0x18 src/ASF/sam/drivers/tc/tc.o
                0x00400310                tc_init
 .text.tc_start
                0x00400328        0x8 src/ASF/sam/drivers/tc/tc.o
                0x00400328                tc_start
 .text.tc_write_rc
                0x00400330        0x8 src/ASF/sam/drivers/tc/tc.o
                0x00400330                tc_write_rc
 .text.tc_enable_interrupt
                0x00400338        0x8 src/ASF/sam/drivers/tc/tc.o
                0x00400338                tc_enable_interrupt
 .text.tc_get_status
                0x00400340        0x8 src/ASF/sam/drivers/tc/tc.o
                0x00400340                tc_get_status
 .text.tc_find_mck_divisor
                0x00400348       0x70 src/ASF/sam/drivers/tc/tc.o
                0x00400348                tc_find_mck_divisor
 .text.twi_set_speed
                0x004003b8       0xb8 src/ASF/sam/drivers/twi/twi.o
                0x004003b8                twi_set_speed
 .text.twi_master_init
                0x00400470       0x40 src/ASF/sam/drivers/twi/twi.o
                0x00400470                twi_master_init
 .text.twi_mk_addr
                0x004004b0       0x22 src/ASF/sam/drivers/twi/twi.o
                0x004004b0                twi_mk_addr
 *fill*         0x004004d2        0x2 
 .text.twi_master_read
                0x004004d4       0xc0 src/ASF/sam/drivers/twi/twi.o
                0x004004d4                twi_master_read
 .text.twi_master_write
                0x00400594       0x88 src/ASF/sam/drivers/twi/twi.o
                0x00400594                twi_master_write
 .text.usart_set_async_baudrate
                0x0040061c       0x58 src/ASF/sam/drivers/usart/usart.o
                0x0040061c                usart_set_async_baudrate
 .text.usart_reset
                0x00400674       0x30 src/ASF/sam/drivers/usart/usart.o
                0x00400674                usart_reset
 .text.usart_init_rs232
                0x004006a4       0x54 src/ASF/sam/drivers/usart/usart.o
                0x004006a4                usart_init_rs232
 .text.usart_enable_tx
                0x004006f8        0x6 src/ASF/sam/drivers/usart/usart.o
                0x004006f8                usart_enable_tx
 .text.usart_enable_rx
                0x004006fe        0x6 src/ASF/sam/drivers/usart/usart.o
                0x004006fe                usart_enable_rx
 .text.usart_enable_interrupt
                0x00400704        0x4 src/ASF/sam/drivers/usart/usart.o
                0x00400704                usart_enable_interrupt
 .text.usart_disable_interrupt
                0x00400708        0x4 src/ASF/sam/drivers/usart/usart.o
                0x00400708                usart_disable_interrupt
 .text.usart_get_status
                0x0040070c        0x4 src/ASF/sam/drivers/usart/usart.o
                0x0040070c                usart_get_status
 .text.usart_putchar
                0x00400710       0x12 src/ASF/sam/drivers/usart/usart.o
                0x00400710                usart_putchar
 *fill*         0x00400722        0x2 
 .text.usart_write_line
                0x00400724       0x20 src/ASF/sam/drivers/usart/usart.o
                0x00400724                usart_write_line
 .text.usart_read
                0x00400744       0x18 src/ASF/sam/drivers/usart/usart.o
                0x00400744                usart_read
 .text.wdt_disable
                0x0040075c        0x8 src/ASF/sam/drivers/wdt/wdt.o
                0x0040075c                wdt_disable
 .text.vsync_handler
                0x00400764        0xc src/camera.o
                0x00400764                vsync_handler
 .text.init_vsync_interrupts
                0x00400770       0x34 src/camera.o
                0x00400770                init_vsync_interrupts
 .text.configure_twi
                0x004007a4       0x58 src/camera.o
                0x004007a4                configure_twi
 .text.configure_camera
                0x004007fc       0x38 src/camera.o
                0x004007fc                configure_camera
 .text.pio_capture_init
                0x00400834       0x58 src/camera.o
                0x00400834                pio_capture_init
 .text.init_camera
                0x0040088c       0x60 src/camera.o
                0x0040088c                init_camera
 .text.pio_capture_to_buffer
                0x004008ec       0x34 src/camera.o
                0x004008ec                pio_capture_to_buffer
 .text.find_image_len
                0x00400920       0x98 src/camera.o
                0x00400920                find_image_len
 .text.start_capture
                0x004009b8       0xa4 src/camera.o
                0x004009b8                start_capture
 .text.ov_read_reg
                0x00400a5c        0xc src/ov2640.o
                0x00400a5c                ov_read_reg
 .text.ov_write_reg
                0x00400a68        0xc src/ov2640.o
                0x00400a68                ov_write_reg
 .text.ov_write_regs
                0x00400a74       0x5c src/ov2640.o
                0x00400a74                ov_write_regs
 .text.ov_init  0x00400ad0      0x13c src/ov2640.o
                0x00400ad0                ov_init
 .text.ov_configure
                0x00400c0c       0xbc src/ov2640.o
                0x00400c0c                ov_configure
 .text.TC0_Handler
                0x00400cc8       0x28 src/timer_interface.o
                0x00400cc8                TC0_Handler
 .text.configure_tc
                0x00400cf0       0x7c src/timer_interface.o
                0x00400cf0                configure_tc
 .text.wifi_provision_handler
                0x00400d6c        0xc src/wifi.o
                0x00400d6c                wifi_provision_handler
 .text.process_incoming_byte_wifi
                0x00400d78       0x18 src/wifi.o
                0x00400d78                process_incoming_byte_wifi
 .text.USART0_Handler
                0x00400d90       0x44 src/wifi.o
                0x00400d90                USART0_Handler
 .text.process_data_wifi
                0x00400dd4       0x24 src/wifi.o
                0x00400dd4                process_data_wifi
 .text.wifi_command_response_handler
                0x00400df8       0x34 src/wifi.o
                0x00400df8                wifi_command_response_handler
 .text.configure_usart
                0x00400e2c       0x78 src/wifi.o
                0x00400e2c                configure_usart
 .text.configure_wifi_comm_pin
                0x00400ea4       0x4c src/wifi.o
                0x00400ea4                configure_wifi_comm_pin
 .text.write_wifi_command
                0x00400ef0       0x64 src/wifi.o
                0x00400ef0                write_wifi_command
 .text.configure_wifi_provision_pin
                0x00400f54       0x4c src/wifi.o
                0x00400f54                configure_wifi_provision_pin
 .text.SPI_Handler
                0x00400fa0       0x6c src/wifi.o
                0x00400fa0                SPI_Handler
 .text.spi_peripheral_initialize
                0x0040100c       0x68 src/wifi.o
                0x0040100c                spi_peripheral_initialize
 .text.prepare_spi_transfer
                0x00401074       0x3c src/wifi.o
                0x00401074                prepare_spi_transfer
 .text.configure_spi
                0x004010b0       0x38 src/wifi.o
                0x004010b0                configure_spi
 .text.write_image_to_web
                0x004010e8       0x40 src/wifi.o
                0x004010e8                write_image_to_web
 .text.sysclk_init
                0x00401128       0x64 src/ASF/common/services/clock/sam4s/sysclk.o
                0x00401128                sysclk_init
 .text.pio_set_peripheral
                0x0040118c       0x90 src/ASF/sam/drivers/pio/pio.o
                0x0040118c                pio_set_peripheral
 .text.pio_set_input
                0x0040121c       0x32 src/ASF/sam/drivers/pio/pio.o
                0x0040121c                pio_set_input
 .text.pio_set_output
                0x0040124e       0x26 src/ASF/sam/drivers/pio/pio.o
                0x0040124e                pio_set_output
 .text.pio_configure_interrupt
                0x00401274       0x2e src/ASF/sam/drivers/pio/pio.o
                0x00401274                pio_configure_interrupt
 .text.pio_enable_interrupt
                0x004012a2        0x4 src/ASF/sam/drivers/pio/pio.o
                0x004012a2                pio_enable_interrupt
 .text.pio_disable_interrupt
                0x004012a6        0x4 src/ASF/sam/drivers/pio/pio.o
                0x004012a6                pio_disable_interrupt
 .text.pio_get_interrupt_status
                0x004012aa        0x4 src/ASF/sam/drivers/pio/pio.o
                0x004012aa                pio_get_interrupt_status
 .text.pio_get_interrupt_mask
                0x004012ae        0x4 src/ASF/sam/drivers/pio/pio.o
                0x004012ae                pio_get_interrupt_mask
 *fill*         0x004012b2        0x2 
 .text.pio_configure_pin
                0x004012b4      0x120 src/ASF/sam/drivers/pio/pio.o
                0x004012b4                pio_configure_pin
 .text.pio_capture_enable
                0x004013d4       0x18 src/ASF/sam/drivers/pio/pio.o
                0x004013d4                pio_capture_enable
 .text.pio_capture_disable
                0x004013ec       0x18 src/ASF/sam/drivers/pio/pio.o
                0x004013ec                pio_capture_disable
 .text.pmc_switch_mck_to_pllack
                0x00401404       0x64 src/ASF/sam/drivers/pmc/pmc.o
                0x00401404                pmc_switch_mck_to_pllack
 .text.pmc_switch_mainck_to_xtal
                0x00401468       0x54 src/ASF/sam/drivers/pmc/pmc.o
                0x00401468                pmc_switch_mainck_to_xtal
 .text.pmc_osc_is_ready_mainck
                0x004014bc       0x10 src/ASF/sam/drivers/pmc/pmc.o
                0x004014bc                pmc_osc_is_ready_mainck
 .text.pmc_disable_pllack
                0x004014cc       0x10 src/ASF/sam/drivers/pmc/pmc.o
                0x004014cc                pmc_disable_pllack
 .text.pmc_is_locked_pllack
                0x004014dc       0x10 src/ASF/sam/drivers/pmc/pmc.o
                0x004014dc                pmc_is_locked_pllack
 .text.pmc_enable_pllbck
                0x004014ec       0x34 src/ASF/sam/drivers/pmc/pmc.o
                0x004014ec                pmc_enable_pllbck
 .text.pmc_enable_periph_clk
                0x00401520       0x54 src/ASF/sam/drivers/pmc/pmc.o
                0x00401520                pmc_enable_periph_clk
 .text.board_init
                0x00401574       0x9c src/ASF/common/boards/user_board/init.o
                0x00401574                board_init
 .text.Dummy_Handler
                0x00401610        0x2 src/ASF/sam/utils/cmsis/sam4s/source/templates/gcc/startup_sam4s.o
                0x00401610                DACC_Handler
                0x00401610                DebugMon_Handler
                0x00401610                HardFault_Handler
                0x00401610                TC2_Handler
                0x00401610                SysTick_Handler
                0x00401610                TWI1_Handler
                0x00401610                PendSV_Handler
                0x00401610                NMI_Handler
                0x00401610                ADC_Handler
                0x00401610                CRCCU_Handler
                0x00401610                RTT_Handler
                0x00401610                RTC_Handler
                0x00401610                UsageFault_Handler
                0x00401610                WDT_Handler
                0x00401610                TC1_Handler
                0x00401610                HSMCI_Handler
                0x00401610                UART1_Handler
                0x00401610                Dummy_Handler
                0x00401610                TWI0_Handler
                0x00401610                USART1_Handler
                0x00401610                SSC_Handler
                0x00401610                EFC0_Handler
                0x00401610                ACC_Handler
                0x00401610                PMC_Handler
                0x00401610                PWM_Handler
                0x00401610                MemManage_Handler
                0x00401610                SUPC_Handler
                0x00401610                SVC_Handler
                0x00401610                UART0_Handler
                0x00401610                UDP_Handler
                0x00401610                BusFault_Handler
                0x00401610                RSTC_Handler
 *fill*         0x00401612        0x2 
 .text.Reset_Handler
                0x00401614       0xac src/ASF/sam/utils/cmsis/sam4s/source/templates/gcc/startup_sam4s.o
                0x00401614                Reset_Handler
 .text.SystemCoreClockUpdate
                0x004016c0      0x110 src/ASF/sam/utils/cmsis/sam4s/source/templates/system_sam4s.o
                0x004016c0                SystemCoreClockUpdate
 .text.system_init_flash
                0x004017d0       0x74 src/ASF/sam/utils/cmsis/sam4s/source/templates/system_sam4s.o
                0x004017d0                system_init_flash
 .text._sbrk    0x00401844       0x38 src/ASF/sam/utils/syscalls/gcc/syscalls.o
                0x00401844                _sbrk
 .text.main     0x0040187c      0x268 src/main.o
                0x0040187c                main
 .text.__libc_init_array
                0x00401ae4       0x50 c:/program files (x86)/atmel/studio/7.0/toolchain/arm/arm-gnu-toolchain/bin/../lib/gcc/arm-none-eabi/6.3.1/../../../../arm-none-eabi/lib/thumb/v7e-m\libc.a(lib_a-init.o)
                0x00401ae4                __libc_init_array
 .text.memset   0x00401b34       0x9c c:/program files (x86)/atmel/studio/7.0/toolchain/arm/arm-gnu-toolchain/bin/../lib/gcc/arm-none-eabi/6.3.1/../../../../arm-none-eabi/lib/thumb/v7e-m\libc.a(lib_a-memset.o)
                0x00401b34                memset
 .text.sprintf  0x00401bd0       0x4c c:/program files (x86)/atmel/studio/7.0/toolchain/arm/arm-gnu-toolchain/bin/../lib/gcc/arm-none-eabi/6.3.1/../../../../arm-none-eabi/lib/thumb/v7e-m\libc.a(lib_a-sprintf.o)
                0x00401bd0                sprintf
 .text.critical_factorization
                0x00401c1c       0xb4 c:/program files (x86)/atmel/studio/7.0/toolchain/arm/arm-gnu-toolchain/bin/../lib/gcc/arm-none-eabi/6.3.1/../../../../arm-none-eabi/lib/thumb/v7e-m\libc.a(lib_a-strstr.o)
 .text.two_way_long_needle
                0x00401cd0      0x1fc c:/program files (x86)/atmel/studio/7.0/toolchain/arm/arm-gnu-toolchain/bin/../lib/gcc/arm-none-eabi/6.3.1/../../../../arm-none-eabi/lib/thumb/v7e-m\libc.a(lib_a-strstr.o)
 .text.strstr   0x00401ecc      0x218 c:/program files (x86)/atmel/studio/7.0/toolchain/arm/arm-gnu-toolchain/bin/../lib/gcc/arm-none-eabi/6.3.1/../../../../arm-none-eabi/lib/thumb/v7e-m\libc.a(lib_a-strstr.o)
                0x00401ecc                strstr
 .text._svfprintf_r
                0x004020e4     0x145c c:/program files (x86)/atmel/studio/7.0/toolchain/arm/arm-gnu-toolchain/bin/../lib/gcc/arm-none-eabi/6.3.1/../../../../arm-none-eabi/lib/thumb/v7e-m\libc.a(lib_a-svfprintf.o)
                0x004020e4                _svfprintf_r
 .text.startup.register_fini
                0x00403540       0x14 c:/program files (x86)/atmel/studio/7.0/toolchain/arm/arm-gnu-toolchain/bin/../lib/gcc/arm-none-eabi/6.3.1/../../../../arm-none-eabi/lib/thumb/v7e-m\libc.a(lib_a-__call_atexit.o)
 .text.atexit   0x00403554        0xc c:/program files (x86)/atmel/studio/7.0/toolchain/arm/arm-gnu-toolchain/bin/../lib/gcc/arm-none-eabi/6.3.1/../../../../arm-none-eabi/lib/thumb/v7e-m\libc.a(lib_a-atexit.o)
                0x00403554                atexit
 .text.quorem   0x00403560      0x128 c:/program files (x86)/atmel/studio/7.0/toolchain/arm/arm-gnu-toolchain/bin/../lib/gcc/arm-none-eabi/6.3.1/../../../../arm-none-eabi/lib/thumb/v7e-m\libc.a(lib_a-dtoa.o)
 .text._dtoa_r  0x00403688      0xe54 c:/program files (x86)/atmel/studio/7.0/toolchain/arm/arm-gnu-toolchain/bin/../lib/gcc/arm-none-eabi/6.3.1/../../../../arm-none-eabi/lib/thumb/v7e-m\libc.a(lib_a-dtoa.o)
                0x00403688                _dtoa_r
 .text.__libc_fini_array
                0x004044dc       0x34 c:/program files (x86)/atmel/studio/7.0/toolchain/arm/arm-gnu-toolchain/bin/../lib/gcc/arm-none-eabi/6.3.1/../../../../arm-none-eabi/lib/thumb/v7e-m\libc.a(lib_a-fini.o)
                0x004044dc                __libc_fini_array
 .text._localeconv_r
                0x00404510       0x1c c:/program files (x86)/atmel/studio/7.0/toolchain/arm/arm-gnu-toolchain/bin/../lib/gcc/arm-none-eabi/6.3.1/../../../../arm-none-eabi/lib/thumb/v7e-m\libc.a(lib_a-localeconv.o)
                0x00404510                _localeconv_r
 .text.__retarget_lock_acquire_recursive
                0x0040452c        0x4 c:/program files (x86)/atmel/studio/7.0/toolchain/arm/arm-gnu-toolchain/bin/../lib/gcc/arm-none-eabi/6.3.1/../../../../arm-none-eabi/lib/thumb/v7e-m\libc.a(lib_a-lock.o)
                0x0040452c                __retarget_lock_acquire_recursive
 .text.__retarget_lock_release_recursive
                0x00404530        0x4 c:/program files (x86)/atmel/studio/7.0/toolchain/arm/arm-gnu-toolchain/bin/../lib/gcc/arm-none-eabi/6.3.1/../../../../arm-none-eabi/lib/thumb/v7e-m\libc.a(lib_a-lock.o)
                0x00404530                __retarget_lock_release_recursive
 .text._malloc_r
                0x00404534      0x560 c:/program files (x86)/atmel/studio/7.0/toolchain/arm/arm-gnu-toolchain/bin/../lib/gcc/arm-none-eabi/6.3.1/../../../../arm-none-eabi/lib/thumb/v7e-m\libc.a(lib_a-mallocr.o)
                0x00404534                _malloc_r
 *fill*         0x00404a94        0xc 
 .text          0x00404aa0       0xa0 c:/program files (x86)/atmel/studio/7.0/toolchain/arm/arm-gnu-toolchain/bin/../lib/gcc/arm-none-eabi/6.3.1/../../../../arm-none-eabi/lib/thumb/v7e-m\libc.a(lib_a-memchr.o)
                0x00404aa0                memchr
 .text.memcmp   0x00404b40       0x60 c:/program files (x86)/atmel/studio/7.0/toolchain/arm/arm-gnu-toolchain/bin/../lib/gcc/arm-none-eabi/6.3.1/../../../../arm-none-eabi/lib/thumb/v7e-m\libc.a(lib_a-memcmp.o)
                0x00404b40                memcmp
 .text          0x00404ba0      0x134 c:/program files (x86)/atmel/studio/7.0/toolchain/arm/arm-gnu-toolchain/bin/../lib/gcc/arm-none-eabi/6.3.1/../../../../arm-none-eabi/lib/thumb/v7e-m\libc.a(lib_a-memcpy.o)
                0x00404ba0                memcpy
 .text.__malloc_lock
                0x00404cd4        0xc c:/program files (x86)/atmel/studio/7.0/toolchain/arm/arm-gnu-toolchain/bin/../lib/gcc/arm-none-eabi/6.3.1/../../../../arm-none-eabi/lib/thumb/v7e-m\libc.a(lib_a-mlock.o)
                0x00404cd4                __malloc_lock
 .text.__malloc_unlock
                0x00404ce0        0xc c:/program files (x86)/atmel/studio/7.0/toolchain/arm/arm-gnu-toolchain/bin/../lib/gcc/arm-none-eabi/6.3.1/../../../../arm-none-eabi/lib/thumb/v7e-m\libc.a(lib_a-mlock.o)
                0x00404ce0                __malloc_unlock
 .text._Balloc  0x00404cec       0x4c c:/program files (x86)/atmel/studio/7.0/toolchain/arm/arm-gnu-toolchain/bin/../lib/gcc/arm-none-eabi/6.3.1/../../../../arm-none-eabi/lib/thumb/v7e-m\libc.a(lib_a-mprec.o)
                0x00404cec                _Balloc
 .text._Bfree   0x00404d38       0x14 c:/program files (x86)/atmel/studio/7.0/toolchain/arm/arm-gnu-toolchain/bin/../lib/gcc/arm-none-eabi/6.3.1/../../../../arm-none-eabi/lib/thumb/v7e-m\libc.a(lib_a-mprec.o)
                0x00404d38                _Bfree
 .text.__multadd
                0x00404d4c       0x80 c:/program files (x86)/atmel/studio/7.0/toolchain/arm/arm-gnu-toolchain/bin/../lib/gcc/arm-none-eabi/6.3.1/../../../../arm-none-eabi/lib/thumb/v7e-m\libc.a(lib_a-mprec.o)
                0x00404d4c                __multadd
 .text.__hi0bits
                0x00404dcc       0x40 c:/program files (x86)/atmel/studio/7.0/toolchain/arm/arm-gnu-toolchain/bin/../lib/gcc/arm-none-eabi/6.3.1/../../../../arm-none-eabi/lib/thumb/v7e-m\libc.a(lib_a-mprec.o)
                0x00404dcc                __hi0bits
 .text.__lo0bits
                0x00404e0c       0x60 c:/program files (x86)/atmel/studio/7.0/toolchain/arm/arm-gnu-toolchain/bin/../lib/gcc/arm-none-eabi/6.3.1/../../../../arm-none-eabi/lib/thumb/v7e-m\libc.a(lib_a-mprec.o)
                0x00404e0c                __lo0bits
 .text.__i2b    0x00404e6c       0x14 c:/program files (x86)/atmel/studio/7.0/toolchain/arm/arm-gnu-toolchain/bin/../lib/gcc/arm-none-eabi/6.3.1/../../../../arm-none-eabi/lib/thumb/v7e-m\libc.a(lib_a-mprec.o)
                0x00404e6c                __i2b
 .text.__multiply
                0x00404e80      0x124 c:/program files (x86)/atmel/studio/7.0/toolchain/arm/arm-gnu-toolchain/bin/../lib/gcc/arm-none-eabi/6.3.1/../../../../arm-none-eabi/lib/thumb/v7e-m\libc.a(lib_a-mprec.o)
                0x00404e80                __multiply
 .text.__pow5mult
                0x00404fa4       0xa0 c:/program files (x86)/atmel/studio/7.0/toolchain/arm/arm-gnu-toolchain/bin/../lib/gcc/arm-none-eabi/6.3.1/../../../../arm-none-eabi/lib/thumb/v7e-m\libc.a(lib_a-mprec.o)
                0x00404fa4                __pow5mult
 .text.__lshift
                0x00405044       0xa4 c:/program files (x86)/atmel/studio/7.0/toolchain/arm/arm-gnu-toolchain/bin/../lib/gcc/arm-none-eabi/6.3.1/../../../../arm-none-eabi/lib/thumb/v7e-m\libc.a(lib_a-mprec.o)
                0x00405044                __lshift
 .text.__mcmp   0x004050e8       0x38 c:/program files (x86)/atmel/studio/7.0/toolchain/arm/arm-gnu-toolchain/bin/../lib/gcc/arm-none-eabi/6.3.1/../../../../arm-none-eabi/lib/thumb/v7e-m\libc.a(lib_a-mprec.o)
                0x004050e8                __mcmp
 .text.__mdiff  0x00405120      0x108 c:/program files (x86)/atmel/studio/7.0/toolchain/arm/arm-gnu-toolchain/bin/../lib/gcc/arm-none-eabi/6.3.1/../../../../arm-none-eabi/lib/thumb/v7e-m\libc.a(lib_a-mprec.o)
                0x00405120                __mdiff
 .text.__d2b    0x00405228       0xb8 c:/program files (x86)/atmel/studio/7.0/toolchain/arm/arm-gnu-toolchain/bin/../lib/gcc/arm-none-eabi/6.3.1/../../../../arm-none-eabi/lib/thumb/v7e-m\libc.a(lib_a-mprec.o)
                0x00405228                __d2b
 .text._sbrk_r  0x004052e0       0x24 c:/program files (x86)/atmel/studio/7.0/toolchain/arm/arm-gnu-toolchain/bin/../lib/gcc/arm-none-eabi/6.3.1/../../../../arm-none-eabi/lib/thumb/v7e-m\libc.a(lib_a-sbrkr.o)
                0x004052e0                _sbrk_r
 .text.strchr   0x00405304       0xe8 c:/program files (x86)/atmel/studio/7.0/toolchain/arm/arm-gnu-toolchain/bin/../lib/gcc/arm-none-eabi/6.3.1/../../../../arm-none-eabi/lib/thumb/v7e-m\libc.a(lib_a-strchr.o)
                0x00405304                strchr
 *fill*         0x004053ec       0x14 
 .text          0x00405400       0xdc c:/program files (x86)/atmel/studio/7.0/toolchain/arm/arm-gnu-toolchain/bin/../lib/gcc/arm-none-eabi/6.3.1/../../../../arm-none-eabi/lib/thumb/v7e-m\libc.a(lib_a-strlen.o)
                0x00405400                strlen
 .text.__ssprint_r
                0x004054dc       0xfc c:/program files (x86)/atmel/studio/7.0/toolchain/arm/arm-gnu-toolchain/bin/../lib/gcc/arm-none-eabi/6.3.1/../../../../arm-none-eabi/lib/thumb/v7e-m\libc.a(lib_a-svfiprintf.o)
                0x004054dc                __ssprint_r
 .text.__register_exitproc
                0x004055d8       0xc4 c:/program files (x86)/atmel/studio/7.0/toolchain/arm/arm-gnu-toolchain/bin/../lib/gcc/arm-none-eabi/6.3.1/../../../../arm-none-eabi/lib/thumb/v7e-m\libc.a(lib_a-__atexit.o)
                0x004055d8                __register_exitproc
 .text._calloc_r
                0x0040569c       0x60 c:/program files (x86)/atmel/studio/7.0/toolchain/arm/arm-gnu-toolchain/bin/../lib/gcc/arm-none-eabi/6.3.1/../../../../arm-none-eabi/lib/thumb/v7e-m\libc.a(lib_a-callocr.o)
                0x0040569c                _calloc_r
 .text._malloc_trim_r
                0x004056fc       0xa0 c:/program files (x86)/atmel/studio/7.0/toolchain/arm/arm-gnu-toolchain/bin/../lib/gcc/arm-none-eabi/6.3.1/../../../../arm-none-eabi/lib/thumb/v7e-m\libc.a(lib_a-freer.o)
                0x004056fc                _malloc_trim_r
 .text._free_r  0x0040579c      0x1cc c:/program files (x86)/atmel/studio/7.0/toolchain/arm/arm-gnu-toolchain/bin/../lib/gcc/arm-none-eabi/6.3.1/../../../../arm-none-eabi/lib/thumb/v7e-m\libc.a(lib_a-freer.o)
                0x0040579c                _free_r
 .text.__ascii_mbtowc
                0x00405968       0x2c c:/program files (x86)/atmel/studio/7.0/toolchain/arm/arm-gnu-toolchain/bin/../lib/gcc/arm-none-eabi/6.3.1/../../../../arm-none-eabi/lib/thumb/v7e-m\libc.a(lib_a-mbtowc_r.o)
                0x00405968                __ascii_mbtowc
 .text.memmove  0x00405994       0xc8 c:/program files (x86)/atmel/studio/7.0/toolchain/arm/arm-gnu-toolchain/bin/../lib/gcc/arm-none-eabi/6.3.1/../../../../arm-none-eabi/lib/thumb/v7e-m\libc.a(lib_a-memmove.o)
                0x00405994                memmove
 .text._realloc_r
                0x00405a5c      0x34c c:/program files (x86)/atmel/studio/7.0/toolchain/arm/arm-gnu-toolchain/bin/../lib/gcc/arm-none-eabi/6.3.1/../../../../arm-none-eabi/lib/thumb/v7e-m\libc.a(lib_a-reallocr.o)
                0x00405a5c                _realloc_r
 .text.__ascii_wctomb
                0x00405da8       0x1c c:/program files (x86)/atmel/studio/7.0/toolchain/arm/arm-gnu-toolchain/bin/../lib/gcc/arm-none-eabi/6.3.1/../../../../arm-none-eabi/lib/thumb/v7e-m\libc.a(lib_a-wctomb_r.o)
                0x00405da8                __ascii_wctomb
 .text          0x00405dc4      0x370 c:/program files (x86)/atmel/studio/7.0/toolchain/arm/arm-gnu-toolchain/bin/../lib/gcc/arm-none-eabi/6.3.1/thumb/v7e-m\libgcc.a(_arm_addsubdf3.o)
                0x00405dc4                __aeabi_drsub
                0x00405dcc                __aeabi_dsub
                0x00405dcc                __subdf3
                0x00405dd0                __aeabi_dadd
                0x00405dd0                __adddf3
                0x00406048                __floatunsidf
                0x00406048                __aeabi_ui2d
                0x00406068                __floatsidf
                0x00406068                __aeabi_i2d
                0x0040608c                __aeabi_f2d
                0x0040608c                __extendsfdf2
                0x004060c8                __floatundidf
                0x004060c8                __aeabi_ul2d
                0x004060d8                __floatdidf
                0x004060d8                __aeabi_l2d
 .text          0x00406134      0x424 c:/program files (x86)/atmel/studio/7.0/toolchain/arm/arm-gnu-toolchain/bin/../lib/gcc/arm-none-eabi/6.3.1/thumb/v7e-m\libgcc.a(_arm_muldivdf3.o)
                0x00406134                __aeabi_dmul
                0x00406134                __muldf3
                0x00406388                __divdf3
                0x00406388                __aeabi_ddiv
 .text          0x00406558      0x110 c:/program files (x86)/atmel/studio/7.0/toolchain/arm/arm-gnu-toolchain/bin/../lib/gcc/arm-none-eabi/6.3.1/thumb/v7e-m\libgcc.a(_arm_cmpdf2.o)
                0x00406558                __gtdf2
                0x00406558                __gedf2
                0x00406560                __ltdf2
                0x00406560                __ledf2
                0x00406568                __nedf2
                0x00406568                __eqdf2
                0x00406568                __cmpdf2
                0x004065e4                __aeabi_cdrcmple
                0x004065f4                __aeabi_cdcmpeq
                0x004065f4                __aeabi_cdcmple
                0x00406604                __aeabi_dcmpeq
                0x00406618                __aeabi_dcmplt
                0x0040662c                __aeabi_dcmple
                0x00406640                __aeabi_dcmpge
                0x00406654                __aeabi_dcmpgt
 .text          0x00406668       0x2c c:/program files (x86)/atmel/studio/7.0/toolchain/arm/arm-gnu-toolchain/bin/../lib/gcc/arm-none-eabi/6.3.1/thumb/v7e-m\libgcc.a(_arm_unorddf2.o)
                0x00406668                __unorddf2
                0x00406668                __aeabi_dcmpun
 .text          0x00406694       0x50 c:/program files (x86)/atmel/studio/7.0/toolchain/arm/arm-gnu-toolchain/bin/../lib/gcc/arm-none-eabi/6.3.1/thumb/v7e-m\libgcc.a(_arm_fixdfsi.o)
                0x00406694                __aeabi_d2iz
                0x00406694                __fixdfsi
 .text          0x004066e4       0x30 c:/program files (x86)/atmel/studio/7.0/toolchain/arm/arm-gnu-toolchain/bin/../lib/gcc/arm-none-eabi/6.3.1/thumb/v7e-m\libgcc.a(_aeabi_uldivmod.o)
                0x004066e4                __aeabi_uldivmod
 .text          0x00406714      0x2dc c:/program files (x86)/atmel/studio/7.0/toolchain/arm/arm-gnu-toolchain/bin/../lib/gcc/arm-none-eabi/6.3.1/thumb/v7e-m\libgcc.a(_udivmoddi4.o)
                0x00406714                __udivmoddi4
 .text          0x004069f0        0x4 c:/program files (x86)/atmel/studio/7.0/toolchain/arm/arm-gnu-toolchain/bin/../lib/gcc/arm-none-eabi/6.3.1/thumb/v7e-m\libgcc.a(_dvmd_tls.o)
                0x004069f0                __aeabi_idiv0
                0x004069f0                __aeabi_ldiv0
 *(.glue_7t)
 .glue_7t       0x004069f4        0x0 linker stubs
 *(.glue_7)
 .glue_7        0x004069f4        0x0 linker stubs
 *(.rodata .rodata* .gnu.linkonce.r.*)
 .rodata.OV2640_JPEG
                0x004069f4       0x12 src/ov2640_table_registers.o
                0x004069f4                OV2640_JPEG
 *fill*         0x00406a06        0x2 
 .rodata.OV2640_JPEG_1024x768
                0x00406a08       0x4e src/ov2640_table_registers.o
                0x00406a08                OV2640_JPEG_1024x768
 *fill*         0x00406a56        0x2 
 .rodata.OV2640_JPEG_1280x1024
                0x00406a58       0x52 src/ov2640_table_registers.o
                0x00406a58                OV2640_JPEG_1280x1024
 *fill*         0x00406aaa        0x2 
 .rodata.OV2640_JPEG_1600x1200
                0x00406aac       0x52 src/ov2640_table_registers.o
                0x00406aac                OV2640_JPEG_1600x1200
 *fill*         0x00406afe        0x2 
 .rodata.OV2640_JPEG_320x240
                0x00406b00       0x50 src/ov2640_table_registers.o
                0x00406b00                OV2640_JPEG_320x240
 .rodata.OV2640_JPEG_640x480
                0x00406b50       0x52 src/ov2640_table_registers.o
                0x00406b50                OV2640_JPEG_640x480
 *fill*         0x00406ba2        0x2 
 .rodata.OV2640_JPEG_800x600
                0x00406ba4       0x52 src/ov2640_table_registers.o
                0x00406ba4                OV2640_JPEG_800x600
 *fill*         0x00406bf6        0x2 
 .rodata.OV2640_JPEG_INIT
                0x00406bf8      0x17e src/ov2640_table_registers.o
                0x00406bf8                OV2640_JPEG_INIT
 *fill*         0x00406d76        0x2 
 .rodata.OV2640_QQVGA_RGB888
                0x00406d78       0xf4 src/ov2640_table_registers.o
                0x00406d78                OV2640_QQVGA_RGB888
 .rodata.OV2640_QQVGA_YUV422
                0x00406e6c       0xf4 src/ov2640_table_registers.o
                0x00406e6c                OV2640_QQVGA_YUV422
 .rodata.OV2640_QVGA_RGB888
                0x00406f60       0xf4 src/ov2640_table_registers.o
                0x00406f60                OV2640_QVGA_RGB888
 .rodata.OV2640_QVGA_YUV422_10FPS
                0x00407054       0xf0 src/ov2640_table_registers.o
                0x00407054                OV2640_QVGA_YUV422_10FPS
 .rodata.OV2640_QVGA_YUV422_15FPS
                0x00407144       0xf0 src/ov2640_table_registers.o
                0x00407144                OV2640_QVGA_YUV422_15FPS
 .rodata.OV2640_QVGA_YUV422_20FPS
                0x00407234       0xf0 src/ov2640_table_registers.o
                0x00407234                OV2640_QVGA_YUV422_20FPS
 .rodata.OV2640_QVGA_YUV422_30FPS
                0x00407324       0xf0 src/ov2640_table_registers.o
                0x00407324                OV2640_QVGA_YUV422_30FPS
 .rodata.OV2640_TEST_PATTERN
                0x00407414       0xf4 src/ov2640_table_registers.o
                0x00407414                OV2640_TEST_PATTERN
 .rodata.OV2640_VGA_YUV422_20FPS
                0x00407508       0xf0 src/ov2640_table_registers.o
                0x00407508                OV2640_VGA_YUV422_20FPS
 .rodata.OV2640_YUV422
                0x004075f8       0x14 src/ov2640_table_registers.o
                0x004075f8                OV2640_YUV422
 .rodata        0x0040760c       0x18 src/wifi.o
 .rodata.process_data_wifi.str1.4
                0x00407624        0x8 src/wifi.o
 .rodata.write_image_to_web.str1.4
                0x0040762c        0xe src/wifi.o
 *fill*         0x0040763a        0x2 
 .rodata.write_wifi_command.str1.4
                0x0040763c        0x5 src/wifi.o
 *fill*         0x00407641        0x3 
 .rodata.main.str1.4
                0x00407644       0x9d src/main.o
 *fill*         0x004076e1        0x3 
 .rodata._global_impure_ptr
                0x004076e4        0x4 c:/program files (x86)/atmel/studio/7.0/toolchain/arm/arm-gnu-toolchain/bin/../lib/gcc/arm-none-eabi/6.3.1/../../../../arm-none-eabi/lib/thumb/v7e-m\libc.a(lib_a-impure.o)
                0x004076e4                _global_impure_ptr
 .rodata._svfprintf_r.str1.4
                0x004076e8       0x42 c:/program files (x86)/atmel/studio/7.0/toolchain/arm/arm-gnu-toolchain/bin/../lib/gcc/arm-none-eabi/6.3.1/../../../../arm-none-eabi/lib/thumb/v7e-m\libc.a(lib_a-svfprintf.o)
 *fill*         0x0040772a        0x2 
 .rodata.blanks.7223
                0x0040772c       0x10 c:/program files (x86)/atmel/studio/7.0/toolchain/arm/arm-gnu-toolchain/bin/../lib/gcc/arm-none-eabi/6.3.1/../../../../arm-none-eabi/lib/thumb/v7e-m\libc.a(lib_a-svfprintf.o)
 .rodata.zeroes.7224
                0x0040773c       0x10 c:/program files (x86)/atmel/studio/7.0/toolchain/arm/arm-gnu-toolchain/bin/../lib/gcc/arm-none-eabi/6.3.1/../../../../arm-none-eabi/lib/thumb/v7e-m\libc.a(lib_a-svfprintf.o)
 .rodata._dtoa_r.str1.4
                0x0040774c       0x10 c:/program files (x86)/atmel/studio/7.0/toolchain/arm/arm-gnu-toolchain/bin/../lib/gcc/arm-none-eabi/6.3.1/../../../../arm-none-eabi/lib/thumb/v7e-m\libc.a(lib_a-dtoa.o)
                                 0x12 (size before relaxing)
 *fill*         0x0040775c        0x4 
 .rodata.__mprec_bigtens
                0x00407760       0x28 c:/program files (x86)/atmel/studio/7.0/toolchain/arm/arm-gnu-toolchain/bin/../lib/gcc/arm-none-eabi/6.3.1/../../../../arm-none-eabi/lib/thumb/v7e-m\libc.a(lib_a-mprec.o)
                0x00407760                __mprec_bigtens
 .rodata.__mprec_tens
                0x00407788       0xc8 c:/program files (x86)/atmel/studio/7.0/toolchain/arm/arm-gnu-toolchain/bin/../lib/gcc/arm-none-eabi/6.3.1/../../../../arm-none-eabi/lib/thumb/v7e-m\libc.a(lib_a-mprec.o)
                0x00407788                __mprec_tens
 .rodata.p05.6055
                0x00407850        0xc c:/program files (x86)/atmel/studio/7.0/toolchain/arm/arm-gnu-toolchain/bin/../lib/gcc/arm-none-eabi/6.3.1/../../../../arm-none-eabi/lib/thumb/v7e-m\libc.a(lib_a-mprec.o)
 .rodata._setlocale_r.str1.4
                0x0040785c        0xa c:/program files (x86)/atmel/studio/7.0/toolchain/arm/arm-gnu-toolchain/bin/../lib/gcc/arm-none-eabi/6.3.1/../../../../arm-none-eabi/lib/thumb/v7e-m\libc.a(lib_a-locale.o)
                                  0xd (size before relaxing)
 *fill*         0x00407866        0x2 
 .rodata.str1.4
                0x00407868        0x4 c:/program files (x86)/atmel/studio/7.0/toolchain/arm/arm-gnu-toolchain/bin/../lib/gcc/arm-none-eabi/6.3.1/../../../../arm-none-eabi/lib/thumb/v7e-m\libc.a(lib_a-locale.o)
                                  0x2 (size before relaxing)
 .rodata._ctype_
                0x0040786c      0x101 c:/program files (x86)/atmel/studio/7.0/toolchain/arm/arm-gnu-toolchain/bin/../lib/gcc/arm-none-eabi/6.3.1/../../../../arm-none-eabi/lib/thumb/v7e-m\libc.a(lib_a-ctype_.o)
                0x0040786c                _ctype_
 *(.ARM.extab* .gnu.linkonce.armextab.*)
                0x00407970                . = ALIGN (0x4)
 *fill*         0x0040796d        0x3 
 *(.init)
 .init          0x00407970        0x4 c:/program files (x86)/atmel/studio/7.0/toolchain/arm/arm-gnu-toolchain/bin/../lib/gcc/arm-none-eabi/6.3.1/thumb/v7e-m/crti.o
                0x00407970                _init
 .init          0x00407974        0x8 c:/program files (x86)/atmel/studio/7.0/toolchain/arm/arm-gnu-toolchain/bin/../lib/gcc/arm-none-eabi/6.3.1/thumb/v7e-m/crtn.o
                0x0040797c                . = ALIGN (0x4)
                0x0040797c                __preinit_array_start = .
 *(.preinit_array)
                0x0040797c                __preinit_array_end = .
                0x0040797c                . = ALIGN (0x4)
                0x0040797c                __init_array_start = .
 *(SORT(.init_array.*))
 .init_array.00000
                0x0040797c        0x4 c:/program files (x86)/atmel/studio/7.0/toolchain/arm/arm-gnu-toolchain/bin/../lib/gcc/arm-none-eabi/6.3.1/../../../../arm-none-eabi/lib/thumb/v7e-m\libc.a(lib_a-__call_atexit.o)
 *(.init_array)
 .init_array    0x00407980        0x4 c:/program files (x86)/atmel/studio/7.0/toolchain/arm/arm-gnu-toolchain/bin/../lib/gcc/arm-none-eabi/6.3.1/thumb/v7e-m/crtbegin.o
                0x00407984                __init_array_end = .
                0x00407984                . = ALIGN (0x4)
 *crtbegin.o(.ctors)
 *(EXCLUDE_FILE(*crtend.o) .ctors)
 *(SORT(.ctors.*))
 *crtend.o(.ctors)
                0x00407984                . = ALIGN (0x4)
 *(.fini)
 .fini          0x00407984        0x4 c:/program files (x86)/atmel/studio/7.0/toolchain/arm/arm-gnu-toolchain/bin/../lib/gcc/arm-none-eabi/6.3.1/thumb/v7e-m/crti.o
                0x00407984                _fini
 .fini          0x00407988        0x8 c:/program files (x86)/atmel/studio/7.0/toolchain/arm/arm-gnu-toolchain/bin/../lib/gcc/arm-none-eabi/6.3.1/thumb/v7e-m/crtn.o
                0x00407990                . = ALIGN (0x4)
                0x00407990                __fini_array_start = .
 *(.fini_array)
 .fini_array    0x00407990        0x4 c:/program files (x86)/atmel/studio/7.0/toolchain/arm/arm-gnu-toolchain/bin/../lib/gcc/arm-none-eabi/6.3.1/thumb/v7e-m/crtbegin.o
 *(SORT(.fini_array.*))
                0x00407994                __fini_array_end = .
 *crtbegin.o(.dtors)
 *(EXCLUDE_FILE(*crtend.o) .dtors)
 *(SORT(.dtors.*))
 *crtend.o(.dtors)
                0x00407994                . = ALIGN (0x4)
                0x00407994                _efixed = .
                [!provide]                PROVIDE (__exidx_start, .)

.vfp11_veneer   0x00407994        0x0
 .vfp11_veneer  0x00407994        0x0 linker stubs

.v4_bx          0x00407994        0x0
 .v4_bx         0x00407994        0x0 linker stubs

.iplt           0x00407994        0x0
 .iplt          0x00407994        0x0 c:/program files (x86)/atmel/studio/7.0/toolchain/arm/arm-gnu-toolchain/bin/../lib/gcc/arm-none-eabi/6.3.1/thumb/v7e-m/crtbegin.o

.ARM.exidx      0x00407994        0x8
 *(.ARM.exidx* .gnu.linkonce.armexidx.*)
 .ARM.exidx     0x00407994        0x8 c:/program files (x86)/atmel/studio/7.0/toolchain/arm/arm-gnu-toolchain/bin/../lib/gcc/arm-none-eabi/6.3.1/thumb/v7e-m\libgcc.a(_udivmoddi4.o)
                [!provide]                PROVIDE (__exidx_end, .)

.eh_frame       0x0040799c        0x0
 .eh_frame      0x0040799c        0x0 c:/program files (x86)/atmel/studio/7.0/toolchain/arm/arm-gnu-toolchain/bin/../lib/gcc/arm-none-eabi/6.3.1/thumb/v7e-m/crtbegin.o

.rel.dyn        0x0040799c        0x0
 .rel.iplt      0x0040799c        0x0 c:/program files (x86)/atmel/studio/7.0/toolchain/arm/arm-gnu-toolchain/bin/../lib/gcc/arm-none-eabi/6.3.1/thumb/v7e-m/crtbegin.o

.jcr            0x0040799c        0x0
 .jcr           0x0040799c        0x0 c:/program files (x86)/atmel/studio/7.0/toolchain/arm/arm-gnu-toolchain/bin/../lib/gcc/arm-none-eabi/6.3.1/thumb/v7e-m/crtbegin.o

.igot.plt       0x0040799c        0x0
 .igot.plt      0x0040799c        0x0 c:/program files (x86)/atmel/studio/7.0/toolchain/arm/arm-gnu-toolchain/bin/../lib/gcc/arm-none-eabi/6.3.1/thumb/v7e-m/crtbegin.o
                0x0040799c                . = ALIGN (0x4)
                0x0040799c                _etext = .

.relocate       0x20000000      0x9c0 load address 0x0040799c
                0x20000000                . = ALIGN (0x4)
                0x20000000                _srelocate = .
 *(.ramfunc .ramfunc.*)
 .ramfunc       0x20000000        0xa src/ASF/common/services/delay/sam/cycle_counter.o
                0x20000000                portable_delay_cycles
 *(.data .data.*)
 *fill*         0x2000000a        0x2 
 .data.SystemCoreClock
                0x2000000c        0x4 src/ASF/sam/utils/cmsis/sam4s/source/templates/system_sam4s.o
                0x2000000c                SystemCoreClock
 .data._impure_ptr
                0x20000010        0x4 c:/program files (x86)/atmel/studio/7.0/toolchain/arm/arm-gnu-toolchain/bin/../lib/gcc/arm-none-eabi/6.3.1/../../../../arm-none-eabi/lib/thumb/v7e-m\libc.a(lib_a-impure.o)
                0x20000010                _impure_ptr
 *fill*         0x20000014        0x4 
 .data.impure_data
                0x20000018      0x428 c:/program files (x86)/atmel/studio/7.0/toolchain/arm/arm-gnu-toolchain/bin/../lib/gcc/arm-none-eabi/6.3.1/../../../../arm-none-eabi/lib/thumb/v7e-m\libc.a(lib_a-impure.o)
 .data.__atexit_recursive_mutex
                0x20000440        0x4 c:/program files (x86)/atmel/studio/7.0/toolchain/arm/arm-gnu-toolchain/bin/../lib/gcc/arm-none-eabi/6.3.1/../../../../arm-none-eabi/lib/thumb/v7e-m\libc.a(lib_a-__call_atexit.o)
                0x20000440                __atexit_recursive_mutex
 .data.__malloc_av_
                0x20000444      0x408 c:/program files (x86)/atmel/studio/7.0/toolchain/arm/arm-gnu-toolchain/bin/../lib/gcc/arm-none-eabi/6.3.1/../../../../arm-none-eabi/lib/thumb/v7e-m\libc.a(lib_a-mallocr.o)
                0x20000444                __malloc_av_
 .data.__malloc_sbrk_base
                0x2000084c        0x4 c:/program files (x86)/atmel/studio/7.0/toolchain/arm/arm-gnu-toolchain/bin/../lib/gcc/arm-none-eabi/6.3.1/../../../../arm-none-eabi/lib/thumb/v7e-m\libc.a(lib_a-mallocr.o)
                0x2000084c                __malloc_sbrk_base
 .data.__malloc_trim_threshold
                0x20000850        0x4 c:/program files (x86)/atmel/studio/7.0/toolchain/arm/arm-gnu-toolchain/bin/../lib/gcc/arm-none-eabi/6.3.1/../../../../arm-none-eabi/lib/thumb/v7e-m\libc.a(lib_a-mallocr.o)
                0x20000850                __malloc_trim_threshold
 .data.__global_locale
                0x20000854      0x16c c:/program files (x86)/atmel/studio/7.0/toolchain/arm/arm-gnu-toolchain/bin/../lib/gcc/arm-none-eabi/6.3.1/../../../../arm-none-eabi/lib/thumb/v7e-m\libc.a(lib_a-locale.o)
                0x20000854                __global_locale
                0x200009c0                . = ALIGN (0x4)
                0x200009c0                _erelocate = .

.bss            0x200009c0    0x18c24 load address 0x0040835c
                0x200009c0                . = ALIGN (0x4)
                0x200009c0                _sbss = .
                0x200009c0                _szero = .
 *(.bss .bss.*)
 .bss           0x200009c0       0x1c c:/program files (x86)/atmel/studio/7.0/toolchain/arm/arm-gnu-toolchain/bin/../lib/gcc/arm-none-eabi/6.3.1/thumb/v7e-m/crtbegin.o
 .bss.gs_interrupt_sources
                0x200009dc       0x70 src/ASF/sam/drivers/pio/pio_handler.o
 .bss.gs_ul_nb_sources
                0x20000a4c        0x4 src/ASF/sam/drivers/pio/pio_handler.o
 .bss.pio_capture_handler
                0x20000a50        0x4 src/ASF/sam/drivers/pio/pio_handler.o
 .bss.ul_reg_val.7523
                0x20000a54        0x4 src/ASF/sam/drivers/usart/usart.o
 .bss.g_ul_vsync_flag
                0x20000a58        0x4 src/camera.o
 .bss.command_flag
                0x20000a5c        0x1 src/wifi.o
                0x20000a5c                command_flag
 *fill*         0x20000a5d        0x1 
 .bss.data.9169
                0x20000a5e        0x2 src/wifi.o
 .bss.input_pos_wifi
                0x20000a60        0x4 src/wifi.o
                0x20000a60                input_pos_wifi
 .bss.new_rx_wifi
                0x20000a64        0x1 src/wifi.o
                0x20000a64                new_rx_wifi
 *fill*         0x20000a65        0x3 
 .bss.received_byte_wifi
                0x20000a68        0x4 src/wifi.o
                0x20000a68                received_byte_wifi
 .bss.heap.5297
                0x20000a6c        0x4 src/ASF/sam/utils/syscalls/gcc/syscalls.o
 .bss.__malloc_current_mallinfo
                0x20000a70       0x28 c:/program files (x86)/atmel/studio/7.0/toolchain/arm/arm-gnu-toolchain/bin/../lib/gcc/arm-none-eabi/6.3.1/../../../../arm-none-eabi/lib/thumb/v7e-m\libc.a(lib_a-mallocr.o)
                0x20000a70                __malloc_current_mallinfo
 .bss.__malloc_max_sbrked_mem
                0x20000a98        0x4 c:/program files (x86)/atmel/studio/7.0/toolchain/arm/arm-gnu-toolchain/bin/../lib/gcc/arm-none-eabi/6.3.1/../../../../arm-none-eabi/lib/thumb/v7e-m\libc.a(lib_a-mallocr.o)
                0x20000a98                __malloc_max_sbrked_mem
 .bss.__malloc_max_total_mem
                0x20000a9c        0x4 c:/program files (x86)/atmel/studio/7.0/toolchain/arm/arm-gnu-toolchain/bin/../lib/gcc/arm-none-eabi/6.3.1/../../../../arm-none-eabi/lib/thumb/v7e-m\libc.a(lib_a-mallocr.o)
                0x20000a9c                __malloc_max_total_mem
 .bss.__malloc_top_pad
                0x20000aa0        0x4 c:/program files (x86)/atmel/studio/7.0/toolchain/arm/arm-gnu-toolchain/bin/../lib/gcc/arm-none-eabi/6.3.1/../../../../arm-none-eabi/lib/thumb/v7e-m\libc.a(lib_a-mallocr.o)
                0x20000aa0                __malloc_top_pad
 *(COMMON)
 COMMON         0x20000aa4    0x186d8 src/camera.o
                0x20000aa4                image_size
                0x20000aa8                end_pos
                0x20000aac                second_to_last_byte_sent
                0x20000ab0                p_uc_buf
                0x20000ab4                image_sent_flag
                0x20000ab5                last_byte_sent
                0x20000ab8                g_p_uc_cap_dest_buf
                0x20019158                last_byte_index
                0x2001915c                p_pio
                0x20019160                start_pos
                0x20019164                third_to_last_byte_sent
                0x20019168                ul_id
                0x2001916c                third_byte_sent
                0x2001916d                first_byte_unsent
                0x2001916e                len_success
                0x20019170                ul_mask
                0x20019174                image_ended
                0x20019175                second_byte_sent
                0x20019176                first_byte_sent
                0x20019177                image_started
                0x20019178                ul_size
 COMMON         0x2001917c        0x1 src/timer_interface.o
                0x2001917c                counts
 *fill*         0x2001917d        0x3 
 COMMON         0x20019180      0x438 src/wifi.o
                0x20019180                input_line_wifi
                0x20019568                buff_storage
                0x2001959a                cnt
                0x2001959c                gs_ul_transfer_index
                0x200195a0                reading_wifi_flag
                0x200195a4                gs_ul_transfer_length
                0x200195a8                times_through_buffer
                0x200195ac                gs_puc_transfer_buffer
                0x200195b0                in_byte
                0x200195b1                provisioning_flag
                0x200195b4                comm
 COMMON         0x200195b8        0x4 src/ASF/sam/drivers/pio/pio.o
                0x200195b8                pio_capture_enable_flag
 COMMON         0x200195bc       0x21 c:/program files (x86)/atmel/studio/7.0/toolchain/arm/arm-gnu-toolchain/bin/../lib/gcc/arm-none-eabi/6.3.1/../../../../arm-none-eabi/lib/thumb/v7e-m\libc.a(lib_a-lock.o)
                0x200195bc                __lock___atexit_recursive_mutex
                0x200195c0                __lock___arc4random_mutex
                0x200195c4                __lock___env_recursive_mutex
                0x200195c8                __lock___sinit_recursive_mutex
                0x200195cc                __lock___malloc_recursive_mutex
                0x200195d0                __lock___at_quick_exit_mutex
                0x200195d4                __lock___dd_hash_mutex
                0x200195d8                __lock___tz_mutex
                0x200195dc                __lock___sfp_recursive_mutex
 *fill*         0x200195dd        0x3 
 COMMON         0x200195e0        0x4 c:/program files (x86)/atmel/studio/7.0/toolchain/arm/arm-gnu-toolchain/bin/../lib/gcc/arm-none-eabi/6.3.1/../../../../arm-none-eabi/lib/thumb/v7e-m\libc.a(lib_a-reent.o)
                0x200195e0                errno
                0x200195e4                . = ALIGN (0x4)
                0x200195e4                _ebss = .
                0x200195e4                _ezero = .

.stack          0x200195e4     0x3004 load address 0x00420f80
                0x200195e8                . = ALIGN (0x8)
 *fill*         0x200195e4        0x4 
                0x200195e8                _sstack = .
                0x2001c5e8                . = (. + __stack_size__)
 *fill*         0x200195e8     0x3000 
                0x2001c5e8                . = ALIGN (0x8)
                0x2001c5e8                _estack = .
                0x2001c5e8                . = ALIGN (0x4)
                0x2001c5e8                _end = .
OUTPUT(firmware.elf elf32-littlearm)

.ARM.attributes
                0x00000000       0x2a
 .ARM.attributes
                0x00000000       0x1e c:/program files (x86)/atmel/studio/7.0/toolchain/arm/arm-gnu-toolchain/bin/../lib/gcc/arm-none-eabi/6.3.1/thumb/v7e-m/crti.o
 .ARM.attributes
                0x0000001e       0x2e c:/program files (x86)/atmel/studio/7.0/toolchain/arm/arm-gnu-toolchain/bin/../lib/gcc/arm-none-eabi/6.3.1/thumb/v7e-m/crtbegin.o
 .ARM.attributes
                0x0000004c       0x33 src/ASF/sam/drivers/pio/pio_handler.o
 .ARM.attributes
                0x0000007f       0x33 src/ASF/sam/drivers/spi/spi.o
 .ARM.attributes
                0x000000b2       0x33 src/ASF/sam/drivers/tc/tc.o
 .ARM.attributes
                0x000000e5       0x33 src/ASF/sam/drivers/twi/twi.o
 .ARM.attributes
                0x00000118       0x33 src/ASF/sam/drivers/usart/usart.o
 .ARM.attributes
                0x0000014b       0x33 src/ASF/sam/drivers/wdt/wdt.o
 .ARM.attributes
                0x0000017e       0x33 src/camera.o
 .ARM.attributes
                0x000001b1       0x33 src/ov2640.o
 .ARM.attributes
                0x000001e4       0x33 src/ov2640_table_registers.o
 .ARM.attributes
                0x00000217       0x33 src/timer_interface.o
 .ARM.attributes
                0x0000024a       0x33 src/wifi.o
 .ARM.attributes
                0x0000027d       0x33 src/ASF/common/services/delay/sam/cycle_counter.o
 .ARM.attributes
                0x000002b0       0x33 src/ASF/common/services/clock/sam4s/sysclk.o
 .ARM.attributes
                0x000002e3       0x33 src/ASF/sam/drivers/pio/pio.o
 .ARM.attributes
                0x00000316       0x33 src/ASF/sam/drivers/pmc/pmc.o
 .ARM.attributes
                0x00000349       0x33 src/ASF/common/boards/user_board/init.o
 .ARM.attributes
                0x0000037c       0x33 src/ASF/sam/utils/cmsis/sam4s/source/templates/gcc/startup_sam4s.o
 .ARM.attributes
                0x000003af       0x33 src/ASF/sam/utils/cmsis/sam4s/source/templates/system_sam4s.o
 .ARM.attributes
                0x000003e2       0x33 src/ASF/sam/utils/syscalls/gcc/syscalls.o
 .ARM.attributes
                0x00000415       0x33 src/main.o
 .ARM.attributes
                0x00000448       0x2e c:/program files (x86)/atmel/studio/7.0/toolchain/arm/arm-gnu-toolchain/bin/../lib/gcc/arm-none-eabi/6.3.1/../../../../arm-none-eabi/lib/thumb/v7e-m\libc.a(lib_a-impure.o)
 .ARM.attributes
                0x00000476       0x2e c:/program files (x86)/atmel/studio/7.0/toolchain/arm/arm-gnu-toolchain/bin/../lib/gcc/arm-none-eabi/6.3.1/../../../../arm-none-eabi/lib/thumb/v7e-m\libc.a(lib_a-init.o)
 .ARM.attributes
                0x000004a4       0x2e c:/program files (x86)/atmel/studio/7.0/toolchain/arm/arm-gnu-toolchain/bin/../lib/gcc/arm-none-eabi/6.3.1/../../../../arm-none-eabi/lib/thumb/v7e-m\libc.a(lib_a-memset.o)
 .ARM.attributes
                0x000004d2       0x2e c:/program files (x86)/atmel/studio/7.0/toolchain/arm/arm-gnu-toolchain/bin/../lib/gcc/arm-none-eabi/6.3.1/../../../../arm-none-eabi/lib/thumb/v7e-m\libc.a(lib_a-sprintf.o)
 .ARM.attributes
                0x00000500       0x2e c:/program files (x86)/atmel/studio/7.0/toolchain/arm/arm-gnu-toolchain/bin/../lib/gcc/arm-none-eabi/6.3.1/../../../../arm-none-eabi/lib/thumb/v7e-m\libc.a(lib_a-strstr.o)
 .ARM.attributes
                0x0000052e       0x2e c:/program files (x86)/atmel/studio/7.0/toolchain/arm/arm-gnu-toolchain/bin/../lib/gcc/arm-none-eabi/6.3.1/../../../../arm-none-eabi/lib/thumb/v7e-m\libc.a(lib_a-svfprintf.o)
 .ARM.attributes
                0x0000055c       0x2e c:/program files (x86)/atmel/studio/7.0/toolchain/arm/arm-gnu-toolchain/bin/../lib/gcc/arm-none-eabi/6.3.1/../../../../arm-none-eabi/lib/thumb/v7e-m\libc.a(lib_a-__call_atexit.o)
 .ARM.attributes
                0x0000058a       0x2e c:/program files (x86)/atmel/studio/7.0/toolchain/arm/arm-gnu-toolchain/bin/../lib/gcc/arm-none-eabi/6.3.1/../../../../arm-none-eabi/lib/thumb/v7e-m\libc.a(lib_a-atexit.o)
 .ARM.attributes
                0x000005b8       0x2e c:/program files (x86)/atmel/studio/7.0/toolchain/arm/arm-gnu-toolchain/bin/../lib/gcc/arm-none-eabi/6.3.1/../../../../arm-none-eabi/lib/thumb/v7e-m\libc.a(lib_a-dtoa.o)
 .ARM.attributes
                0x000005e6       0x2e c:/program files (x86)/atmel/studio/7.0/toolchain/arm/arm-gnu-toolchain/bin/../lib/gcc/arm-none-eabi/6.3.1/../../../../arm-none-eabi/lib/thumb/v7e-m\libc.a(lib_a-fini.o)
 .ARM.attributes
                0x00000614       0x2e c:/program files (x86)/atmel/studio/7.0/toolchain/arm/arm-gnu-toolchain/bin/../lib/gcc/arm-none-eabi/6.3.1/../../../../arm-none-eabi/lib/thumb/v7e-m\libc.a(lib_a-localeconv.o)
 .ARM.attributes
                0x00000642       0x2e c:/program files (x86)/atmel/studio/7.0/toolchain/arm/arm-gnu-toolchain/bin/../lib/gcc/arm-none-eabi/6.3.1/../../../../arm-none-eabi/lib/thumb/v7e-m\libc.a(lib_a-lock.o)
 .ARM.attributes
                0x00000670       0x2e c:/program files (x86)/atmel/studio/7.0/toolchain/arm/arm-gnu-toolchain/bin/../lib/gcc/arm-none-eabi/6.3.1/../../../../arm-none-eabi/lib/thumb/v7e-m\libc.a(lib_a-mallocr.o)
 .ARM.attributes
                0x0000069e       0x1c c:/program files (x86)/atmel/studio/7.0/toolchain/arm/arm-gnu-toolchain/bin/../lib/gcc/arm-none-eabi/6.3.1/../../../../arm-none-eabi/lib/thumb/v7e-m\libc.a(lib_a-memchr.o)
 .ARM.attributes
                0x000006ba       0x2e c:/program files (x86)/atmel/studio/7.0/toolchain/arm/arm-gnu-toolchain/bin/../lib/gcc/arm-none-eabi/6.3.1/../../../../arm-none-eabi/lib/thumb/v7e-m\libc.a(lib_a-memcmp.o)
 .ARM.attributes
                0x000006e8       0x1c c:/program files (x86)/atmel/studio/7.0/toolchain/arm/arm-gnu-toolchain/bin/../lib/gcc/arm-none-eabi/6.3.1/../../../../arm-none-eabi/lib/thumb/v7e-m\libc.a(lib_a-memcpy.o)
 .ARM.attributes
                0x00000704       0x2e c:/program files (x86)/atmel/studio/7.0/toolchain/arm/arm-gnu-toolchain/bin/../lib/gcc/arm-none-eabi/6.3.1/../../../../arm-none-eabi/lib/thumb/v7e-m\libc.a(lib_a-mlock.o)
 .ARM.attributes
                0x00000732       0x2e c:/program files (x86)/atmel/studio/7.0/toolchain/arm/arm-gnu-toolchain/bin/../lib/gcc/arm-none-eabi/6.3.1/../../../../arm-none-eabi/lib/thumb/v7e-m\libc.a(lib_a-mprec.o)
 .ARM.attributes
                0x00000760       0x2e c:/program files (x86)/atmel/studio/7.0/toolchain/arm/arm-gnu-toolchain/bin/../lib/gcc/arm-none-eabi/6.3.1/../../../../arm-none-eabi/lib/thumb/v7e-m\libc.a(lib_a-sbrkr.o)
 .ARM.attributes
                0x0000078e       0x2e c:/program files (x86)/atmel/studio/7.0/toolchain/arm/arm-gnu-toolchain/bin/../lib/gcc/arm-none-eabi/6.3.1/../../../../arm-none-eabi/lib/thumb/v7e-m\libc.a(lib_a-strchr.o)
 .ARM.attributes
                0x000007bc       0x1c c:/program files (x86)/atmel/studio/7.0/toolchain/arm/arm-gnu-toolchain/bin/../lib/gcc/arm-none-eabi/6.3.1/../../../../arm-none-eabi/lib/thumb/v7e-m\libc.a(lib_a-strlen.o)
 .ARM.attributes
                0x000007d8       0x2e c:/program files (x86)/atmel/studio/7.0/toolchain/arm/arm-gnu-toolchain/bin/../lib/gcc/arm-none-eabi/6.3.1/../../../../arm-none-eabi/lib/thumb/v7e-m\libc.a(lib_a-svfiprintf.o)
 .ARM.attributes
                0x00000806       0x2e c:/program files (x86)/atmel/studio/7.0/toolchain/arm/arm-gnu-toolchain/bin/../lib/gcc/arm-none-eabi/6.3.1/../../../../arm-none-eabi/lib/thumb/v7e-m\libc.a(lib_a-__atexit.o)
 .ARM.attributes
                0x00000834       0x2e c:/program files (x86)/atmel/studio/7.0/toolchain/arm/arm-gnu-toolchain/bin/../lib/gcc/arm-none-eabi/6.3.1/../../../../arm-none-eabi/lib/thumb/v7e-m\libc.a(lib_a-callocr.o)
 .ARM.attributes
                0x00000862       0x2e c:/program files (x86)/atmel/studio/7.0/toolchain/arm/arm-gnu-toolchain/bin/../lib/gcc/arm-none-eabi/6.3.1/../../../../arm-none-eabi/lib/thumb/v7e-m\libc.a(lib_a-freer.o)
 .ARM.attributes
                0x00000890       0x2e c:/program files (x86)/atmel/studio/7.0/toolchain/arm/arm-gnu-toolchain/bin/../lib/gcc/arm-none-eabi/6.3.1/../../../../arm-none-eabi/lib/thumb/v7e-m\libc.a(lib_a-locale.o)
 .ARM.attributes
                0x000008be       0x2e c:/program files (x86)/atmel/studio/7.0/toolchain/arm/arm-gnu-toolchain/bin/../lib/gcc/arm-none-eabi/6.3.1/../../../../arm-none-eabi/lib/thumb/v7e-m\libc.a(lib_a-mbtowc_r.o)
 .ARM.attributes
                0x000008ec       0x2e c:/program files (x86)/atmel/studio/7.0/toolchain/arm/arm-gnu-toolchain/bin/../lib/gcc/arm-none-eabi/6.3.1/../../../../arm-none-eabi/lib/thumb/v7e-m\libc.a(lib_a-memmove.o)
 .ARM.attributes
                0x0000091a       0x2e c:/program files (x86)/atmel/studio/7.0/toolchain/arm/arm-gnu-toolchain/bin/../lib/gcc/arm-none-eabi/6.3.1/../../../../arm-none-eabi/lib/thumb/v7e-m\libc.a(lib_a-reallocr.o)
 .ARM.attributes
                0x00000948       0x2e c:/program files (x86)/atmel/studio/7.0/toolchain/arm/arm-gnu-toolchain/bin/../lib/gcc/arm-none-eabi/6.3.1/../../../../arm-none-eabi/lib/thumb/v7e-m\libc.a(lib_a-reent.o)
 .ARM.attributes
                0x00000976       0x2e c:/program files (x86)/atmel/studio/7.0/toolchain/arm/arm-gnu-toolchain/bin/../lib/gcc/arm-none-eabi/6.3.1/../../../../arm-none-eabi/lib/thumb/v7e-m\libc.a(lib_a-wctomb_r.o)
 .ARM.attributes
                0x000009a4       0x2e c:/program files (x86)/atmel/studio/7.0/toolchain/arm/arm-gnu-toolchain/bin/../lib/gcc/arm-none-eabi/6.3.1/../../../../arm-none-eabi/lib/thumb/v7e-m\libc.a(lib_a-ctype_.o)
 .ARM.attributes
                0x000009d2       0x1e c:/program files (x86)/atmel/studio/7.0/toolchain/arm/arm-gnu-toolchain/bin/../lib/gcc/arm-none-eabi/6.3.1/thumb/v7e-m\libgcc.a(_arm_addsubdf3.o)
 .ARM.attributes
                0x000009f0       0x1e c:/program files (x86)/atmel/studio/7.0/toolchain/arm/arm-gnu-toolchain/bin/../lib/gcc/arm-none-eabi/6.3.1/thumb/v7e-m\libgcc.a(_arm_muldivdf3.o)
 .ARM.attributes
                0x00000a0e       0x1e c:/program files (x86)/atmel/studio/7.0/toolchain/arm/arm-gnu-toolchain/bin/../lib/gcc/arm-none-eabi/6.3.1/thumb/v7e-m\libgcc.a(_arm_cmpdf2.o)
 .ARM.attributes
                0x00000a2c       0x1e c:/program files (x86)/atmel/studio/7.0/toolchain/arm/arm-gnu-toolchain/bin/../lib/gcc/arm-none-eabi/6.3.1/thumb/v7e-m\libgcc.a(_arm_unorddf2.o)
 .ARM.attributes
                0x00000a4a       0x1e c:/program files (x86)/atmel/studio/7.0/toolchain/arm/arm-gnu-toolchain/bin/../lib/gcc/arm-none-eabi/6.3.1/thumb/v7e-m\libgcc.a(_arm_fixdfsi.o)
 .ARM.attributes
                0x00000a68       0x1e c:/program files (x86)/atmel/studio/7.0/toolchain/arm/arm-gnu-toolchain/bin/../lib/gcc/arm-none-eabi/6.3.1/thumb/v7e-m\libgcc.a(_aeabi_uldivmod.o)
 .ARM.attributes
                0x00000a86       0x2e c:/program files (x86)/atmel/studio/7.0/toolchain/arm/arm-gnu-toolchain/bin/../lib/gcc/arm-none-eabi/6.3.1/thumb/v7e-m\libgcc.a(_udivmoddi4.o)
 .ARM.attributes
                0x00000ab4       0x1e c:/program files (x86)/atmel/studio/7.0/toolchain/arm/arm-gnu-toolchain/bin/../lib/gcc/arm-none-eabi/6.3.1/thumb/v7e-m\libgcc.a(_dvmd_tls.o)
 .ARM.attributes
                0x00000ad2       0x1e c:/program files (x86)/atmel/studio/7.0/toolchain/arm/arm-gnu-toolchain/bin/../lib/gcc/arm-none-eabi/6.3.1/thumb/v7e-m/crtn.o

.comment        0x00000000       0x59
 .comment       0x00000000       0x59 src/ASF/sam/drivers/pio/pio_handler.o
                                 0x5a (size before relaxing)
 .comment       0x00000059       0x5a src/ASF/sam/drivers/spi/spi.o
 .comment       0x00000059       0x5a src/ASF/sam/drivers/tc/tc.o
 .comment       0x00000059       0x5a src/ASF/sam/drivers/twi/twi.o
 .comment       0x00000059       0x5a src/ASF/sam/drivers/usart/usart.o
 .comment       0x00000059       0x5a src/ASF/sam/drivers/wdt/wdt.o
 .comment       0x00000059       0x5a src/camera.o
 .comment       0x00000059       0x5a src/ov2640.o
 .comment       0x00000059       0x5a src/ov2640_table_registers.o
 .comment       0x00000059       0x5a src/timer_interface.o
 .comment       0x00000059       0x5a src/wifi.o
 .comment       0x00000059       0x5a src/ASF/common/services/delay/sam/cycle_counter.o
 .comment       0x00000059       0x5a src/ASF/common/services/clock/sam4s/sysclk.o
 .comment       0x00000059       0x5a src/ASF/sam/drivers/pio/pio.o
 .comment       0x00000059       0x5a src/ASF/sam/drivers/pmc/pmc.o
 .comment       0x00000059       0x5a src/ASF/common/boards/user_board/init.o
 .comment       0x00000059       0x5a src/ASF/sam/utils/cmsis/sam4s/source/templates/gcc/startup_sam4s.o
 .comment       0x00000059       0x5a src/ASF/sam/utils/cmsis/sam4s/source/templates/system_sam4s.o
 .comment       0x00000059       0x5a src/ASF/sam/utils/syscalls/gcc/syscalls.o
 .comment       0x00000059       0x5a src/main.o

.debug_info     0x00000000    0x19f45
 .debug_info    0x00000000     0x18c9 src/ASF/sam/drivers/pio/pio_handler.o
 .debug_info    0x000018c9     0x11c9 src/ASF/sam/drivers/spi/spi.o
 .debug_info    0x00002a92     0x123c src/ASF/sam/drivers/tc/tc.o
 .debug_info    0x00003cce     0x1428 src/ASF/sam/drivers/twi/twi.o
 .debug_info    0x000050f6     0x205d src/ASF/sam/drivers/usart/usart.o
 .debug_info    0x00007153      0xbe5 src/ASF/sam/drivers/wdt/wdt.o
 .debug_info    0x00007d38     0x2141 src/camera.o
 .debug_info    0x00009e79     0x1ca6 src/ov2640.o
 .debug_info    0x0000bb1f      0xc72 src/ov2640_table_registers.o
 .debug_info    0x0000c791     0x10e5 src/timer_interface.o
 .debug_info    0x0000d876     0x27a4 src/wifi.o
 .debug_info    0x0001001a      0xa45 src/ASF/common/services/delay/sam/cycle_counter.o
 .debug_info    0x00010a5f     0x12c2 src/ASF/common/services/clock/sam4s/sysclk.o
 .debug_info    0x00011d21     0x221d src/ASF/sam/drivers/pio/pio.o
 .debug_info    0x00013f3e     0x19bc src/ASF/sam/drivers/pmc/pmc.o
 .debug_info    0x000158fa      0xcff src/ASF/common/boards/user_board/init.o
 .debug_info    0x000165f9      0x6d2 src/ASF/sam/utils/cmsis/sam4s/source/templates/gcc/startup_sam4s.o
 .debug_info    0x00016ccb      0x458 src/ASF/sam/utils/cmsis/sam4s/source/templates/system_sam4s.o
 .debug_info    0x00017123      0xdb0 src/ASF/sam/utils/syscalls/gcc/syscalls.o
 .debug_info    0x00017ed3     0x2072 src/main.o

.debug_abbrev   0x00000000     0x3a67
 .debug_abbrev  0x00000000      0x37f src/ASF/sam/drivers/pio/pio_handler.o
 .debug_abbrev  0x0000037f      0x398 src/ASF/sam/drivers/spi/spi.o
 .debug_abbrev  0x00000717      0x293 src/ASF/sam/drivers/tc/tc.o
 .debug_abbrev  0x000009aa      0x39c src/ASF/sam/drivers/twi/twi.o
 .debug_abbrev  0x00000d46      0x406 src/ASF/sam/drivers/usart/usart.o
 .debug_abbrev  0x0000114c      0x230 src/ASF/sam/drivers/wdt/wdt.o
 .debug_abbrev  0x0000137c      0x3cc src/camera.o
 .debug_abbrev  0x00001748      0x3b0 src/ov2640.o
 .debug_abbrev  0x00001af8      0x1b4 src/ov2640_table_registers.o
 .debug_abbrev  0x00001cac      0x2bd src/timer_interface.o
 .debug_abbrev  0x00001f69      0x47f src/wifi.o
 .debug_abbrev  0x000023e8      0x1b3 src/ASF/common/services/delay/sam/cycle_counter.o
 .debug_abbrev  0x0000259b      0x333 src/ASF/common/services/clock/sam4s/sysclk.o
 .debug_abbrev  0x000028ce      0x3ff src/ASF/sam/drivers/pio/pio.o
 .debug_abbrev  0x00002ccd      0x315 src/ASF/sam/drivers/pmc/pmc.o
 .debug_abbrev  0x00002fe2      0x204 src/ASF/common/boards/user_board/init.o
 .debug_abbrev  0x000031e6      0x15e src/ASF/sam/utils/cmsis/sam4s/source/templates/gcc/startup_sam4s.o
 .debug_abbrev  0x00003344      0x102 src/ASF/sam/utils/cmsis/sam4s/source/templates/system_sam4s.o
 .debug_abbrev  0x00003446      0x264 src/ASF/sam/utils/syscalls/gcc/syscalls.o
 .debug_abbrev  0x000036aa      0x3bd src/main.o

.debug_loc      0x00000000     0x5ad8
 .debug_loc     0x00000000      0x531 src/ASF/sam/drivers/pio/pio_handler.o
 .debug_loc     0x00000531      0x5ac src/ASF/sam/drivers/spi/spi.o
 .debug_loc     0x00000add      0x5a4 src/ASF/sam/drivers/tc/tc.o
 .debug_loc     0x00001081      0xa21 src/ASF/sam/drivers/twi/twi.o
 .debug_loc     0x00001aa2      0xe59 src/ASF/sam/drivers/usart/usart.o
 .debug_loc     0x000028fb      0x145 src/ASF/sam/drivers/wdt/wdt.o
 .debug_loc     0x00002a40      0x2a4 src/camera.o
 .debug_loc     0x00002ce4      0x9a9 src/ov2640.o
 .debug_loc     0x0000368d       0x6c src/timer_interface.o
 .debug_loc     0x000036f9      0x43a src/wifi.o
 .debug_loc     0x00003b33      0x1d9 src/ASF/common/services/clock/sam4s/sysclk.o
 .debug_loc     0x00003d0c      0xdef src/ASF/sam/drivers/pio/pio.o
 .debug_loc     0x00004afb      0xb91 src/ASF/sam/drivers/pmc/pmc.o
 .debug_loc     0x0000568c       0x20 src/ASF/common/boards/user_board/init.o
 .debug_loc     0x000056ac       0xa1 src/ASF/sam/utils/cmsis/sam4s/source/templates/gcc/startup_sam4s.o
 .debug_loc     0x0000574d       0xfd src/ASF/sam/utils/syscalls/gcc/syscalls.o
 .debug_loc     0x0000584a      0x28e src/main.o

.debug_aranges  0x00000000      0xb78
 .debug_aranges
                0x00000000       0x50 src/ASF/sam/drivers/pio/pio_handler.o
 .debug_aranges
                0x00000050       0x90 src/ASF/sam/drivers/spi/spi.o
 .debug_aranges
                0x000000e0       0xd0 src/ASF/sam/drivers/tc/tc.o
 .debug_aranges
                0x000001b0       0xc8 src/ASF/sam/drivers/twi/twi.o
 .debug_aranges
                0x00000278      0x210 src/ASF/sam/drivers/usart/usart.o
 .debug_aranges
                0x00000488       0x48 src/ASF/sam/drivers/wdt/wdt.o
 .debug_aranges
                0x000004d0       0x60 src/camera.o
 .debug_aranges
                0x00000530       0x78 src/ov2640.o
 .debug_aranges
                0x000005a8       0x18 src/ov2640_table_registers.o
 .debug_aranges
                0x000005c0       0x28 src/timer_interface.o
 .debug_aranges
                0x000005e8       0x88 src/wifi.o
 .debug_aranges
                0x00000670       0x20 src/ASF/common/services/delay/sam/cycle_counter.o
 .debug_aranges
                0x00000690       0x40 src/ASF/common/services/clock/sam4s/sysclk.o
 .debug_aranges
                0x000006d0      0x1a8 src/ASF/sam/drivers/pio/pio.o
 .debug_aranges
                0x00000878      0x208 src/ASF/sam/drivers/pmc/pmc.o
 .debug_aranges
                0x00000a80       0x20 src/ASF/common/boards/user_board/init.o
 .debug_aranges
                0x00000aa0       0x28 src/ASF/sam/utils/cmsis/sam4s/source/templates/gcc/startup_sam4s.o
 .debug_aranges
                0x00000ac8       0x30 src/ASF/sam/utils/cmsis/sam4s/source/templates/system_sam4s.o
 .debug_aranges
                0x00000af8       0x60 src/ASF/sam/utils/syscalls/gcc/syscalls.o
 .debug_aranges
                0x00000b58       0x20 src/main.o

.debug_ranges   0x00000000      0xac0
 .debug_ranges  0x00000000       0x58 src/ASF/sam/drivers/pio/pio_handler.o
 .debug_ranges  0x00000058       0x80 src/ASF/sam/drivers/spi/spi.o
 .debug_ranges  0x000000d8       0xc0 src/ASF/sam/drivers/tc/tc.o
 .debug_ranges  0x00000198       0xb8 src/ASF/sam/drivers/twi/twi.o
 .debug_ranges  0x00000250      0x200 src/ASF/sam/drivers/usart/usart.o
 .debug_ranges  0x00000450       0x38 src/ASF/sam/drivers/wdt/wdt.o
 .debug_ranges  0x00000488       0x50 src/camera.o
 .debug_ranges  0x000004d8       0x80 src/ov2640.o
 .debug_ranges  0x00000558       0x18 src/timer_interface.o
 .debug_ranges  0x00000570       0x78 src/wifi.o
 .debug_ranges  0x000005e8       0x10 src/ASF/common/services/delay/sam/cycle_counter.o
 .debug_ranges  0x000005f8       0x30 src/ASF/common/services/clock/sam4s/sysclk.o
 .debug_ranges  0x00000628      0x1b0 src/ASF/sam/drivers/pio/pio.o
 .debug_ranges  0x000007d8      0x1f8 src/ASF/sam/drivers/pmc/pmc.o
 .debug_ranges  0x000009d0       0x10 src/ASF/common/boards/user_board/init.o
 .debug_ranges  0x000009e0       0x18 src/ASF/sam/utils/cmsis/sam4s/source/templates/gcc/startup_sam4s.o
 .debug_ranges  0x000009f8       0x20 src/ASF/sam/utils/cmsis/sam4s/source/templates/system_sam4s.o
 .debug_ranges  0x00000a18       0x50 src/ASF/sam/utils/syscalls/gcc/syscalls.o
 .debug_ranges  0x00000a68       0x58 src/main.o

.debug_macro    0x00000000     0x803f
 .debug_macro   0x00000000      0x512 src/ASF/sam/drivers/pio/pio_handler.o
 .debug_macro   0x00000512       0x8e src/ASF/sam/drivers/pio/pio_handler.o
 .debug_macro   0x000005a0      0x576 src/ASF/sam/drivers/spi/spi.o
 .debug_macro   0x00000b16       0x10 src/ASF/sam/drivers/spi/spi.o
 .debug_macro   0x00000b26      0x508 src/ASF/sam/drivers/tc/tc.o
 .debug_macro   0x0000102e       0x52 src/ASF/sam/drivers/tc/tc.o
 .debug_macro   0x00001080       0x8d src/ASF/sam/drivers/tc/tc.o
 .debug_macro   0x0000110d       0x16 src/ASF/sam/drivers/tc/tc.o
 .debug_macro   0x00001123       0x57 src/ASF/sam/drivers/tc/tc.o
 .debug_macro   0x0000117a       0x1c src/ASF/sam/drivers/tc/tc.o
 .debug_macro   0x00001196      0x52c src/ASF/sam/drivers/twi/twi.o
 .debug_macro   0x000016c2       0x46 src/ASF/sam/drivers/twi/twi.o
 .debug_macro   0x00001708      0x538 src/ASF/sam/drivers/usart/usart.o
 .debug_macro   0x00001c40       0x28 src/ASF/sam/drivers/usart/usart.o
 .debug_macro   0x00001c68      0x515 src/ASF/sam/drivers/wdt/wdt.o
 .debug_macro   0x0000217d      0x6d2 src/camera.o
 .debug_macro   0x0000284f       0x28 src/camera.o
 .debug_macro   0x00002877       0x22 src/camera.o
 .debug_macro   0x00002899       0x94 src/camera.o
 .debug_macro   0x0000292d       0x40 src/camera.o
 .debug_macro   0x0000296d       0x88 src/camera.o
 .debug_macro   0x000029f5       0x34 src/camera.o
 .debug_macro   0x00002a29       0x4c src/camera.o
 .debug_macro   0x00002a75       0x10 src/camera.o
 .debug_macro   0x00002a85       0x16 src/camera.o
 .debug_macro   0x00002a9b       0x10 src/camera.o
 .debug_macro   0x00002aab      0x401 src/camera.o
 .debug_macro   0x00002eac      0x5ca src/ov2640.o
 .debug_macro   0x00003476      0x3fb src/ov2640.o
 .debug_macro   0x00003871       0x16 src/ov2640.o
 .debug_macro   0x00003887      0x5a6 src/ov2640_table_registers.o
 .debug_macro   0x00003e2d      0x2d9 src/ov2640_table_registers.o
 .debug_macro   0x00004106      0x6da src/timer_interface.o
 .debug_macro   0x000047e0      0x6ff src/wifi.o
 .debug_macro   0x00004edf       0x34 src/wifi.o
 .debug_macro   0x00004f13       0x10 src/wifi.o
 .debug_macro   0x00004f23      0x502 src/ASF/common/services/delay/sam/cycle_counter.o
 .debug_macro   0x00005425       0x22 src/ASF/common/services/delay/sam/cycle_counter.o
 .debug_macro   0x00005447      0x56d src/ASF/common/services/clock/sam4s/sysclk.o
 .debug_macro   0x000059b4      0x508 src/ASF/sam/drivers/pio/pio.o
 .debug_macro   0x00005ebc      0x508 src/ASF/sam/drivers/pmc/pmc.o
 .debug_macro   0x000063c4       0x52 src/ASF/sam/drivers/pmc/pmc.o
 .debug_macro   0x00006416      0x6a5 src/ASF/common/boards/user_board/init.o
 .debug_macro   0x00006abb      0x2f4 src/ASF/sam/utils/cmsis/sam4s/source/templates/gcc/startup_sam4s.o
 .debug_macro   0x00006daf      0x2fc src/ASF/sam/utils/cmsis/sam4s/source/templates/system_sam4s.o
 .debug_macro   0x000070ab      0x1d6 src/ASF/sam/utils/syscalls/gcc/syscalls.o
 .debug_macro   0x00007281       0x97 src/ASF/sam/utils/syscalls/gcc/syscalls.o
 .debug_macro   0x00007318      0x353 src/ASF/sam/utils/syscalls/gcc/syscalls.o
 .debug_macro   0x0000766b       0xf6 src/ASF/sam/utils/syscalls/gcc/syscalls.o
 .debug_macro   0x00007761       0x4c src/ASF/sam/utils/syscalls/gcc/syscalls.o
 .debug_macro   0x000077ad       0x16 src/ASF/sam/utils/syscalls/gcc/syscalls.o
 .debug_macro   0x000077c3       0x10 src/ASF/sam/utils/syscalls/gcc/syscalls.o
 .debug_macro   0x000077d3       0x10 src/ASF/sam/utils/syscalls/gcc/syscalls.o
 .debug_macro   0x000077e3       0x35 src/ASF/sam/utils/syscalls/gcc/syscalls.o
 .debug_macro   0x00007818      0x122 src/ASF/sam/utils/syscalls/gcc/syscalls.o
 .debug_macro   0x0000793a      0x705 src/main.o

.debug_line     0x00000000     0xfea5
 .debug_line    0x00000000      0xafe src/ASF/sam/drivers/pio/pio_handler.o
 .debug_line    0x00000afe      0xc8a src/ASF/sam/drivers/spi/spi.o
 .debug_line    0x00001788      0xbd7 src/ASF/sam/drivers/tc/tc.o
 .debug_line    0x0000235f      0xc9d src/ASF/sam/drivers/twi/twi.o
 .debug_line    0x00002ffc      0xfb5 src/ASF/sam/drivers/usart/usart.o
 .debug_line    0x00003fb1      0xa8b src/ASF/sam/drivers/wdt/wdt.o
 .debug_line    0x00004a3c     0x1099 src/camera.o
 .debug_line    0x00005ad5      0xdde src/ov2640.o
 .debug_line    0x000068b3      0xbed src/ov2640_table_registers.o
 .debug_line    0x000074a0      0xfae src/timer_interface.o
 .debug_line    0x0000844e     0x115c src/wifi.o
 .debug_line    0x000095aa      0xa3f src/ASF/common/services/delay/sam/cycle_counter.o
 .debug_line    0x00009fe9      0xbc8 src/ASF/common/services/clock/sam4s/sysclk.o
 .debug_line    0x0000abb1      0xee8 src/ASF/sam/drivers/pio/pio.o
 .debug_line    0x0000ba99      0xfcf src/ASF/sam/drivers/pmc/pmc.o
 .debug_line    0x0000ca68      0xf57 src/ASF/common/boards/user_board/init.o
 .debug_line    0x0000d9bf      0x80c src/ASF/sam/utils/cmsis/sam4s/source/templates/gcc/startup_sam4s.o
 .debug_line    0x0000e1cb      0x83d src/ASF/sam/utils/cmsis/sam4s/source/templates/system_sam4s.o
 .debug_line    0x0000ea08      0x40b src/ASF/sam/utils/syscalls/gcc/syscalls.o
 .debug_line    0x0000ee13     0x1092 src/main.o

.debug_str      0x00000000    0x53022
 .debug_str     0x00000000    0x4ac4f src/ASF/sam/drivers/pio/pio_handler.o
                              0x4b109 (size before relaxing)
 .debug_str     0x0004ac4f     0x2982 src/ASF/sam/drivers/spi/spi.o
                              0x4cf67 (size before relaxing)
 .debug_str     0x0004d5d1      0x374 src/ASF/sam/drivers/tc/tc.o
                              0x4a950 (size before relaxing)
 .debug_str     0x0004d945      0x51e src/ASF/sam/drivers/twi/twi.o
                              0x4ab30 (size before relaxing)
 .debug_str     0x0004de63      0x94e src/ASF/sam/drivers/usart/usart.o
                              0x4afea (size before relaxing)
 .debug_str     0x0004e7b1      0x12a src/ASF/sam/drivers/wdt/wdt.o
                              0x4a6ec (size before relaxing)
 .debug_str     0x0004e8db     0x265b src/camera.o
                              0x4fe8a (size before relaxing)
 .debug_str     0x00050f36      0x1dd src/ov2640.o
                              0x4f06d (size before relaxing)
 .debug_str     0x00051113       0x20 src/ov2640_table_registers.o
                              0x4e82a (size before relaxing)
 .debug_str     0x00051133       0x66 src/timer_interface.o
                              0x4dfd2 (size before relaxing)
 .debug_str     0x00051199      0x457 src/wifi.o
                              0x50208 (size before relaxing)
 .debug_str     0x000515f0       0x35 src/ASF/common/services/delay/sam/cycle_counter.o
                              0x4a765 (size before relaxing)
 .debug_str     0x00051625      0x271 src/ASF/common/services/clock/sam4s/sysclk.o
                              0x4ceff (size before relaxing)
 .debug_str     0x00051896      0x467 src/ASF/sam/drivers/pio/pio.o
                              0x4b205 (size before relaxing)
 .debug_str     0x00051cfd      0x58a src/ASF/sam/drivers/pmc/pmc.o
                              0x4b051 (size before relaxing)
 .debug_str     0x00052287       0x36 src/ASF/common/boards/user_board/init.o
                              0x4dbf3 (size before relaxing)
 .debug_str     0x000522bd      0x428 src/ASF/sam/utils/cmsis/sam4s/source/templates/gcc/startup_sam4s.o
                              0x3a207 (size before relaxing)
 .debug_str     0x000526e5       0xb9 src/ASF/sam/utils/cmsis/sam4s/source/templates/system_sam4s.o
                              0x39fac (size before relaxing)
 .debug_str     0x0005279e      0x77b src/ASF/sam/utils/syscalls/gcc/syscalls.o
                               0x740c (size before relaxing)
 .debug_str     0x00052f19      0x109 src/main.o
                              0x4fbbc (size before relaxing)

.debug_frame    0x00000000     0x25dc
 .debug_frame   0x00000000       0xdc src/ASF/sam/drivers/pio/pio_handler.o
 .debug_frame   0x000000dc      0x140 src/ASF/sam/drivers/spi/spi.o
 .debug_frame   0x0000021c      0x1a8 src/ASF/sam/drivers/tc/tc.o
 .debug_frame   0x000003c4      0x1d4 src/ASF/sam/drivers/twi/twi.o
 .debug_frame   0x00000598      0x48c src/ASF/sam/drivers/usart/usart.o
 .debug_frame   0x00000a24       0x7c src/ASF/sam/drivers/wdt/wdt.o
 .debug_frame   0x00000aa0       0xfc src/camera.o
 .debug_frame   0x00000b9c      0x190 src/ov2640.o
 .debug_frame   0x00000d2c       0x48 src/timer_interface.o
 .debug_frame   0x00000d74      0x174 src/wifi.o
 .debug_frame   0x00000ee8       0x20 src/ASF/common/services/delay/sam/cycle_counter.o
 .debug_frame   0x00000f08       0x88 src/ASF/common/services/clock/sam4s/sysclk.o
 .debug_frame   0x00000f90      0x384 src/ASF/sam/drivers/pio/pio.o
 .debug_frame   0x00001314      0x408 src/ASF/sam/drivers/pmc/pmc.o
 .debug_frame   0x0000171c       0x2c src/ASF/common/boards/user_board/init.o
 .debug_frame   0x00001748       0x38 src/ASF/sam/utils/cmsis/sam4s/source/templates/gcc/startup_sam4s.o
 .debug_frame   0x00001780       0x40 src/ASF/sam/utils/cmsis/sam4s/source/templates/system_sam4s.o
 .debug_frame   0x000017c0       0xa0 src/ASF/sam/utils/syscalls/gcc/syscalls.o
 .debug_frame   0x00001860       0x2c src/main.o
 .debug_frame   0x0000188c       0x2c c:/program files (x86)/atmel/studio/7.0/toolchain/arm/arm-gnu-toolchain/bin/../lib/gcc/arm-none-eabi/6.3.1/../../../../arm-none-eabi/lib/thumb/v7e-m\libc.a(lib_a-init.o)
 .debug_frame   0x000018b8       0x34 c:/program files (x86)/atmel/studio/7.0/toolchain/arm/arm-gnu-toolchain/bin/../lib/gcc/arm-none-eabi/6.3.1/../../../../arm-none-eabi/lib/thumb/v7e-m\libc.a(lib_a-memset.o)
 .debug_frame   0x000018ec       0x84 c:/program files (x86)/atmel/studio/7.0/toolchain/arm/arm-gnu-toolchain/bin/../lib/gcc/arm-none-eabi/6.3.1/../../../../arm-none-eabi/lib/thumb/v7e-m\libc.a(lib_a-sprintf.o)
 .debug_frame   0x00001970       0xd8 c:/program files (x86)/atmel/studio/7.0/toolchain/arm/arm-gnu-toolchain/bin/../lib/gcc/arm-none-eabi/6.3.1/../../../../arm-none-eabi/lib/thumb/v7e-m\libc.a(lib_a-strstr.o)
 .debug_frame   0x00001a48       0x40 c:/program files (x86)/atmel/studio/7.0/toolchain/arm/arm-gnu-toolchain/bin/../lib/gcc/arm-none-eabi/6.3.1/../../../../arm-none-eabi/lib/thumb/v7e-m\libc.a(lib_a-svfprintf.o)
 .debug_frame   0x00001a88       0x5c c:/program files (x86)/atmel/studio/7.0/toolchain/arm/arm-gnu-toolchain/bin/../lib/gcc/arm-none-eabi/6.3.1/../../../../arm-none-eabi/lib/thumb/v7e-m\libc.a(lib_a-__call_atexit.o)
 .debug_frame   0x00001ae4       0x20 c:/program files (x86)/atmel/studio/7.0/toolchain/arm/arm-gnu-toolchain/bin/../lib/gcc/arm-none-eabi/6.3.1/../../../../arm-none-eabi/lib/thumb/v7e-m\libc.a(lib_a-atexit.o)
 .debug_frame   0x00001b04       0x88 c:/program files (x86)/atmel/studio/7.0/toolchain/arm/arm-gnu-toolchain/bin/../lib/gcc/arm-none-eabi/6.3.1/../../../../arm-none-eabi/lib/thumb/v7e-m\libc.a(lib_a-dtoa.o)
 .debug_frame   0x00001b8c       0x34 c:/program files (x86)/atmel/studio/7.0/toolchain/arm/arm-gnu-toolchain/bin/../lib/gcc/arm-none-eabi/6.3.1/../../../../arm-none-eabi/lib/thumb/v7e-m\libc.a(lib_a-fini.o)
 .debug_frame   0x00001bc0       0x40 c:/program files (x86)/atmel/studio/7.0/toolchain/arm/arm-gnu-toolchain/bin/../lib/gcc/arm-none-eabi/6.3.1/../../../../arm-none-eabi/lib/thumb/v7e-m\libc.a(lib_a-localeconv.o)
 .debug_frame   0x00001c00       0xb0 c:/program files (x86)/atmel/studio/7.0/toolchain/arm/arm-gnu-toolchain/bin/../lib/gcc/arm-none-eabi/6.3.1/../../../../arm-none-eabi/lib/thumb/v7e-m\libc.a(lib_a-lock.o)
 .debug_frame   0x00001cb0       0x58 c:/program files (x86)/atmel/studio/7.0/toolchain/arm/arm-gnu-toolchain/bin/../lib/gcc/arm-none-eabi/6.3.1/../../../../arm-none-eabi/lib/thumb/v7e-m\libc.a(lib_a-mallocr.o)
 .debug_frame   0x00001d08       0x3c c:/program files (x86)/atmel/studio/7.0/toolchain/arm/arm-gnu-toolchain/bin/../lib/gcc/arm-none-eabi/6.3.1/../../../../arm-none-eabi/lib/thumb/v7e-m\libc.a(lib_a-memcmp.o)
 .debug_frame   0x00001d44       0x30 c:/program files (x86)/atmel/studio/7.0/toolchain/arm/arm-gnu-toolchain/bin/../lib/gcc/arm-none-eabi/6.3.1/../../../../arm-none-eabi/lib/thumb/v7e-m\libc.a(lib_a-mlock.o)
 .debug_frame   0x00001d74      0x25c c:/program files (x86)/atmel/studio/7.0/toolchain/arm/arm-gnu-toolchain/bin/../lib/gcc/arm-none-eabi/6.3.1/../../../../arm-none-eabi/lib/thumb/v7e-m\libc.a(lib_a-mprec.o)
 .debug_frame   0x00001fd0       0x2c c:/program files (x86)/atmel/studio/7.0/toolchain/arm/arm-gnu-toolchain/bin/../lib/gcc/arm-none-eabi/6.3.1/../../../../arm-none-eabi/lib/thumb/v7e-m\libc.a(lib_a-sbrkr.o)
 .debug_frame   0x00001ffc       0x50 c:/program files (x86)/atmel/studio/7.0/toolchain/arm/arm-gnu-toolchain/bin/../lib/gcc/arm-none-eabi/6.3.1/../../../../arm-none-eabi/lib/thumb/v7e-m\libc.a(lib_a-strchr.o)
 .debug_frame   0x0000204c       0x78 c:/program files (x86)/atmel/studio/7.0/toolchain/arm/arm-gnu-toolchain/bin/../lib/gcc/arm-none-eabi/6.3.1/../../../../arm-none-eabi/lib/thumb/v7e-m\libc.a(lib_a-svfiprintf.o)
 .debug_frame   0x000020c4       0x34 c:/program files (x86)/atmel/studio/7.0/toolchain/arm/arm-gnu-toolchain/bin/../lib/gcc/arm-none-eabi/6.3.1/../../../../arm-none-eabi/lib/thumb/v7e-m\libc.a(lib_a-__atexit.o)
 .debug_frame   0x000020f8       0x28 c:/program files (x86)/atmel/studio/7.0/toolchain/arm/arm-gnu-toolchain/bin/../lib/gcc/arm-none-eabi/6.3.1/../../../../arm-none-eabi/lib/thumb/v7e-m\libc.a(lib_a-callocr.o)
 .debug_frame   0x00002120       0x74 c:/program files (x86)/atmel/studio/7.0/toolchain/arm/arm-gnu-toolchain/bin/../lib/gcc/arm-none-eabi/6.3.1/../../../../arm-none-eabi/lib/thumb/v7e-m\libc.a(lib_a-freer.o)
 .debug_frame   0x00002194       0x6c c:/program files (x86)/atmel/studio/7.0/toolchain/arm/arm-gnu-toolchain/bin/../lib/gcc/arm-none-eabi/6.3.1/../../../../arm-none-eabi/lib/thumb/v7e-m\libc.a(lib_a-locale.o)
 .debug_frame   0x00002200       0x4c c:/program files (x86)/atmel/studio/7.0/toolchain/arm/arm-gnu-toolchain/bin/../lib/gcc/arm-none-eabi/6.3.1/../../../../arm-none-eabi/lib/thumb/v7e-m\libc.a(lib_a-mbtowc_r.o)
 .debug_frame   0x0000224c       0x30 c:/program files (x86)/atmel/studio/7.0/toolchain/arm/arm-gnu-toolchain/bin/../lib/gcc/arm-none-eabi/6.3.1/../../../../arm-none-eabi/lib/thumb/v7e-m\libc.a(lib_a-memmove.o)
 .debug_frame   0x0000227c       0x68 c:/program files (x86)/atmel/studio/7.0/toolchain/arm/arm-gnu-toolchain/bin/../lib/gcc/arm-none-eabi/6.3.1/../../../../arm-none-eabi/lib/thumb/v7e-m\libc.a(lib_a-reallocr.o)
 .debug_frame   0x000022e4       0x58 c:/program files (x86)/atmel/studio/7.0/toolchain/arm/arm-gnu-toolchain/bin/../lib/gcc/arm-none-eabi/6.3.1/../../../../arm-none-eabi/lib/thumb/v7e-m\libc.a(lib_a-reent.o)
 .debug_frame   0x0000233c       0x3c c:/program files (x86)/atmel/studio/7.0/toolchain/arm/arm-gnu-toolchain/bin/../lib/gcc/arm-none-eabi/6.3.1/../../../../arm-none-eabi/lib/thumb/v7e-m\libc.a(lib_a-wctomb_r.o)
 .debug_frame   0x00002378       0xac c:/program files (x86)/atmel/studio/7.0/toolchain/arm/arm-gnu-toolchain/bin/../lib/gcc/arm-none-eabi/6.3.1/thumb/v7e-m\libgcc.a(_arm_addsubdf3.o)
 .debug_frame   0x00002424       0x50 c:/program files (x86)/atmel/studio/7.0/toolchain/arm/arm-gnu-toolchain/bin/../lib/gcc/arm-none-eabi/6.3.1/thumb/v7e-m\libgcc.a(_arm_muldivdf3.o)
 .debug_frame   0x00002474       0xc4 c:/program files (x86)/atmel/studio/7.0/toolchain/arm/arm-gnu-toolchain/bin/../lib/gcc/arm-none-eabi/6.3.1/thumb/v7e-m\libgcc.a(_arm_cmpdf2.o)
 .debug_frame   0x00002538       0x20 c:/program files (x86)/atmel/studio/7.0/toolchain/arm/arm-gnu-toolchain/bin/../lib/gcc/arm-none-eabi/6.3.1/thumb/v7e-m\libgcc.a(_arm_unorddf2.o)
 .debug_frame   0x00002558       0x24 c:/program files (x86)/atmel/studio/7.0/toolchain/arm/arm-gnu-toolchain/bin/../lib/gcc/arm-none-eabi/6.3.1/thumb/v7e-m\libgcc.a(_arm_fixdfsi.o)
 .debug_frame   0x0000257c       0x2c c:/program files (x86)/atmel/studio/7.0/toolchain/arm/arm-gnu-toolchain/bin/../lib/gcc/arm-none-eabi/6.3.1/thumb/v7e-m\libgcc.a(_aeabi_uldivmod.o)
 .debug_frame   0x000025a8       0x34 c:/program files (x86)/atmel/studio/7.0/toolchain/arm/arm-gnu-toolchain/bin/../lib/gcc/arm-none-eabi/6.3.1/thumb/v7e-m\libgcc.a(_udivmoddi4.o)

Cross Reference Table

Symbol                                            File
ACC_Handler                                       src/ASF/sam/utils/cmsis/sam4s/source/templates/gcc/startup_sam4s.o
ADC_Handler                                       src/ASF/sam/utils/cmsis/sam4s/source/templates/gcc/startup_sam4s.o
BusFault_Handler                                  src/ASF/sam/utils/cmsis/sam4s/source/templates/gcc/startup_sam4s.o
CRCCU_Handler                                     src/ASF/sam/utils/cmsis/sam4s/source/templates/gcc/startup_sam4s.o
DACC_Handler                                      src/ASF/sam/utils/cmsis/sam4s/source/templates/gcc/startup_sam4s.o
DebugMon_Handler                                  src/ASF/sam/utils/cmsis/sam4s/source/templates/gcc/startup_sam4s.o
Dummy_Handler                                     src/ASF/sam/utils/cmsis/sam4s/source/templates/gcc/startup_sam4s.o
EFC0_Handler                                      src/ASF/sam/utils/cmsis/sam4s/source/templates/gcc/startup_sam4s.o
HSMCI_Handler                                     src/ASF/sam/utils/cmsis/sam4s/source/templates/gcc/startup_sam4s.o
HardFault_Handler                                 src/ASF/sam/utils/cmsis/sam4s/source/templates/gcc/startup_sam4s.o
MemManage_Handler                                 src/ASF/sam/utils/cmsis/sam4s/source/templates/gcc/startup_sam4s.o
NMI_Handler                                       src/ASF/sam/utils/cmsis/sam4s/source/templates/gcc/startup_sam4s.o
OV2640_JPEG                                       src/ov2640_table_registers.o
                                                  src/ov2640.o
OV2640_JPEG_1024x768                              src/ov2640_table_registers.o
                                                  src/ov2640.o
OV2640_JPEG_1280x1024                             src/ov2640_table_registers.o
                                                  src/ov2640.o
OV2640_JPEG_1600x1200                             src/ov2640_table_registers.o
                                                  src/ov2640.o
OV2640_JPEG_320x240                               src/ov2640_table_registers.o
                                                  src/ov2640.o
OV2640_JPEG_640x480                               src/ov2640_table_registers.o
                                                  src/ov2640.o
OV2640_JPEG_800x600                               src/ov2640_table_registers.o
                                                  src/ov2640.o
OV2640_JPEG_INIT                                  src/ov2640_table_registers.o
                                                  src/ov2640.o
OV2640_QQVGA_RGB888                               src/ov2640_table_registers.o
                                                  src/ov2640.o
OV2640_QQVGA_YUV422                               src/ov2640_table_registers.o
                                                  src/ov2640.o
OV2640_QVGA_RGB888                                src/ov2640_table_registers.o
                                                  src/ov2640.o
OV2640_QVGA_YUV422_10FPS                          src/ov2640_table_registers.o
                                                  src/ov2640.o
OV2640_QVGA_YUV422_15FPS                          src/ov2640_table_registers.o