Archive member included to satisfy reference by file (symbol)

c:/program files (x86)/atmel/studio/7.0/toolchain/arm/arm-gnu-toolchain/bin/../lib/gcc/arm-none-eabi/6.3.1/../../../../arm-none-eabi/lib/thumb/v7e-m\libc.a(lib_a-exit.o)
                              c:/program files (x86)/atmel/studio/7.0/toolchain/arm/arm-gnu-toolchain/bin/../lib/gcc/arm-none-eabi/6.3.1/../../../../arm-none-eabi/lib/thumb/v7e-m/crt0.o (exit)
c:/program files (x86)/atmel/studio/7.0/toolchain/arm/arm-gnu-toolchain/bin/../lib/gcc/arm-none-eabi/6.3.1/../../../../arm-none-eabi/lib/thumb/v7e-m\libc.a(lib_a-impure.o)
                              c:/program files (x86)/atmel/studio/7.0/toolchain/arm/arm-gnu-toolchain/bin/../lib/gcc/arm-none-eabi/6.3.1/../../../../arm-none-eabi/lib/thumb/v7e-m\libc.a(lib_a-exit.o) (_global_impure_ptr)
c:/program files (x86)/atmel/studio/7.0/toolchain/arm/arm-gnu-toolchain/bin/../lib/gcc/arm-none-eabi/6.3.1/../../../../arm-none-eabi/lib/thumb/v7e-m\libc.a(lib_a-init.o)
                              c:/program files (x86)/atmel/studio/7.0/toolchain/arm/arm-gnu-toolchain/bin/../lib/gcc/arm-none-eabi/6.3.1/../../../../arm-none-eabi/lib/thumb/v7e-m/crt0.o (__libc_init_array)
c:/program files (x86)/atmel/studio/7.0/toolchain/arm/arm-gnu-toolchain/bin/../lib/gcc/arm-none-eabi/6.3.1/../../../../arm-none-eabi/lib/thumb/v7e-m\libc.a(lib_a-memset.o)
                              c:/program files (x86)/atmel/studio/7.0/toolchain/arm/arm-gnu-toolchain/bin/../lib/gcc/arm-none-eabi/6.3.1/../../../../arm-none-eabi/lib/thumb/v7e-m/crt0.o (memset)
c:/program files (x86)/atmel/studio/7.0/toolchain/arm/arm-gnu-toolchain/bin/../lib/gcc/arm-none-eabi/6.3.1/../../../../arm-none-eabi/lib/thumb/v7e-m\libc.a(lib_a-sprintf.o)
                              src/wifi.o (sprintf)
c:/program files (x86)/atmel/studio/7.0/toolchain/arm/arm-gnu-toolchain/bin/../lib/gcc/arm-none-eabi/6.3.1/../../../../arm-none-eabi/lib/thumb/v7e-m\libc.a(lib_a-strstr.o)
                              src/wifi.o (strstr)
c:/program files (x86)/atmel/studio/7.0/toolchain/arm/arm-gnu-toolchain/bin/../lib/gcc/arm-none-eabi/6.3.1/../../../../arm-none-eabi/lib/thumb/v7e-m\libc.a(lib_a-svfprintf.o)
                              c:/program files (x86)/atmel/studio/7.0/toolchain/arm/arm-gnu-toolchain/bin/../lib/gcc/arm-none-eabi/6.3.1/../../../../arm-none-eabi/lib/thumb/v7e-m\libc.a(lib_a-sprintf.o) (_svfprintf_r)
c:/program files (x86)/atmel/studio/7.0/toolchain/arm/arm-gnu-toolchain/bin/../lib/gcc/arm-none-eabi/6.3.1/../../../../arm-none-eabi/lib/thumb/v7e-m\libc.a(lib_a-__call_atexit.o)
                              c:/program files (x86)/atmel/studio/7.0/toolchain/arm/arm-gnu-toolchain/bin/../lib/gcc/arm-none-eabi/6.3.1/../../../../arm-none-eabi/lib/thumb/v7e-m\libc.a(lib_a-exit.o) (__call_exitprocs)
c:/program files (x86)/atmel/studio/7.0/toolchain/arm/arm-gnu-toolchain/bin/../lib/gcc/arm-none-eabi/6.3.1/../../../../arm-none-eabi/lib/thumb/v7e-m\libc.a(lib_a-atexit.o)
                              c:/program files (x86)/atmel/studio/7.0/toolchain/arm/arm-gnu-toolchain/bin/../lib/gcc/arm-none-eabi/6.3.1/../../../../arm-none-eabi/lib/thumb/v7e-m\libc.a(lib_a-__call_atexit.o) (atexit)
c:/program files (x86)/atmel/studio/7.0/toolchain/arm/arm-gnu-toolchain/bin/../lib/gcc/arm-none-eabi/6.3.1/../../../../arm-none-eabi/lib/thumb/v7e-m\libc.a(lib_a-dtoa.o)
                              c:/program files (x86)/atmel/studio/7.0/toolchain/arm/arm-gnu-toolchain/bin/../lib/gcc/arm-none-eabi/6.3.1/../../../../arm-none-eabi/lib/thumb/v7e-m\libc.a(lib_a-svfprintf.o) (_dtoa_r)
c:/program files (x86)/atmel/studio/7.0/toolchain/arm/arm-gnu-toolchain/bin/../lib/gcc/arm-none-eabi/6.3.1/../../../../arm-none-eabi/lib/thumb/v7e-m\libc.a(lib_a-fini.o)
                              c:/program files (x86)/atmel/studio/7.0/toolchain/arm/arm-gnu-toolchain/bin/../lib/gcc/arm-none-eabi/6.3.1/../../../../arm-none-eabi/lib/thumb/v7e-m\libc.a(lib_a-__call_atexit.o) (__libc_fini_array)
c:/program files (x86)/atmel/studio/7.0/toolchain/arm/arm-gnu-toolchain/bin/../lib/gcc/arm-none-eabi/6.3.1/../../../../arm-none-eabi/lib/thumb/v7e-m\libc.a(lib_a-localeconv.o)
                              c:/program files (x86)/atmel/studio/7.0/toolchain/arm/arm-gnu-toolchain/bin/../lib/gcc/arm-none-eabi/6.3.1/../../../../arm-none-eabi/lib/thumb/v7e-m\libc.a(lib_a-svfprintf.o) (_localeconv_r)
c:/program files (x86)/atmel/studio/7.0/toolchain/arm/arm-gnu-toolchain/bin/../lib/gcc/arm-none-eabi/6.3.1/../../../../arm-none-eabi/lib/thumb/v7e-m\libc.a(lib_a-lock.o)
                              c:/program files (x86)/atmel/studio/7.0/toolchain/arm/arm-gnu-toolchain/bin/../lib/gcc/arm-none-eabi/6.3.1/../../../../arm-none-eabi/lib/thumb/v7e-m\libc.a(lib_a-__call_atexit.o) (__retarget_lock_acquire_recursive)
c:/program files (x86)/atmel/studio/7.0/toolchain/arm/arm-gnu-toolchain/bin/../lib/gcc/arm-none-eabi/6.3.1/../../../../arm-none-eabi/lib/thumb/v7e-m\libc.a(lib_a-mallocr.o)
[...]
Memory Configuration

Name             Origin             Length             Attributes
rom              0x00400000         0x00080000         xr
ram              0x20000000         0x00020000         xrw
*default*        0x00000000         0xffffffff

Linker script and memory map

LOAD c:/program files (x86)/atmel/studio/7.0/toolchain/arm/arm-gnu-toolchain/bin/../lib/gcc/arm-none-eabi/6.3.1/thumb/v7e-m/crti.o
LOAD c:/program files (x86)/atmel/studio/7.0/toolchain/arm/arm-gnu-toolchain/bin/../lib/gcc/arm-none-eabi/6.3.1/thumb/v7e-m/crtbegin.o
LOAD c:/program files (x86)/atmel/studio/7.0/toolchain/arm/arm-gnu-toolchain/bin/../lib/gcc/arm-none-eabi/6.3.1/../../../../arm-none-eabi/lib/thumb/v7e-m/crt0.o
LOAD src/ASF/common/services/serial/usart_serial.o
LOAD src/ASF/common/services/spi/sam_spi/spi_master.o
LOAD src/ASF/common/utils/stdio/read.o
LOAD src/ASF/common/utils/stdio/write.o
LOAD src/ASF/sam/drivers/pio/pio_handler.o
LOAD src/ASF/sam/drivers/rtc/rtc.o
LOAD src/ASF/sam/drivers/spi/spi.o
LOAD src/ASF/sam/drivers/tc/tc.o
LOAD src/ASF/sam/drivers/twi/twi.o
LOAD src/ASF/sam/drivers/uart/uart.o
LOAD src/ASF/sam/drivers/usart/usart.o
LOAD src/ASF/sam/drivers/wdt/wdt.o
LOAD src/camera.o
LOAD src/ov2640.o
LOAD src/ov2640_table_registers.o
LOAD src/timer_interface.o
LOAD src/wifi.o
LOAD src/ASF/common/services/delay/sam/cycle_counter.o
LOAD src/ASF/common/services/clock/sam4s/sysclk.o
LOAD src/ASF/sam/drivers/pio/pio.o
LOAD src/ASF/sam/drivers/pmc/pmc.o
LOAD src/ASF/sam/drivers/pmc/sleep.o
LOAD src/ASF/common/boards/user_board/init.o
LOAD src/ASF/common/utils/interrupt/interrupt_sam_nvic.o
LOAD src/ASF/sam/utils/cmsis/sam4s/source/templates/gcc/startup_sam4s.o
LOAD src/ASF/sam/utils/cmsis/sam4s/source/templates/system_sam4s.o
LOAD src/ASF/sam/utils/syscalls/gcc/syscalls.o
LOAD src/main.o
START GROUP
LOAD ../src/ASF/thirdparty/CMSIS/Lib/GCC\libarm_cortexM4l_math.a
LOAD c:/program files (x86)/atmel/studio/7.0/toolchain/arm/arm-gnu-toolchain/bin/../lib/gcc/arm-none-eabi/6.3.1/../../../../arm-none-eabi/lib/thumb/v7e-m\libm.a
END GROUP
START GROUP
LOAD c:/program files (x86)/atmel/studio/7.0/toolchain/arm/arm-gnu-toolchain/bin/../lib/gcc/arm-none-eabi/6.3.1/thumb/v7e-m\libgcc.a
LOAD c:/program files (x86)/atmel/studio/7.0/toolchain/arm/arm-gnu-toolchain/bin/../lib/gcc/arm-none-eabi/6.3.1/../../../../arm-none-eabi/lib/thumb/v7e-m\libc.a
END GROUP
LOAD c:/program files (x86)/atmel/studio/7.0/toolchain/arm/arm-gnu-toolchain/bin/../lib/gcc/arm-none-eabi/6.3.1/thumb/v7e-m/crtend.o
LOAD c:/program files (x86)/atmel/studio/7.0/toolchain/arm/arm-gnu-toolchain/bin/../lib/gcc/arm-none-eabi/6.3.1/thumb/v7e-m/crtn.o
                0x00003000                __stack_size__ = DEFINED (__stack_size__)?__stack_size__:0x3000
                0x2001fffc                __ram_end__ = ((ORIGIN (ram) + LENGTH (ram)) - 0x4)

.text           0x00400000     0x7914
                0x00400000                . = ALIGN (0x4)
                0x00400000                _sfixed = .
 *(.vectors .vectors.*)
 .vectors       0x00400000       0xcc src/ASF/sam/utils/cmsis/sam4s/source/templates/gcc/startup_sam4s.o
                0x00400000                exception_table
 *(.text .text.* .gnu.linkonce.t.*)
 .text          0x004000cc       0x6c c:/program files (x86)/atmel/studio/7.0/toolchain/arm/arm-gnu-toolchain/bin/../lib/gcc/arm-none-eabi/6.3.1/thumb/v7e-m/crtbegin.o
 .text.pio_handler_process
                0x00400138       0x68 src/ASF/sam/drivers/pio/pio_handler.o
                0x00400138                pio_handler_process
 .text.pio_handler_set
                0x004001a0       0x70 src/ASF/sam/drivers/pio/pio_handler.o
                0x004001a0                pio_handler_set
 .text.PIOA_Handler
                0x00400210       0x14 src/ASF/sam/drivers/pio/pio_handler.o
                0x00400210                PIOA_Handler
 .text.PIOB_Handler
                0x00400224       0x14 src/ASF/sam/drivers/pio/pio_handler.o
                0x00400224                PIOB_Handler
 .text.spi_enable_clock
                0x00400238       0x10 src/ASF/sam/drivers/spi/spi.o
                0x00400238                spi_enable_clock
 .text.spi_set_peripheral_chip_select_value
                0x00400248       0x16 src/ASF/sam/drivers/spi/spi.o
                0x00400248                spi_set_peripheral_chip_select_value
 .text.spi_read
                0x0040025e       0x2e src/ASF/sam/drivers/spi/spi.o
                0x0040025e                spi_read
 .text.spi_write
                0x0040028c       0x34 src/ASF/sam/drivers/spi/spi.o
                0x0040028c                spi_write
 .text.spi_set_clock_polarity
                0x004002c0       0x1e src/ASF/sam/drivers/spi/spi.o
                0x004002c0                spi_set_clock_polarity
 .text.spi_set_clock_phase
                0x004002de       0x1e src/ASF/sam/drivers/spi/spi.o
                0x004002de                spi_set_clock_phase
 .text.spi_set_bits_per_transfer
                0x004002fc       0x14 src/ASF/sam/drivers/spi/spi.o
                0x004002fc                spi_set_bits_per_transfer
 .text.tc_init  0x00400310       0x18 src/ASF/sam/drivers/tc/tc.o
                0x00400310                tc_init
 .text.tc_start
                0x00400328        0x8 src/ASF/sam/drivers/tc/tc.o
                0x00400328                tc_start
 .text.tc_write_rc
                0x00400330        0x8 src/ASF/sam/drivers/tc/tc.o
                0x00400330                tc_write_rc
 .text.tc_enable_interrupt
                0x00400338        0x8 src/ASF/sam/drivers/tc/tc.o
                0x00400338                tc_enable_interrupt
 .text.tc_get_status
                0x00400340        0x8 src/ASF/sam/drivers/tc/tc.o
                0x00400340                tc_get_status
 .text.tc_find_mck_divisor
                0x00400348       0x70 src/ASF/sam/drivers/tc/tc.o
                0x00400348                tc_find_mck_divisor
 .text.twi_set_speed
                0x004003b8       0xb8 src/ASF/sam/drivers/twi/twi.o
                0x004003b8                twi_set_speed
 .text.twi_master_init
                0x00400470       0x40 src/ASF/sam/drivers/twi/twi.o
                0x00400470                twi_master_init
 .text.twi_mk_addr
                0x004004b0       0x22 src/ASF/sam/drivers/twi/twi.o
                0x004004b0                twi_mk_addr
 *fill*         0x004004d2        0x2 
 .text.twi_master_read
                0x004004d4       0xc0 src/ASF/sam/drivers/twi/twi.o
                0x004004d4                twi_master_read
 .text.twi_master_write
                0x00400594       0x88 src/ASF/sam/drivers/twi/twi.o
                0x00400594                twi_master_write
 .text.usart_set_async_baudrate
                0x0040061c       0x58 src/ASF/sam/drivers/usart/usart.o
                0x0040061c                usart_set_async_baudrate
 .text.usart_reset
                0x00400674       0x30 src/ASF/sam/drivers/usart/usart.o
                0x00400674                usart_reset
 .text.usart_init_rs232
                0x004006a4       0x54 src/ASF/sam/drivers/usart/usart.o
                0x004006a4                usart_init_rs232
 .text.usart_enable_tx
                0x004006f8        0x6 src/ASF/sam/drivers/usart/usart.o
                0x004006f8                usart_enable_tx
 .text.usart_enable_rx
                0x004006fe        0x6 src/ASF/sam/drivers/usart/usart.o
                0x004006fe                usart_enable_rx
 .text.usart_enable_interrupt
                0x00400704        0x4 src/ASF/sam/drivers/usart/usart.o
                0x00400704                usart_enable_interrupt
 .text.usart_disable_interrupt
                0x00400708        0x4 src/ASF/sam/drivers/usart/usart.o
                0x00400708                usart_disable_interrupt
 .text.usart_get_status
                0x0040070c        0x4 src/ASF/sam/drivers/usart/usart.o
                0x0040070c                usart_get_status
 .text.usart_putchar
                0x00400710       0x12 src/ASF/sam/drivers/usart/usart.o
                0x00400710                usart_putchar
 *fill*         0x00400722        0x2 
 .text.usart_write_line
                0x00400724       0x20 src/ASF/sam/drivers/usart/usart.o
                0x00400724                usart_write_line
 .text.usart_read
                0x00400744       0x18 src/ASF/sam/drivers/usart/usart.o
                0x00400744                usart_read
 .text.wdt_disable
                0x0040075c        0x8 src/ASF/sam/drivers/wdt/wdt.o
                0x0040075c                wdt_disable
 .text.vsync_handler
                0x00400764        0xc src/camera.o
                0x00400764                vsync_handler
 .text.init_vsync_interrupts
                0x00400770       0x34 src/camera.o
                0x00400770                init_vsync_interrupts
 .text.configure_twi
                0x004007a4       0x58 src/camera.o
                0x004007a4                configure_twi
 .text.configure_camera
                0x004007fc       0x28 src/camera.o
                0x004007fc                configure_camera
 .text.pio_capture_init
                0x00400824       0x58 src/camera.o
                0x00400824                pio_capture_init
 .text.init_camera
                0x0040087c       0x60 src/camera.o
                0x0040087c                init_camera
 .text.pio_capture_to_buffer
                0x004008dc       0x34 src/camera.o
                0x004008dc                pio_capture_to_buffer
 .text.find_image_len
                0x00400910       0x7c src/camera.o
                0x00400910                find_image_len
 .text.start_capture
                0x0040098c       0x74 src/camera.o
                0x0040098c                start_capture
 .text.ov_read_reg
                0x00400a00        0xc src/ov2640.o
                0x00400a00                ov_read_reg
 .text.ov_write_reg
                0x00400a0c        0xc src/ov2640.o
                0x00400a0c                ov_write_reg
 .text.ov_write_regs
                0x00400a18       0x5c src/ov2640.o
                0x00400a18                ov_write_regs
 .text.ov_init  0x00400a74      0x13c src/ov2640.o
                0x00400a74                ov_init
 .text.ov_configure
                0x00400bb0       0xbc src/ov2640.o
                0x00400bb0                ov_configure
 .text.TC0_Handler
                0x00400c6c       0x28 src/timer_interface.o
                0x00400c6c                TC0_Handler
 .text.configure_tc
                0x00400c94       0x7c src/timer_interface.o
                0x00400c94                configure_tc
 .text.wifi_provision_handler
                0x00400d10        0xc src/wifi.o
                0x00400d10                wifi_provision_handler
 .text.process_incoming_byte_wifi
                0x00400d1c       0x18 src/wifi.o
                0x00400d1c                process_incoming_byte_wifi
 .text.USART0_Handler
                0x00400d34       0x38 src/wifi.o
                0x00400d34                USART0_Handler
 .text.process_data_wifi
                0x00400d6c       0x24 src/wifi.o
                0x00400d6c                process_data_wifi
 .text.wifi_command_response_handler
                0x00400d90       0x34 src/wifi.o
                0x00400d90                wifi_command_response_handler
 .text.configure_usart
                0x00400dc4       0x78 src/wifi.o
                0x00400dc4                configure_usart
 .text.configure_wifi_comm_pin
                0x00400e3c       0x4c src/wifi.o
                0x00400e3c                configure_wifi_comm_pin
 .text.write_wifi_command
                0x00400e88       0x5c src/wifi.o
                0x00400e88                write_wifi_command
 .text.configure_wifi_provision_pin
                0x00400ee4       0x4c src/wifi.o
                0x00400ee4                configure_wifi_provision_pin
 .text.SPI_Handler
                0x00400f30       0x60 src/wifi.o
                0x00400f30                SPI_Handler
 .text.spi_peripheral_initialize
                0x00400f90       0x68 src/wifi.o
                0x00400f90                spi_peripheral_initialize
 .text.prepare_spi_transfer
                0x00400ff8       0x34 src/wifi.o
                0x00400ff8                prepare_spi_transfer
 .text.configure_spi
                0x0040102c       0x38 src/wifi.o
                0x0040102c                configure_spi
 .text.write_image_to_web
                0x00401064       0x40 src/wifi.o
                0x00401064                write_image_to_web
 .text.sysclk_init
                0x004010a4       0x64 src/ASF/common/services/clock/sam4s/sysclk.o
                0x004010a4                sysclk_init
 .text.pio_set_peripheral
                0x00401108       0x90 src/ASF/sam/drivers/pio/pio.o
                0x00401108                pio_set_peripheral
 .text.pio_set_input
                0x00401198       0x32 src/ASF/sam/drivers/pio/pio.o
                0x00401198                pio_set_input
 .text.pio_set_output
                0x004011ca       0x26 src/ASF/sam/drivers/pio/pio.o
                0x004011ca                pio_set_output
 .text.pio_configure_interrupt
                0x004011f0       0x2e src/ASF/sam/drivers/pio/pio.o
                0x004011f0                pio_configure_interrupt
 .text.pio_enable_interrupt
                0x0040121e        0x4 src/ASF/sam/drivers/pio/pio.o
                0x0040121e                pio_enable_interrupt
 .text.pio_disable_interrupt
                0x00401222        0x4 src/ASF/sam/drivers/pio/pio.o
                0x00401222                pio_disable_interrupt
 .text.pio_get_interrupt_status
                0x00401226        0x4 src/ASF/sam/drivers/pio/pio.o
                0x00401226                pio_get_interrupt_status
 .text.pio_get_interrupt_mask
                0x0040122a        0x4 src/ASF/sam/drivers/pio/pio.o
                0x0040122a                pio_get_interrupt_mask
 *fill*         0x0040122e        0x2 
 .text.pio_configure_pin
                0x00401230      0x120 src/ASF/sam/drivers/pio/pio.o
                0x00401230                pio_configure_pin
 .text.pio_capture_enable
                0x00401350       0x18 src/ASF/sam/drivers/pio/pio.o
                0x00401350                pio_capture_enable
 .text.pio_capture_disable
                0x00401368       0x18 src/ASF/sam/drivers/pio/pio.o
                0x00401368                pio_capture_disable
 .text.pmc_switch_mck_to_pllack
                0x00401380       0x64 src/ASF/sam/drivers/pmc/pmc.o
                0x00401380                pmc_switch_mck_to_pllack
 .text.pmc_switch_mainck_to_xtal
                0x004013e4       0x54 src/ASF/sam/drivers/pmc/pmc.o
                0x004013e4                pmc_switch_mainck_to_xtal
 .text.pmc_osc_is_ready_mainck
                0x00401438       0x10 src/ASF/sam/drivers/pmc/pmc.o
                0x00401438                pmc_osc_is_ready_mainck
 .text.pmc_disable_pllack
                0x00401448       0x10 src/ASF/sam/drivers/pmc/pmc.o
                0x00401448                pmc_disable_pllack
 .text.pmc_is_locked_pllack
                0x00401458       0x10 src/ASF/sam/drivers/pmc/pmc.o
                0x00401458                pmc_is_locked_pllack
 .text.pmc_enable_pllbck
                0x00401468       0x34 src/ASF/sam/drivers/pmc/pmc.o
                0x00401468                pmc_enable_pllbck
 .text.pmc_enable_periph_clk
                0x0040149c       0x54 src/ASF/sam/drivers/pmc/pmc.o
                0x0040149c                pmc_enable_periph_clk
 .text.board_init
                0x004014f0      0x104 src/ASF/common/boards/user_board/init.o
                0x004014f0                board_init
 .text.Dummy_Handler
                0x004015f4        0x2 src/ASF/sam/utils/cmsis/sam4s/source/templates/gcc/startup_sam4s.o
                0x004015f4                DACC_Handler
                0x004015f4                DebugMon_Handler
                0x004015f4                HardFault_Handler
                0x004015f4                TC2_Handler
                0x004015f4                SysTick_Handler
                0x004015f4                TWI1_Handler
                0x004015f4                PendSV_Handler
                0x004015f4                NMI_Handler
                0x004015f4                ADC_Handler
                0x004015f4                CRCCU_Handler
                0x004015f4                RTT_Handler
                0x004015f4                RTC_Handler
                0x004015f4                UsageFault_Handler
                0x004015f4                WDT_Handler
                0x004015f4                TC1_Handler
                0x004015f4                HSMCI_Handler
                0x004015f4                UART1_Handler
                0x004015f4                Dummy_Handler
                0x004015f4                TWI0_Handler
                0x004015f4                USART1_Handler
                0x004015f4                SSC_Handler
                0x004015f4                EFC0_Handler
                0x004015f4                ACC_Handler
                0x004015f4                PMC_Handler
                0x004015f4                PWM_Handler
                0x004015f4                MemManage_Handler
                0x004015f4                SUPC_Handler
                0x004015f4                SVC_Handler
                0x004015f4                UART0_Handler
                0x004015f4                UDP_Handler
                0x004015f4                BusFault_Handler
                0x004015f4                RSTC_Handler
 *fill*         0x004015f6        0x2 
 .text.Reset_Handler
                0x004015f8       0xac src/ASF/sam/utils/cmsis/sam4s/source/templates/gcc/startup_sam4s.o
                0x004015f8                Reset_Handler
 .text.SystemCoreClockUpdate
                0x004016a4      0x110 src/ASF/sam/utils/cmsis/sam4s/source/templates/system_sam4s.o
                0x004016a4                SystemCoreClockUpdate
 .text.system_init_flash
                0x004017b4       0x74 src/ASF/sam/utils/cmsis/sam4s/source/templates/system_sam4s.o
                0x004017b4                system_init_flash
 .text._sbrk    0x00401828       0x38 src/ASF/sam/utils/syscalls/gcc/syscalls.o
                0x00401828                _sbrk
 .text.main     0x00401860      0x1ec src/main.o
                0x00401860                main
 .text.__libc_init_array
                0x00401a4c       0x50 c:/program files (x86)/atmel/studio/7.0/toolchain/arm/arm-gnu-toolchain/bin/../lib/gcc/arm-none-eabi/6.3.1/../../../../arm-none-eabi/lib/thumb/v7e-m\libc.a(lib_a-init.o)
                0x00401a4c                __libc_init_array
 .text.memset   0x00401a9c       0x9c c:/program files (x86)/atmel/studio/7.0/toolchain/arm/arm-gnu-toolchain/bin/../lib/gcc/arm-none-eabi/6.3.1/../../../../arm-none-eabi/lib/thumb/v7e-m\libc.a(lib_a-memset.o)
                0x00401a9c                memset
 .text.sprintf  0x00401b38       0x4c c:/program files (x86)/atmel/studio/7.0/toolchain/arm/arm-gnu-toolchain/bin/../lib/gcc/arm-none-eabi/6.3.1/../../../../arm-none-eabi/lib/thumb/v7e-m\libc.a(lib_a-sprintf.o)
                0x00401b38                sprintf
 .text.critical_factorization
                0x00401b84       0xb4 c:/program files (x86)/atmel/studio/7.0/toolchain/arm/arm-gnu-toolchain/bin/../lib/gcc/arm-none-eabi/6.3.1/../../../../arm-none-eabi/lib/thumb/v7e-m\libc.a(lib_a-strstr.o)
 .text.two_way_long_needle
                0x00401c38      0x1fc c:/program files (x86)/atmel/studio/7.0/toolchain/arm/arm-gnu-toolchain/bin/../lib/gcc/arm-none-eabi/6.3.1/../../../../arm-none-eabi/lib/thumb/v7e-m\libc.a(lib_a-strstr.o)
 .text.strstr   0x00401e34      0x218 c:/program files (x86)/atmel/studio/7.0/toolchain/arm/arm-gnu-toolchain/bin/../lib/gcc/arm-none-eabi/6.3.1/../../../../arm-none-eabi/lib/thumb/v7e-m\libc.a(lib_a-strstr.o)
                0x00401e34                strstr
 .text._svfprintf_r
                0x0040204c     0x145c c:/program files (x86)/atmel/studio/7.0/toolchain/arm/arm-gnu-toolchain/bin/../lib/gcc/arm-none-eabi/6.3.1/../../../../arm-none-eabi/lib/thumb/v7e-m\libc.a(lib_a-svfprintf.o)
                0x0040204c                _svfprintf_r
 .text.startup.register_fini
                0x004034a8       0x14 c:/program files (x86)/atmel/studio/7.0/toolchain/arm/arm-gnu-toolchain/bin/../lib/gcc/arm-none-eabi/6.3.1/../../../../arm-none-eabi/lib/thumb/v7e-m\libc.a(lib_a-__call_atexit.o)
 .text.atexit   0x004034bc        0xc c:/program files (x86)/atmel/studio/7.0/toolchain/arm/arm-gnu-toolchain/bin/../lib/gcc/arm-none-eabi/6.3.1/../../../../arm-none-eabi/lib/thumb/v7e-m\libc.a(lib_a-atexit.o)
                0x004034bc                atexit
 .text.quorem   0x004034c8      0x128 c:/program files (x86)/atmel/studio/7.0/toolchain/arm/arm-gnu-toolchain/bin/../lib/gcc/arm-none-eabi/6.3.1/../../../../arm-none-eabi/lib/thumb/v7e-m\libc.a(lib_a-dtoa.o)
 .text._dtoa_r  0x004035f0      0xe54 c:/program files (x86)/atmel/studio/7.0/toolchain/arm/arm-gnu-toolchain/bin/../lib/gcc/arm-none-eabi/6.3.1/../../../../arm-none-eabi/lib/thumb/v7e-m\libc.a(lib_a-dtoa.o)
                0x004035f0                _dtoa_r
 .text.__libc_fini_array
                0x00404444       0x34 c:/program files (x86)/atmel/studio/7.0/toolchain/arm/arm-gnu-toolchain/bin/../lib/gcc/arm-none-eabi/6.3.1/../../../../arm-none-eabi/lib/thumb/v7e-m\libc.a(lib_a-fini.o)
                0x00404444                __libc_fini_array
 .text._localeconv_r
                0x00404478       0x1c c:/program files (x86)/atmel/studio/7.0/toolchain/arm/arm-gnu-toolchain/bin/../lib/gcc/arm-none-eabi/6.3.1/../../../../arm-none-eabi/lib/thumb/v7e-m\libc.a(lib_a-localeconv.o)
                0x00404478                _localeconv_r
 .text.__retarget_lock_acquire_recursive
                0x00404494        0x4 c:/program files (x86)/atmel/studio/7.0/toolchain/arm/arm-gnu-toolchain/bin/../lib/gcc/arm-none-eabi/6.3.1/../../../../arm-none-eabi/lib/thumb/v7e-m\libc.a(lib_a-lock.o)
                0x00404494                __retarget_lock_acquire_recursive
 .text.__retarget_lock_release_recursive
                0x00404498        0x4 c:/program files (x86)/atmel/studio/7.0/toolchain/arm/arm-gnu-toolchain/bin/../lib/gcc/arm-none-eabi/6.3.1/../../../../arm-none-eabi/lib/thumb/v7e-m\libc.a(lib_a-lock.o)
                0x00404498                __retarget_lock_release_recursive
 .text._malloc_r
                0x0040449c      0x560 c:/program files (x86)/atmel/studio/7.0/toolchain/arm/arm-gnu-toolchain/bin/../lib/gcc/arm-none-eabi/6.3.1/../../../../arm-none-eabi/lib/thumb/v7e-m\libc.a(lib_a-mallocr.o)
                0x0040449c                _malloc_r
 *fill*         0x004049fc        0x4 
 .text          0x00404a00       0xa0 c:/program files (x86)/atmel/studio/7.0/toolchain/arm/arm-gnu-toolchain/bin/../lib/gcc/arm-none-eabi/6.3.1/../../../../arm-none-eabi/lib/thumb/v7e-m\libc.a(lib_a-memchr.o)
                0x00404a00                memchr
 .text.memcmp   0x00404aa0       0x60 c:/program files (x86)/atmel/studio/7.0/toolchain/arm/arm-gnu-toolchain/bin/../lib/gcc/arm-none-eabi/6.3.1/../../../../arm-none-eabi/lib/thumb/v7e-m\libc.a(lib_a-memcmp.o)
                0x00404aa0                memcmp
 .text          0x00404b00      0x134 c:/program files (x86)/atmel/studio/7.0/toolchain/arm/arm-gnu-toolchain/bin/../lib/gcc/arm-none-eabi/6.3.1/../../../../arm-none-eabi/lib/thumb/v7e-m\libc.a(lib_a-memcpy.o)
                0x00404b00                memcpy
 .text.__malloc_lock
                0x00404c34        0xc c:/program files (x86)/atmel/studio/7.0/toolchain/arm/arm-gnu-toolchain/bin/../lib/gcc/arm-none-eabi/6.3.1/../../../../arm-none-eabi/lib/thumb/v7e-m\libc.a(lib_a-mlock.o)
                0x00404c34                __malloc_lock
 .text.__malloc_unlock
                0x00404c40        0xc c:/program files (x86)/atmel/studio/7.0/toolchain/arm/arm-gnu-toolchain/bin/../lib/gcc/arm-none-eabi/6.3.1/../../../../arm-none-eabi/lib/thumb/v7e-m\libc.a(lib_a-mlock.o)
                0x00404c40                __malloc_unlock
 .text._Balloc  0x00404c4c       0x4c c:/program files (x86)/atmel/studio/7.0/toolchain/arm/arm-gnu-toolchain/bin/../lib/gcc/arm-none-eabi/6.3.1/../../../../arm-none-eabi/lib/thumb/v7e-m\libc.a(lib_a-mprec.o)
                0x00404c4c                _Balloc
 .text._Bfree   0x00404c98       0x14 c:/program files (x86)/atmel/studio/7.0/toolchain/arm/arm-gnu-toolchain/bin/../lib/gcc/arm-none-eabi/6.3.1/../../../../arm-none-eabi/lib/thumb/v7e-m\libc.a(lib_a-mprec.o)
                0x00404c98                _Bfree
 .text.__multadd
                0x00404cac       0x80 c:/program files (x86)/atmel/studio/7.0/toolchain/arm/arm-gnu-toolchain/bin/../lib/gcc/arm-none-eabi/6.3.1/../../../../arm-none-eabi/lib/thumb/v7e-m\libc.a(lib_a-mprec.o)
                0x00404cac                __multadd
 .text.__hi0bits
                0x00404d2c       0x40 c:/program files (x86)/atmel/studio/7.0/toolchain/arm/arm-gnu-toolchain/bin/../lib/gcc/arm-none-eabi/6.3.1/../../../../arm-none-eabi/lib/thumb/v7e-m\libc.a(lib_a-mprec.o)
                0x00404d2c                __hi0bits
 .text.__lo0bits
                0x00404d6c       0x60 c:/program files (x86)/atmel/studio/7.0/toolchain/arm/arm-gnu-toolchain/bin/../lib/gcc/arm-none-eabi/6.3.1/../../../../arm-none-eabi/lib/thumb/v7e-m\libc.a(lib_a-mprec.o)
                0x00404d6c                __lo0bits
 .text.__i2b    0x00404dcc       0x14 c:/program files (x86)/atmel/studio/7.0/toolchain/arm/arm-gnu-toolchain/bin/../lib/gcc/arm-none-eabi/6.3.1/../../../../arm-none-eabi/lib/thumb/v7e-m\libc.a(lib_a-mprec.o)
                0x00404dcc                __i2b
 .text.__multiply
                0x00404de0      0x124 c:/program files (x86)/atmel/studio/7.0/toolchain/arm/arm-gnu-toolchain/bin/../lib/gcc/arm-none-eabi/6.3.1/../../../../arm-none-eabi/lib/thumb/v7e-m\libc.a(lib_a-mprec.o)
                0x00404de0                __multiply
 .text.__pow5mult
                0x00404f04       0xa0 c:/program files (x86)/atmel/studio/7.0/toolchain/arm/arm-gnu-toolchain/bin/../lib/gcc/arm-none-eabi/6.3.1/../../../../arm-none-eabi/lib/thumb/v7e-m\libc.a(lib_a-mprec.o)
                0x00404f04                __pow5mult
 .text.__lshift
                0x00404fa4       0xa4 c:/program files (x86)/atmel/studio/7.0/toolchain/arm/arm-gnu-toolchain/bin/../lib/gcc/arm-none-eabi/6.3.1/../../../../arm-none-eabi/lib/thumb/v7e-m\libc.a(lib_a-mprec.o)
                0x00404fa4                __lshift
 .text.__mcmp   0x00405048       0x38 c:/program files (x86)/atmel/studio/7.0/toolchain/arm/arm-gnu-toolchain/bin/../lib/gcc/arm-none-eabi/6.3.1/../../../../arm-none-eabi/lib/thumb/v7e-m\libc.a(lib_a-mprec.o)
                0x00405048                __mcmp
 .text.__mdiff  0x00405080      0x108 c:/program files (x86)/atmel/studio/7.0/toolchain/arm/arm-gnu-toolchain/bin/../lib/gcc/arm-none-eabi/6.3.1/../../../../arm-none-eabi/lib/thumb/v7e-m\libc.a(lib_a-mprec.o)
                0x00405080                __mdiff
 .text.__d2b    0x00405188       0xb8 c:/program files (x86)/atmel/studio/7.0/toolchain/arm/arm-gnu-toolchain/bin/../lib/gcc/arm-none-eabi/6.3.1/../../../../arm-none-eabi/lib/thumb/v7e-m\libc.a(lib_a-mprec.o)
                0x00405188                __d2b
 .text._sbrk_r  0x00405240       0x24 c:/program files (x86)/atmel/studio/7.0/toolchain/arm/arm-gnu-toolchain/bin/../lib/gcc/arm-none-eabi/6.3.1/../../../../arm-none-eabi/lib/thumb/v7e-m\libc.a(lib_a-sbrkr.o)
                0x00405240                _sbrk_r
 .text.strchr   0x00405264       0xe8 c:/program files (x86)/atmel/studio/7.0/toolchain/arm/arm-gnu-toolchain/bin/../lib/gcc/arm-none-eabi/6.3.1/../../../../arm-none-eabi/lib/thumb/v7e-m\libc.a(lib_a-strchr.o)
                0x00405264                strchr
 *fill*         0x0040534c       0x34 
 .text          0x00405380       0xdc c:/program files (x86)/atmel/studio/7.0/toolchain/arm/arm-gnu-toolchain/bin/../lib/gcc/arm-none-eabi/6.3.1/../../../../arm-none-eabi/lib/thumb/v7e-m\libc.a(lib_a-strlen.o)
                0x00405380                strlen
 .text.__ssprint_r
                0x0040545c       0xfc c:/program files (x86)/atmel/studio/7.0/toolchain/arm/arm-gnu-toolchain/bin/../lib/gcc/arm-none-eabi/6.3.1/../../../../arm-none-eabi/lib/thumb/v7e-m\libc.a(lib_a-svfiprintf.o)
                0x0040545c                __ssprint_r
 .text.__register_exitproc
                0x00405558       0xc4 c:/program files (x86)/atmel/studio/7.0/toolchain/arm/arm-gnu-toolchain/bin/../lib/gcc/arm-none-eabi/6.3.1/../../../../arm-none-eabi/lib/thumb/v7e-m\libc.a(lib_a-__atexit.o)
                0x00405558                __register_exitproc
 .text._calloc_r
                0x0040561c       0x60 c:/program files (x86)/atmel/studio/7.0/toolchain/arm/arm-gnu-toolchain/bin/../lib/gcc/arm-none-eabi/6.3.1/../../../../arm-none-eabi/lib/thumb/v7e-m\libc.a(lib_a-callocr.o)
                0x0040561c                _calloc_r
 .text._malloc_trim_r
                0x0040567c       0xa0 c:/program files (x86)/atmel/studio/7.0/toolchain/arm/arm-gnu-toolchain/bin/../lib/gcc/arm-none-eabi/6.3.1/../../../../arm-none-eabi/lib/thumb/v7e-m\libc.a(lib_a-freer.o)
                0x0040567c                _malloc_trim_r
 .text._free_r  0x0040571c      0x1cc c:/program files (x86)/atmel/studio/7.0/toolchain/arm/arm-gnu-toolchain/bin/../lib/gcc/arm-none-eabi/6.3.1/../../../../arm-none-eabi/lib/thumb/v7e-m\libc.a(lib_a-freer.o)
                0x0040571c                _free_r
 .text.__ascii_mbtowc
                0x004058e8       0x2c c:/program files (x86)/atmel/studio/7.0/toolchain/arm/arm-gnu-toolchain/bin/../lib/gcc/arm-none-eabi/6.3.1/../../../../arm-none-eabi/lib/thumb/v7e-m\libc.a(lib_a-mbtowc_r.o)
                0x004058e8                __ascii_mbtowc
 .text.memmove  0x00405914       0xc8 c:/program files (x86)/atmel/studio/7.0/toolchain/arm/arm-gnu-toolchain/bin/../lib/gcc/arm-none-eabi/6.3.1/../../../../arm-none-eabi/lib/thumb/v7e-m\libc.a(lib_a-memmove.o)
                0x00405914                memmove
 .text._realloc_r
                0x004059dc      0x34c c:/program files (x86)/atmel/studio/7.0/toolchain/arm/arm-gnu-toolchain/bin/../lib/gcc/arm-none-eabi/6.3.1/../../../../arm-none-eabi/lib/thumb/v7e-m\libc.a(lib_a-reallocr.o)
                0x004059dc                _realloc_r
 .text.__ascii_wctomb
                0x00405d28       0x1c c:/program files (x86)/atmel/studio/7.0/toolchain/arm/arm-gnu-toolchain/bin/../lib/gcc/arm-none-eabi/6.3.1/../../../../arm-none-eabi/lib/thumb/v7e-m\libc.a(lib_a-wctomb_r.o)
                0x00405d28                __ascii_wctomb
 .text          0x00405d44      0x370 c:/program files (x86)/atmel/studio/7.0/toolchain/arm/arm-gnu-toolchain/bin/../lib/gcc/arm-none-eabi/6.3.1/thumb/v7e-m\libgcc.a(_arm_addsubdf3.o)
                0x00405d44                __aeabi_drsub
                0x00405d4c                __aeabi_dsub
                0x00405d4c                __subdf3
                0x00405d50                __aeabi_dadd
                0x00405d50                __adddf3
                0x00405fc8                __floatunsidf
                0x00405fc8                __aeabi_ui2d
                0x00405fe8                __floatsidf
                0x00405fe8                __aeabi_i2d
                0x0040600c                __aeabi_f2d
                0x0040600c                __extendsfdf2
                0x00406048                __floatundidf
                0x00406048                __aeabi_ul2d
                0x00406058                __floatdidf
                0x00406058                __aeabi_l2d
 .text          0x004060b4      0x424 c:/program files (x86)/atmel/studio/7.0/toolchain/arm/arm-gnu-toolchain/bin/../lib/gcc/arm-none-eabi/6.3.1/thumb/v7e-m\libgcc.a(_arm_muldivdf3.o)
                0x004060b4                __aeabi_dmul
                0x004060b4                __muldf3
                0x00406308                __divdf3
                0x00406308                __aeabi_ddiv
 .text          0x004064d8      0x110 c:/program files (x86)/atmel/studio/7.0/toolchain/arm/arm-gnu-toolchain/bin/../lib/gcc/arm-none-eabi/6.3.1/thumb/v7e-m\libgcc.a(_arm_cmpdf2.o)
                0x004064d8                __gtdf2
                0x004064d8                __gedf2
                0x004064e0                __ltdf2
                0x004064e0                __ledf2
                0x004064e8                __nedf2
                0x004064e8                __eqdf2
                0x004064e8                __cmpdf2
                0x00406564                __aeabi_cdrcmple
                0x00406574                __aeabi_cdcmpeq
                0x00406574                __aeabi_cdcmple
                0x00406584                __aeabi_dcmpeq
                0x00406598                __aeabi_dcmplt
                0x004065ac                __aeabi_dcmple
                0x004065c0                __aeabi_dcmpge
                0x004065d4                __aeabi_dcmpgt
 .text          0x004065e8       0x2c c:/program files (x86)/atmel/studio/7.0/toolchain/arm/arm-gnu-toolchain/bin/../lib/gcc/arm-none-eabi/6.3.1/thumb/v7e-m\libgcc.a(_arm_unorddf2.o)
                0x004065e8                __unorddf2
                0x004065e8                __aeabi_dcmpun
 .text          0x00406614       0x50 c:/program files (x86)/atmel/studio/7.0/toolchain/arm/arm-gnu-toolchain/bin/../lib/gcc/arm-none-eabi/6.3.1/thumb/v7e-m\libgcc.a(_arm_fixdfsi.o)
                0x00406614                __aeabi_d2iz
                0x00406614                __fixdfsi
 .text          0x00406664       0x30 c:/program files (x86)/atmel/studio/7.0/toolchain/arm/arm-gnu-toolchain/bin/../lib/gcc/arm-none-eabi/6.3.1/thumb/v7e-m\libgcc.a(_aeabi_uldivmod.o)
                0x00406664                __aeabi_uldivmod
 .text          0x00406694      0x2dc c:/program files (x86)/atmel/studio/7.0/toolchain/arm/arm-gnu-toolchain/bin/../lib/gcc/arm-none-eabi/6.3.1/thumb/v7e-m\libgcc.a(_udivmoddi4.o)
                0x00406694                __udivmoddi4
 .text          0x00406970        0x4 c:/program files (x86)/atmel/studio/7.0/toolchain/arm/arm-gnu-toolchain/bin/../lib/gcc/arm-none-eabi/6.3.1/thumb/v7e-m\libgcc.a(_dvmd_tls.o)
                0x00406970                __aeabi_idiv0
                0x00406970                __aeabi_ldiv0
 *(.glue_7t)
 .glue_7t       0x00406974        0x0 linker stubs
 *(.glue_7)
 .glue_7        0x00406974        0x0 linker stubs
 *(.rodata .rodata* .gnu.linkonce.r.*)
 .rodata.OV2640_JPEG
                0x00406974       0x12 src/ov2640_table_registers.o
                0x00406974                OV2640_JPEG
 *fill*         0x00406986        0x2 
 .rodata.OV2640_JPEG_1024x768
                0x00406988       0x4e src/ov2640_table_registers.o
                0x00406988                OV2640_JPEG_1024x768
 *fill*         0x004069d6        0x2 
 .rodata.OV2640_JPEG_1280x1024
                0x004069d8       0x52 src/ov2640_table_registers.o
                0x004069d8                OV2640_JPEG_1280x1024
 *fill*         0x00406a2a        0x2 
 .rodata.OV2640_JPEG_1600x1200
                0x00406a2c       0x52 src/ov2640_table_registers.o
                0x00406a2c                OV2640_JPEG_1600x1200
 *fill*         0x00406a7e        0x2 
 .rodata.OV2640_JPEG_320x240
                0x00406a80       0x50 src/ov2640_table_registers.o
                0x00406a80                OV2640_JPEG_320x240
 .rodata.OV2640_JPEG_640x480
                0x00406ad0       0x52 src/ov2640_table_registers.o
                0x00406ad0                OV2640_JPEG_640x480
 *fill*         0x00406b22        0x2 
 .rodata.OV2640_JPEG_800x600
                0x00406b24       0x52 src/ov2640_table_registers.o
                0x00406b24                OV2640_JPEG_800x600
 *fill*         0x00406b76        0x2 
 .rodata.OV2640_JPEG_INIT
                0x00406b78      0x17e src/ov2640_table_registers.o
                0x00406b78                OV2640_JPEG_INIT
 *fill*         0x00406cf6        0x2 
 .rodata.OV2640_QQVGA_RGB888
                0x00406cf8       0xf4 src/ov2640_table_registers.o
                0x00406cf8                OV2640_QQVGA_RGB888
 .rodata.OV2640_QQVGA_YUV422
                0x00406dec       0xf4 src/ov2640_table_registers.o
                0x00406dec                OV2640_QQVGA_YUV422
 .rodata.OV2640_QVGA_RGB888
                0x00406ee0       0xf4 src/ov2640_table_registers.o
                0x00406ee0                OV2640_QVGA_RGB888
 .rodata.OV2640_QVGA_YUV422_10FPS
                0x00406fd4       0xf0 src/ov2640_table_registers.o
                0x00406fd4                OV2640_QVGA_YUV422_10FPS
 .rodata.OV2640_QVGA_YUV422_15FPS
                0x004070c4       0xf0 src/ov2640_table_registers.o
                0x004070c4                OV2640_QVGA_YUV422_15FPS
 .rodata.OV2640_QVGA_YUV422_20FPS
                0x004071b4       0xf0 src/ov2640_table_registers.o
                0x004071b4                OV2640_QVGA_YUV422_20FPS
 .rodata.OV2640_QVGA_YUV422_30FPS
                0x004072a4       0xf0 src/ov2640_table_registers.o
                0x004072a4                OV2640_QVGA_YUV422_30FPS
 .rodata.OV2640_TEST_PATTERN
                0x00407394       0xf4 src/ov2640_table_registers.o
                0x00407394                OV2640_TEST_PATTERN
 .rodata.OV2640_VGA_YUV422_20FPS
                0x00407488       0xf0 src/ov2640_table_registers.o
                0x00407488                OV2640_VGA_YUV422_20FPS
 .rodata.OV2640_YUV422
                0x00407578       0x14 src/ov2640_table_registers.o
                0x00407578                OV2640_YUV422
 .rodata        0x0040758c       0x18 src/wifi.o
 .rodata.process_data_wifi.str1.4
                0x004075a4        0x8 src/wifi.o
 .rodata.write_image_to_web.str1.4
                0x004075ac       0x12 src/wifi.o
 *fill*         0x004075be        0x2 
 .rodata.write_wifi_command.str1.4
                0x004075c0        0x5 src/wifi.o
 *fill*         0x004075c5        0x3 
 .rodata.main.str1.4
                0x004075c8       0x9d src/main.o
 *fill*         0x00407665        0x3 
 .rodata._global_impure_ptr
                0x00407668        0x4 c:/program files (x86)/atmel/studio/7.0/toolchain/arm/arm-gnu-toolchain/bin/../lib/gcc/arm-none-eabi/6.3.1/../../../../arm-none-eabi/lib/thumb/v7e-m\libc.a(lib_a-impure.o)
                0x00407668                _global_impure_ptr
 .rodata._svfprintf_r.str1.4
                0x0040766c       0x42 c:/program files (x86)/atmel/studio/7.0/toolchain/arm/arm-gnu-toolchain/bin/../lib/gcc/arm-none-eabi/6.3.1/../../../../arm-none-eabi/lib/thumb/v7e-m\libc.a(lib_a-svfprintf.o)
 *fill*         0x004076ae        0x2 
 .rodata.blanks.7223
                0x004076b0       0x10 c:/program files (x86)/atmel/studio/7.0/toolchain/arm/arm-gnu-toolchain/bin/../lib/gcc/arm-none-eabi/6.3.1/../../../../arm-none-eabi/lib/thumb/v7e-m\libc.a(lib_a-svfprintf.o)
 .rodata.zeroes.7224
                0x004076c0       0x10 c:/program files (x86)/atmel/studio/7.0/toolchain/arm/arm-gnu-toolchain/bin/../lib/gcc/arm-none-eabi/6.3.1/../../../../arm-none-eabi/lib/thumb/v7e-m\libc.a(lib_a-svfprintf.o)
 .rodata._dtoa_r.str1.4
                0x004076d0       0x10 c:/program files (x86)/atmel/studio/7.0/toolchain/arm/arm-gnu-toolchain/bin/../lib/gcc/arm-none-eabi/6.3.1/../../../../arm-none-eabi/lib/thumb/v7e-m\libc.a(lib_a-dtoa.o)
                                 0x12 (size before relaxing)
 .rodata.__mprec_bigtens
                0x004076e0       0x28 c:/program files (x86)/atmel/studio/7.0/toolchain/arm/arm-gnu-toolchain/bin/../lib/gcc/arm-none-eabi/6.3.1/../../../../arm-none-eabi/lib/thumb/v7e-m\libc.a(lib_a-mprec.o)
                0x004076e0                __mprec_bigtens
 .rodata.__mprec_tens
                0x00407708       0xc8 c:/program files (x86)/atmel/studio/7.0/toolchain/arm/arm-gnu-toolchain/bin/../lib/gcc/arm-none-eabi/6.3.1/../../../../arm-none-eabi/lib/thumb/v7e-m\libc.a(lib_a-mprec.o)
                0x00407708                __mprec_tens
 .rodata.p05.6055
                0x004077d0        0xc c:/program files (x86)/atmel/studio/7.0/toolchain/arm/arm-gnu-toolchain/bin/../lib/gcc/arm-none-eabi/6.3.1/../../../../arm-none-eabi/lib/thumb/v7e-m\libc.a(lib_a-mprec.o)
 .rodata._setlocale_r.str1.4
                0x004077dc        0xa c:/program files (x86)/atmel/studio/7.0/toolchain/arm/arm-gnu-toolchain/bin/../lib/gcc/arm-none-eabi/6.3.1/../../../../arm-none-eabi/lib/thumb/v7e-m\libc.a(lib_a-locale.o)
                                  0xd (size before relaxing)
 *fill*         0x004077e6        0x2 
 .rodata.str1.4
                0x004077e8        0x4 c:/program files (x86)/atmel/studio/7.0/toolchain/arm/arm-gnu-toolchain/bin/../lib/gcc/arm-none-eabi/6.3.1/../../../../arm-none-eabi/lib/thumb/v7e-m\libc.a(lib_a-locale.o)
                                  0x2 (size before relaxing)
 .rodata._ctype_
                0x004077ec      0x101 c:/program files (x86)/atmel/studio/7.0/toolchain/arm/arm-gnu-toolchain/bin/../lib/gcc/arm-none-eabi/6.3.1/../../../../arm-none-eabi/lib/thumb/v7e-m\libc.a(lib_a-ctype_.o)
                0x004077ec                _ctype_
 *(.ARM.extab* .gnu.linkonce.armextab.*)
                0x004078f0                . = ALIGN (0x4)
 *fill*         0x004078ed        0x3 
 *(.init)
 .init          0x004078f0        0x4 c:/program files (x86)/atmel/studio/7.0/toolchain/arm/arm-gnu-toolchain/bin/../lib/gcc/arm-none-eabi/6.3.1/thumb/v7e-m/crti.o
                0x004078f0                _init
 .init          0x004078f4        0x8 c:/program files (x86)/atmel/studio/7.0/toolchain/arm/arm-gnu-toolchain/bin/../lib/gcc/arm-none-eabi/6.3.1/thumb/v7e-m/crtn.o
                0x004078fc                . = ALIGN (0x4)
                0x004078fc                __preinit_array_start = .
 *(.preinit_array)
                0x004078fc                __preinit_array_end = .
                0x004078fc                . = ALIGN (0x4)
                0x004078fc                __init_array_start = .
 *(SORT(.init_array.*))
 .init_array.00000
                0x004078fc        0x4 c:/program files (x86)/atmel/studio/7.0/toolchain/arm/arm-gnu-toolchain/bin/../lib/gcc/arm-none-eabi/6.3.1/../../../../arm-none-eabi/lib/thumb/v7e-m\libc.a(lib_a-__call_atexit.o)
 *(.init_array)
 .init_array    0x00407900        0x4 c:/program files (x86)/atmel/studio/7.0/toolchain/arm/arm-gnu-toolchain/bin/../lib/gcc/arm-none-eabi/6.3.1/thumb/v7e-m/crtbegin.o
                0x00407904                __init_array_end = .
                0x00407904                . = ALIGN (0x4)
 *crtbegin.o(.ctors)
 *(EXCLUDE_FILE(*crtend.o) .ctors)
 *(SORT(.ctors.*))
 *crtend.o(.ctors)
                0x00407904                . = ALIGN (0x4)
 *(.fini)
 .fini          0x00407904        0x4 c:/program files (x86)/atmel/studio/7.0/toolchain/arm/arm-gnu-toolchain/bin/../lib/gcc/arm-none-eabi/6.3.1/thumb/v7e-m/crti.o
                0x00407904                _fini
 .fini          0x00407908        0x8 c:/program files (x86)/atmel/studio/7.0/toolchain/arm/arm-gnu-toolchain/bin/../lib/gcc/arm-none-eabi/6.3.1/thumb/v7e-m/crtn.o
                0x00407910                . = ALIGN (0x4)
                0x00407910                __fini_array_start = .
 *(.fini_array)
 .fini_array    0x00407910        0x4 c:/program files (x86)/atmel/studio/7.0/toolchain/arm/arm-gnu-toolchain/bin/../lib/gcc/arm-none-eabi/6.3.1/thumb/v7e-m/crtbegin.o
 *(SORT(.fini_array.*))
                0x00407914                __fini_array_end = .
 *crtbegin.o(.dtors)
 *(EXCLUDE_FILE(*crtend.o) .dtors)
 *(SORT(.dtors.*))
 *crtend.o(.dtors)
                0x00407914                . = ALIGN (0x4)
                0x00407914                _efixed = .
                [!provide]                PROVIDE (__exidx_start, .)

.vfp11_veneer   0x00407914        0x0
 .vfp11_veneer  0x00407914        0x0 linker stubs

.v4_bx          0x00407914        0x0
 .v4_bx         0x00407914        0x0 linker stubs

.iplt           0x00407914        0x0
 .iplt          0x00407914        0x0 c:/program files (x86)/atmel/studio/7.0/toolchain/arm/arm-gnu-toolchain/bin/../lib/gcc/arm-none-eabi/6.3.1/thumb/v7e-m/crtbegin.o

.ARM.exidx      0x00407914        0x8
 *(.ARM.exidx* .gnu.linkonce.armexidx.*)
 .ARM.exidx     0x00407914        0x8 c:/program files (x86)/atmel/studio/7.0/toolchain/arm/arm-gnu-toolchain/bin/../lib/gcc/arm-none-eabi/6.3.1/thumb/v7e-m\libgcc.a(_udivmoddi4.o)
                [!provide]                PROVIDE (__exidx_end, .)

.eh_frame       0x0040791c        0x0
 .eh_frame      0x0040791c        0x0 c:/program files (x86)/atmel/studio/7.0/toolchain/arm/arm-gnu-toolchain/bin/../lib/gcc/arm-none-eabi/6.3.1/thumb/v7e-m/crtbegin.o

.rel.dyn        0x0040791c        0x0
 .rel.iplt      0x0040791c        0x0 c:/program files (x86)/atmel/studio/7.0/toolchain/arm/arm-gnu-toolchain/bin/../lib/gcc/arm-none-eabi/6.3.1/thumb/v7e-m/crtbegin.o

.jcr            0x0040791c        0x0
 .jcr           0x0040791c        0x0 c:/program files (x86)/atmel/studio/7.0/toolchain/arm/arm-gnu-toolchain/bin/../lib/gcc/arm-none-eabi/6.3.1/thumb/v7e-m/crtbegin.o

.igot.plt       0x0040791c        0x0
 .igot.plt      0x0040791c        0x0 c:/program files (x86)/atmel/studio/7.0/toolchain/arm/arm-gnu-toolchain/bin/../lib/gcc/arm-none-eabi/6.3.1/thumb/v7e-m/crtbegin.o
                0x0040791c                . = ALIGN (0x4)
                0x0040791c                _etext = .

.relocate       0x20000000      0x9c0 load address 0x0040791c
                0x20000000                . = ALIGN (0x4)
                0x20000000                _srelocate = .
 *(.ramfunc .ramfunc.*)
 .ramfunc       0x20000000        0xa src/ASF/common/services/delay/sam/cycle_counter.o
                0x20000000                portable_delay_cycles
 *(.data .data.*)
 *fill*         0x2000000a        0x2 
 .data.SystemCoreClock
                0x2000000c        0x4 src/ASF/sam/utils/cmsis/sam4s/source/templates/system_sam4s.o
                0x2000000c                SystemCoreClock
 .data._impure_ptr
                0x20000010        0x4 c:/program files (x86)/atmel/studio/7.0/toolchain/arm/arm-gnu-toolchain/bin/../lib/gcc/arm-none-eabi/6.3.1/../../../../arm-none-eabi/lib/thumb/v7e-m\libc.a(lib_a-impure.o)
                0x20000010                _impure_ptr
 *fill*         0x20000014        0x4 
 .data.impure_data
                0x20000018      0x428 c:/program files (x86)/atmel/studio/7.0/toolchain/arm/arm-gnu-toolchain/bin/../lib/gcc/arm-none-eabi/6.3.1/../../../../arm-none-eabi/lib/thumb/v7e-m\libc.a(lib_a-impure.o)
 .data.__atexit_recursive_mutex
                0x20000440        0x4 c:/program files (x86)/atmel/studio/7.0/toolchain/arm/arm-gnu-toolchain/bin/../lib/gcc/arm-none-eabi/6.3.1/../../../../arm-none-eabi/lib/thumb/v7e-m\libc.a(lib_a-__call_atexit.o)
                0x20000440                __atexit_recursive_mutex
 .data.__malloc_av_
                0x20000444      0x408 c:/program files (x86)/atmel/studio/7.0/toolchain/arm/arm-gnu-toolchain/bin/../lib/gcc/arm-none-eabi/6.3.1/../../../../arm-none-eabi/lib/thumb/v7e-m\libc.a(lib_a-mallocr.o)
                0x20000444                __malloc_av_
 .data.__malloc_sbrk_base
                0x2000084c        0x4 c:/program files (x86)/atmel/studio/7.0/toolchain/arm/arm-gnu-toolchain/bin/../lib/gcc/arm-none-eabi/6.3.1/../../../../arm-none-eabi/lib/thumb/v7e-m\libc.a(lib_a-mallocr.o)
                0x2000084c                __malloc_sbrk_base
 .data.__malloc_trim_threshold
                0x20000850        0x4 c:/program files (x86)/atmel/studio/7.0/toolchain/arm/arm-gnu-toolchain/bin/../lib/gcc/arm-none-eabi/6.3.1/../../../../arm-none-eabi/lib/thumb/v7e-m\libc.a(lib_a-mallocr.o)
                0x20000850                __malloc_trim_threshold
 .data.__global_locale
                0x20000854      0x16c c:/program files (x86)/atmel/studio/7.0/toolchain/arm/arm-gnu-toolchain/bin/../lib/gcc/arm-none-eabi/6.3.1/../../../../arm-none-eabi/lib/thumb/v7e-m\libc.a(lib_a-locale.o)
                0x20000854                __global_locale
                0x200009c0                . = ALIGN (0x4)
                0x200009c0                _erelocate = .

.bss            0x200009c0    0x18d60 load address 0x004082dc
                0x200009c0                . = ALIGN (0x4)
                0x200009c0                _sbss = .
                0x200009c0                _szero = .
 *(.bss .bss.*)
 .bss           0x200009c0       0x1c c:/program files (x86)/atmel/studio/7.0/toolchain/arm/arm-gnu-toolchain/bin/../lib/gcc/arm-none-eabi/6.3.1/thumb/v7e-m/crtbegin.o
 .bss.gs_interrupt_sources
                0x200009dc       0x70 src/ASF/sam/drivers/pio/pio_handler.o
 .bss.gs_ul_nb_sources
                0x20000a4c        0x4 src/ASF/sam/drivers/pio/pio_handler.o
 .bss.pio_capture_handler
                0x20000a50        0x4 src/ASF/sam/drivers/pio/pio_handler.o
 .bss.ul_reg_val.7523
                0x20000a54        0x4 src/ASF/sam/drivers/usart/usart.o
 .bss.g_ul_vsync_flag
                0x20000a58        0x4 src/camera.o
 .bss.command_flag
                0x20000a5c        0x1 src/wifi.o
                0x20000a5c                command_flag
 *fill*         0x20000a5d        0x1 
 .bss.data.9149
                0x20000a5e        0x2 src/wifi.o
 .bss.received_byte_wifi
                0x20000a60        0x4 src/wifi.o
                0x20000a60                received_byte_wifi
 .bss.wifi_buffer_in_index
                0x20000a64        0x4 src/wifi.o
                0x20000a64                wifi_buffer_in_index
 .bss.heap.5297
                0x20000a68        0x4 src/ASF/sam/utils/syscalls/gcc/syscalls.o
 .bss.__malloc_current_mallinfo
                0x20000a6c       0x28 c:/program files (x86)/atmel/studio/7.0/toolchain/arm/arm-gnu-toolchain/bin/../lib/gcc/arm-none-eabi/6.3.1/../../../../arm-none-eabi/lib/thumb/v7e-m\libc.a(lib_a-mallocr.o)
                0x20000a6c                __malloc_current_mallinfo
 .bss.__malloc_max_sbrked_mem
                0x20000a94        0x4 c:/program files (x86)/atmel/studio/7.0/toolchain/arm/arm-gnu-toolchain/bin/../lib/gcc/arm-none-eabi/6.3.1/../../../../arm-none-eabi/lib/thumb/v7e-m\libc.a(lib_a-mallocr.o)
                0x20000a94                __malloc_max_sbrked_mem
 .bss.__malloc_max_total_mem
                0x20000a98        0x4 c:/program files (x86)/atmel/studio/7.0/toolchain/arm/arm-gnu-toolchain/bin/../lib/gcc/arm-none-eabi/6.3.1/../../../../arm-none-eabi/lib/thumb/v7e-m\libc.a(lib_a-mallocr.o)
                0x20000a98                __malloc_max_total_mem
 .bss.__malloc_top_pad
                0x20000a9c        0x4 c:/program files (x86)/atmel/studio/7.0/toolchain/arm/arm-gnu-toolchain/bin/../lib/gcc/arm-none-eabi/6.3.1/../../../../arm-none-eabi/lib/thumb/v7e-m\libc.a(lib_a-mallocr.o)
                0x20000a9c                __malloc_top_pad
 *(COMMON)
 COMMON         0x20000aa0    0x186c4 src/camera.o
                0x20000aa0                image_size
                0x20000aa4                uc_buf
                0x20000aa8                g_p_uc_cap_dest_buf
                0x20019148                image_start
                0x2001914c                p_pio
                0x20019150                image_end
                0x20019154                ul_id
                0x20019158                ul_mask
                0x2001915c                image_ended
                0x2001915d                image_started
                0x20019160                ul_size
 COMMON         0x20019164        0x1 src/timer_interface.o
                0x20019164                counts
 *fill*         0x20019165        0x3 
 COMMON         0x20019168      0x3f9 src/wifi.o
                0x20019168                wifi_buffer_in
                0x20019550                gs_ul_transfer_index
                0x20019554                reading_wifi_flag
                0x20019558                gs_ul_transfer_length
                0x2001955c                gs_puc_transfer_buffer
                0x20019560                provisioning_flag
 *fill*         0x20019561        0x3 
 COMMON         0x20019564        0x4 src/ASF/sam/drivers/pio/pio.o
                0x20019564                pio_capture_enable_flag
 COMMON         0x20019568      0x190 src/main.o
                0x20019568                buff
 COMMON         0x200196f8       0x21 c:/program files (x86)/atmel/studio/7.0/toolchain/arm/arm-gnu-toolchain/bin/../lib/gcc/arm-none-eabi/6.3.1/../../../../arm-none-eabi/lib/thumb/v7e-m\libc.a(lib_a-lock.o)
                0x200196f8                __lock___atexit_recursive_mutex
                0x200196fc                __lock___arc4random_mutex
                0x20019700                __lock___env_recursive_mutex
                0x20019704                __lock___sinit_recursive_mutex
                0x20019708                __lock___malloc_recursive_mutex
                0x2001970c                __lock___at_quick_exit_mutex
                0x20019710                __lock___dd_hash_mutex
                0x20019714                __lock___tz_mutex
                0x20019718                __lock___sfp_recursive_mutex
 *fill*         0x20019719        0x3 
 COMMON         0x2001971c        0x4 c:/program files (x86)/atmel/studio/7.0/toolchain/arm/arm-gnu-toolchain/bin/../lib/gcc/arm-none-eabi/6.3.1/../../../../arm-none-eabi/lib/thumb/v7e-m\libc.a(lib_a-reent.o)
                0x2001971c                errno
                0x20019720                . = ALIGN (0x4)
                0x20019720                _ebss = .
                0x20019720                _ezero = .

.stack          0x20019720     0x3000 load address 0x0042103c
                0x20019720                . = ALIGN (0x8)
                0x20019720                _sstack = .
                0x2001c720                . = (. + __stack_size__)
 *fill*         0x20019720     0x3000 
                0x2001c720                . = ALIGN (0x8)
                0x2001c720                _estack = .
                0x2001c720                . = ALIGN (0x4)
                0x2001c720                _end = .
OUTPUT(firmware.elf elf32-littlearm)

.ARM.attributes
                0x00000000       0x2a
 .ARM.attributes
                0x00000000       0x1e c:/program files (x86)/atmel/studio/7.0/toolchain/arm/arm-gnu-toolchain/bin/../lib/gcc/arm-none-eabi/6.3.1/thumb/v7e-m/crti.o
 .ARM.attributes
                0x0000001e       0x2e c:/program files (x86)/atmel/studio/7.0/toolchain/arm/arm-gnu-toolchain/bin/../lib/gcc/arm-none-eabi/6.3.1/thumb/v7e-m/crtbegin.o
 .ARM.attributes
                0x0000004c       0x33 src/ASF/sam/drivers/pio/pio_handler.o
 .ARM.attributes
                0x0000007f       0x33 src/ASF/sam/drivers/spi/spi.o
 .ARM.attributes
                0x000000b2       0x33 src/ASF/sam/drivers/tc/tc.o
 .ARM.attributes
                0x000000e5       0x33 src/ASF/sam/drivers/twi/twi.o
 .ARM.attributes
                0x00000118       0x33 src/ASF/sam/drivers/usart/usart.o
 .ARM.attributes
                0x0000014b       0x33 src/ASF/sam/drivers/wdt/wdt.o
 .ARM.attributes
                0x0000017e       0x33 src/camera.o
 .ARM.attributes
                0x000001b1       0x33 src/ov2640.o
 .ARM.attributes
                0x000001e4       0x33 src/ov2640_table_registers.o
 .ARM.attributes
                0x00000217       0x33 src/timer_interface.o
 .ARM.attributes
                0x0000024a       0x33 src/wifi.o
 .ARM.attributes
                0x0000027d       0x33 src/ASF/common/services/delay/sam/cycle_counter.o
 .ARM.attributes
                0x000002b0       0x33 src/ASF/common/services/clock/sam4s/sysclk.o
 .ARM.attributes
                0x000002e3       0x33 src/ASF/sam/drivers/pio/pio.o
 .ARM.attributes
                0x00000316       0x33 src/ASF/sam/drivers/pmc/pmc.o
 .ARM.attributes
                0x00000349       0x33 src/ASF/common/boards/user_board/init.o
 .ARM.attributes
                0x0000037c       0x33 src/ASF/sam/utils/cmsis/sam4s/source/templates/gcc/startup_sam4s.o
 .ARM.attributes
                0x000003af       0x33 src/ASF/sam/utils/cmsis/sam4s/source/templates/system_sam4s.o
 .ARM.attributes
                0x000003e2       0x33 src/ASF/sam/utils/syscalls/gcc/syscalls.o
 .ARM.attributes
                0x00000415       0x33 src/main.o
 .ARM.attributes
                0x00000448       0x2e c:/program files (x86)/atmel/studio/7.0/toolchain/arm/arm-gnu-toolchain/bin/../lib/gcc/arm-none-eabi/6.3.1/../../../../arm-none-eabi/lib/thumb/v7e-m\libc.a(lib_a-impure.o)
 .ARM.attributes
                0x00000476       0x2e c:/program files (x86)/atmel/studio/7.0/toolchain/arm/arm-gnu-toolchain/bin/../lib/gcc/arm-none-eabi/6.3.1/../../../../arm-none-eabi/lib/thumb/v7e-m\libc.a(lib_a-init.o)
 .ARM.attributes
                0x000004a4       0x2e c:/program files (x86)/atmel/studio/7.0/toolchain/arm/arm-gnu-toolchain/bin/../lib/gcc/arm-none-eabi/6.3.1/../../../../arm-none-eabi/lib/thumb/v7e-m\libc.a(lib_a-memset.o)
 .ARM.attributes
                0x000004d2       0x2e c:/program files (x86)/atmel/studio/7.0/toolchain/arm/arm-gnu-toolchain/bin/../lib/gcc/arm-none-eabi/6.3.1/../../../../arm-none-eabi/lib/thumb/v7e-m\libc.a(lib_a-sprintf.o)
 .ARM.attributes
                0x00000500       0x2e c:/program files (x86)/atmel/studio/7.0/toolchain/arm/arm-gnu-toolchain/bin/../lib/gcc/arm-none-eabi/6.3.1/../../../../arm-none-eabi/lib/thumb/v7e-m\libc.a(lib_a-strstr.o)
 .ARM.attributes
                0x0000052e       0x2e c:/program files (x86)/atmel/studio/7.0/toolchain/arm/arm-gnu-toolchain/bin/../lib/gcc/arm-none-eabi/6.3.1/../../../../arm-none-eabi/lib/thumb/v7e-m\libc.a(lib_a-svfprintf.o)
 .ARM.attributes
                0x0000055c       0x2e c:/program files (x86)/atmel/studio/7.0/toolchain/arm/arm-gnu-toolchain/bin/../lib/gcc/arm-none-eabi/6.3.1/../../../../arm-none-eabi/lib/thumb/v7e-m\libc.a(lib_a-__call_atexit.o)
 .ARM.attributes
                0x0000058a       0x2e c:/program files (x86)/atmel/studio/7.0/toolchain/arm/arm-gnu-toolchain/bin/../lib/gcc/arm-none-eabi/6.3.1/../../../../arm-none-eabi/lib/thumb/v7e-m\libc.a(lib_a-atexit.o)
 .ARM.attributes
                0x000005b8       0x2e c:/program files (x86)/atmel/studio/7.0/toolchain/arm/arm-gnu-toolchain/bin/../lib/gcc/arm-none-eabi/6.3.1/../../../../arm-none-eabi/lib/thumb/v7e-m\libc.a(lib_a-dtoa.o)
 .ARM.attributes
                0x000005e6       0x2e c:/program files (x86)/atmel/studio/7.0/toolchain/arm/arm-gnu-toolchain/bin/../lib/gcc/arm-none-eabi/6.3.1/../../../../arm-none-eabi/lib/thumb/v7e-m\libc.a(lib_a-fini.o)
 .ARM.attributes
                0x00000614       0x2e c:/program files (x86)/atmel/studio/7.0/toolchain/arm/arm-gnu-toolchain/bin/../lib/gcc/arm-none-eabi/6.3.1/../../../../arm-none-eabi/lib/thumb/v7e-m\libc.a(lib_a-localeconv.o)
 .ARM.attributes
                0x00000642       0x2e c:/program files (x86)/atmel/studio/7.0/toolchain/arm/arm-gnu-toolchain/bin/../lib/gcc/arm-none-eabi/6.3.1/../../../../arm-none-eabi/lib/thumb/v7e-m\libc.a(lib_a-lock.o)
 .ARM.attributes
                0x00000670       0x2e c:/program files (x86)/atmel/studio/7.0/toolchain/arm/arm-gnu-toolchain/bin/../lib/gcc/arm-none-eabi/6.3.1/../../../../arm-none-eabi/lib/thumb/v7e-m\libc.a(lib_a-mallocr.o)
 .ARM.attributes
                0x0000069e       0x1c c:/program files (x86)/atmel/studio/7.0/toolchain/arm/arm-gnu-toolchain/bin/../lib/gcc/arm-none-eabi/6.3.1/../../../../arm-none-eabi/lib/thumb/v7e-m\libc.a(lib_a-memchr.o)
 .ARM.attributes
                0x000006ba       0x2e c:/program files (x86)/atmel/studio/7.0/toolchain/arm/arm-gnu-toolchain/bin/../lib/gcc/arm-none-eabi/6.3.1/../../../../arm-none-eabi/lib/thumb/v7e-m\libc.a(lib_a-memcmp.o)
 .ARM.attributes
                0x000006e8       0x1c c:/program files (x86)/atmel/studio/7.0/toolchain/arm/arm-gnu-toolchain/bin/../lib/gcc/arm-none-eabi/6.3.1/../../../../arm-none-eabi/lib/thumb/v7e-m\libc.a(lib_a-memcpy.o)
 .ARM.attributes
                0x00000704       0x2e c:/program files (x86)/atmel/studio/7.0/toolchain/arm/arm-gnu-toolchain/bin/../lib/gcc/arm-none-eabi/6.3.1/../../../../arm-none-eabi/lib/thumb/v7e-m\libc.a(lib_a-mlock.o)
 .ARM.attributes
                0x00000732       0x2e c:/program files (x86)/atmel/studio/7.0/toolchain/arm/arm-gnu-toolchain/bin/../lib/gcc/arm-none-eabi/6.3.1/../../../../arm-none-eabi/lib/thumb/v7e-m\libc.a(lib_a-mprec.o)
 .ARM.attributes
                0x00000760       0x2e c:/program files (x86)/atmel/studio/7.0/toolchain/arm/arm-gnu-toolchain/bin/../lib/gcc/arm-none-eabi/6.3.1/../../../../arm-none-eabi/lib/thumb/v7e-m\libc.a(lib_a-sbrkr.o)
 .ARM.attributes
                0x0000078e       0x2e c:/program files (x86)/atmel/studio/7.0/toolchain/arm/arm-gnu-toolchain/bin/../lib/gcc/arm-none-eabi/6.3.1/../../../../arm-none-eabi/lib/thumb/v7e-m\libc.a(lib_a-strchr.o)
 .ARM.attributes
                0x000007bc       0x1c c:/program files (x86)/atmel/studio/7.0/toolchain/arm/arm-gnu-toolchain/bin/../lib/gcc/arm-none-eabi/6.3.1/../../../../arm-none-eabi/lib/thumb/v7e-m\libc.a(lib_a-strlen.o)
 .ARM.attributes
                0x000007d8       0x2e c:/program files (x86)/atmel/studio/7.0/toolchain/arm/arm-gnu-toolchain/bin/../lib/gcc/arm-none-eabi/6.3.1/../../../../arm-none-eabi/lib/thumb/v7e-m\libc.a(lib_a-svfiprintf.o)
 .ARM.attributes
                0x00000806       0x2e c:/program files (x86)/atmel/studio/7.0/toolchain/arm/arm-gnu-toolchain/bin/../lib/gcc/arm-none-eabi/6.3.1/../../../../arm-none-eabi/lib/thumb/v7e-m\libc.a(lib_a-__atexit.o)
 .ARM.attributes
                0x00000834       0x2e c:/program files (x86)/atmel/studio/7.0/toolchain/arm/arm-gnu-toolchain/bin/../lib/gcc/arm-none-eabi/6.3.1/../../../../arm-none-eabi/lib/thumb/v7e-m\libc.a(lib_a-callocr.o)
 .ARM.attributes
                0x00000862       0x2e c:/program files (x86)/atmel/studio/7.0/toolchain/arm/arm-gnu-toolchain/bin/../lib/gcc/arm-none-eabi/6.3.1/../../../../arm-none-eabi/lib/thumb/v7e-m\libc.a(lib_a-freer.o)
 .ARM.attributes
                0x00000890       0x2e c:/program files (x86)/atmel/studio/7.0/toolchain/arm/arm-gnu-toolchain/bin/../lib/gcc/arm-none-eabi/6.3.1/../../../../arm-none-eabi/lib/thumb/v7e-m\libc.a(lib_a-locale.o)
 .ARM.attributes
                0x000008be       0x2e c:/program files (x86)/atmel/studio/7.0/toolchain/arm/arm-gnu-toolchain/bin/../lib/gcc/arm-none-eabi/6.3.1/../../../../arm-none-eabi/lib/thumb/v7e-m\libc.a(lib_a-mbtowc_r.o)
 .ARM.attributes
                0x000008ec       0x2e c:/program files (x86)/atmel/studio/7.0/toolchain/arm/arm-gnu-toolchain/bin/../lib/gcc/arm-none-eabi/6.3.1/../../../../arm-none-eabi/lib/thumb/v7e-m\libc.a(lib_a-memmove.o)
 .ARM.attributes
                0x0000091a       0x2e c:/program files (x86)/atmel/studio/7.0/toolchain/arm/arm-gnu-toolchain/bin/../lib/gcc/arm-none-eabi/6.3.1/../../../../arm-none-eabi/lib/thumb/v7e-m\libc.a(lib_a-reallocr.o)
 .ARM.attributes
                0x00000948       0x2e c:/program files (x86)/atmel/studio/7.0/toolchain/arm/arm-gnu-toolchain/bin/../lib/gcc/arm-none-eabi/6.3.1/../../../../arm-none-eabi/lib/thumb/v7e-m\libc.a(lib_a-reent.o)
 .ARM.attributes
                0x00000976       0x2e c:/program files (x86)/atmel/studio/7.0/toolchain/arm/arm-gnu-toolchain/bin/../lib/gcc/arm-none-eabi/6.3.1/../../../../arm-none-eabi/lib/thumb/v7e-m\libc.a(lib_a-wctomb_r.o)
 .ARM.attributes
                0x000009a4       0x2e c:/program files (x86)/atmel/studio/7.0/toolchain/arm/arm-gnu-toolchain/bin/../lib/gcc/arm-none-eabi/6.3.1/../../../../arm-none-eabi/lib/thumb/v7e-m\libc.a(lib_a-ctype_.o)
 .ARM.attributes
                0x000009d2       0x1e c:/program files (x86)/atmel/studio/7.0/toolchain/arm/arm-gnu-toolchain/bin/../lib/gcc/arm-none-eabi/6.3.1/thumb/v7e-m\libgcc.a(_arm_addsubdf3.o)
 .ARM.attributes
                0x000009f0       0x1e c:/program files (x86)/atmel/studio/7.0/toolchain/arm/arm-gnu-toolchain/bin/../lib/gcc/arm-none-eabi/6.3.1/thumb/v7e-m\libgcc.a(_arm_muldivdf3.o)
 .ARM.attributes
                0x00000a0e       0x1e c:/program files (x86)/atmel/studio/7.0/toolchain/arm/arm-gnu-toolchain/bin/../lib/gcc/arm-none-eabi/6.3.1/thumb/v7e-m\libgcc.a(_arm_cmpdf2.o)
 .ARM.attributes
                0x00000a2c       0x1e c:/program files (x86)/atmel/studio/7.0/toolchain/arm/arm-gnu-toolchain/bin/../lib/gcc/arm-none-eabi/6.3.1/thumb/v7e-m\libgcc.a(_arm_unorddf2.o)
 .ARM.attributes
                0x00000a4a       0x1e c:/program files (x86)/atmel/studio/7.0/toolchain/arm/arm-gnu-toolchain/bin/../lib/gcc/arm-none-eabi/6.3.1/thumb/v7e-m\libgcc.a(_arm_fixdfsi.o)
 .ARM.attributes
                0x00000a68       0x1e c:/program files (x86)/atmel/studio/7.0/toolchain/arm/arm-gnu-toolchain/bin/../lib/gcc/arm-none-eabi/6.3.1/thumb/v7e-m\libgcc.a(_aeabi_uldivmod.o)
 .ARM.attributes
                0x00000a86       0x2e c:/program files (x86)/atmel/studio/7.0/toolchain/arm/arm-gnu-toolchain/bin/../lib/gcc/arm-none-eabi/6.3.1/thumb/v7e-m\libgcc.a(_udivmoddi4.o)
 .ARM.attributes
                0x00000ab4       0x1e c:/program files (x86)/atmel/studio/7.0/toolchain/arm/arm-gnu-toolchain/bin/../lib/gcc/arm-none-eabi/6.3.1/thumb/v7e-m\libgcc.a(_dvmd_tls.o)
 .ARM.attributes
                0x00000ad2       0x1e c:/program files (x86)/atmel/studio/7.0/toolchain/arm/arm-gnu-toolchain/bin/../lib/gcc/arm-none-eabi/6.3.1/thumb/v7e-m/crtn.o

.comment        0x00000000       0x59
 .comment       0x00000000       0x59 src/ASF/sam/drivers/pio/pio_handler.o
                                 0x5a (size before relaxing)
 .comment       0x00000059       0x5a src/ASF/sam/drivers/spi/spi.o
 .comment       0x00000059       0x5a src/ASF/sam/drivers/tc/tc.o
 .comment       0x00000059       0x5a src/ASF/sam/drivers/twi/twi.o
 .comment       0x00000059       0x5a src/ASF/sam/drivers/usart/usart.o
 .comment       0x00000059       0x5a src/ASF/sam/drivers/wdt/wdt.o
 .comment       0x00000059       0x5a src/camera.o
 .comment       0x00000059       0x5a src/ov2640.o
 .comment       0x00000059       0x5a src/ov2640_table_registers.o
 .comment       0x00000059       0x5a src/timer_interface.o
 .comment       0x00000059       0x5a src/wifi.o
 .comment       0x00000059       0x5a src/ASF/common/services/delay/sam/cycle_counter.o
 .comment       0x00000059       0x5a src/ASF/common/services/clock/sam4s/sysclk.o
 .comment       0x00000059       0x5a src/ASF/sam/drivers/pio/pio.o
 .comment       0x00000059       0x5a src/ASF/sam/drivers/pmc/pmc.o
 .comment       0x00000059       0x5a src/ASF/common/boards/user_board/init.o
 .comment       0x00000059       0x5a src/ASF/sam/utils/cmsis/sam4s/source/templates/gcc/startup_sam4s.o
 .comment       0x00000059       0x5a src/ASF/sam/utils/cmsis/sam4s/source/templates/system_sam4s.o
 .comment       0x00000059       0x5a src/ASF/sam/utils/syscalls/gcc/syscalls.o
 .comment       0x00000059       0x5a src/main.o

.debug_info     0x00000000    0x19f23
 .debug_info    0x00000000     0x18c9 src/ASF/sam/drivers/pio/pio_handler.o
 .debug_info    0x000018c9     0x11c9 src/ASF/sam/drivers/spi/spi.o
 .debug_info    0x00002a92     0x123c src/ASF/sam/drivers/tc/tc.o
 .debug_info    0x00003cce     0x1428 src/ASF/sam/drivers/twi/twi.o
 .debug_info    0x000050f6     0x205d src/ASF/sam/drivers/usart/usart.o
 .debug_info    0x00007153      0xbe5 src/ASF/sam/drivers/wdt/wdt.o
 .debug_info    0x00007d38     0x2037 src/camera.o
 .debug_info    0x00009d6f     0x1ca6 src/ov2640.o
 .debug_info    0x0000ba15      0xc72 src/ov2640_table_registers.o
 .debug_info    0x0000c687     0x10e5 src/timer_interface.o
 .debug_info    0x0000d76c     0x252e src/wifi.o
 .debug_info    0x0000fc9a      0xa45 src/ASF/common/services/delay/sam/cycle_counter.o
 .debug_info    0x000106df     0x12c2 src/ASF/common/services/clock/sam4s/sysclk.o
 .debug_info    0x000119a1     0x221d src/ASF/sam/drivers/pio/pio.o
 .debug_info    0x00013bbe     0x19bc src/ASF/sam/drivers/pmc/pmc.o
 .debug_info    0x0001557a     0x15b6 src/ASF/common/boards/user_board/init.o
 .debug_info    0x00016b30      0x6d2 src/ASF/sam/utils/cmsis/sam4s/source/templates/gcc/startup_sam4s.o
 .debug_info    0x00017202      0x458 src/ASF/sam/utils/cmsis/sam4s/source/templates/system_sam4s.o
 .debug_info    0x0001765a      0xdb0 src/ASF/sam/utils/syscalls/gcc/syscalls.o
 .debug_info    0x0001840a     0x1b19 src/main.o

.debug_abbrev   0x00000000     0x3a71
 .debug_abbrev  0x00000000      0x37f src/ASF/sam/drivers/pio/pio_handler.o
 .debug_abbrev  0x0000037f      0x398 src/ASF/sam/drivers/spi/spi.o
 .debug_abbrev  0x00000717      0x293 src/ASF/sam/drivers/tc/tc.o
 .debug_abbrev  0x000009aa      0x39c src/ASF/sam/drivers/twi/twi.o
 .debug_abbrev  0x00000d46      0x406 src/ASF/sam/drivers/usart/usart.o
 .debug_abbrev  0x0000114c      0x230 src/ASF/sam/drivers/wdt/wdt.o
 .debug_abbrev  0x0000137c      0x3bb src/camera.o
 .debug_abbrev  0x00001737      0x3b0 src/ov2640.o
 .debug_abbrev  0x00001ae7      0x1b4 src/ov2640_table_registers.o
 .debug_abbrev  0x00001c9b      0x2bd src/timer_interface.o
 .debug_abbrev  0x00001f58      0x3f1 src/wifi.o
 .debug_abbrev  0x00002349      0x1b3 src/ASF/common/services/delay/sam/cycle_counter.o
 .debug_abbrev  0x000024fc      0x333 src/ASF/common/services/clock/sam4s/sysclk.o
 .debug_abbrev  0x0000282f      0x3ff src/ASF/sam/drivers/pio/pio.o
 .debug_abbrev  0x00002c2e      0x315 src/ASF/sam/drivers/pmc/pmc.o
 .debug_abbrev  0x00002f43      0x2e3 src/ASF/common/boards/user_board/init.o
 .debug_abbrev  0x00003226      0x15e src/ASF/sam/utils/cmsis/sam4s/source/templates/gcc/startup_sam4s.o
 .debug_abbrev  0x00003384      0x102 src/ASF/sam/utils/cmsis/sam4s/source/templates/system_sam4s.o
 .debug_abbrev  0x00003486      0x264 src/ASF/sam/utils/syscalls/gcc/syscalls.o
 .debug_abbrev  0x000036ea      0x387 src/main.o

.debug_loc      0x00000000     0x5a4d
 .debug_loc     0x00000000      0x531 src/ASF/sam/drivers/pio/pio_handler.o
 .debug_loc     0x00000531      0x5ac src/ASF/sam/drivers/spi/spi.o
 .debug_loc     0x00000add      0x5a4 src/ASF/sam/drivers/tc/tc.o
 .debug_loc     0x00001081      0xa21 src/ASF/sam/drivers/twi/twi.o
 .debug_loc     0x00001aa2      0xe59 src/ASF/sam/drivers/usart/usart.o
 .debug_loc     0x000028fb      0x145 src/ASF/sam/drivers/wdt/wdt.o
 .debug_loc     0x00002a40      0x2e6 src/camera.o
 .debug_loc     0x00002d26      0x9a9 src/ov2640.o
 .debug_loc     0x000036cf       0x6c src/timer_interface.o
 .debug_loc     0x0000373b      0x41b src/wifi.o
 .debug_loc     0x00003b56      0x1d9 src/ASF/common/services/clock/sam4s/sysclk.o
 .debug_loc     0x00003d2f      0xdef src/ASF/sam/drivers/pio/pio.o
 .debug_loc     0x00004b1e      0xb91 src/ASF/sam/drivers/pmc/pmc.o
 .debug_loc     0x000056af       0xeb src/ASF/common/boards/user_board/init.o
 .debug_loc     0x0000579a       0xa1 src/ASF/sam/utils/cmsis/sam4s/source/templates/gcc/startup_sam4s.o
 .debug_loc     0x0000583b       0xfd src/ASF/sam/utils/syscalls/gcc/syscalls.o
 .debug_loc     0x00005938      0x115 src/main.o

.debug_aranges  0x00000000      0xb78
 .debug_aranges
                0x00000000       0x50 src/ASF/sam/drivers/pio/pio_handler.o
 .debug_aranges
                0x00000050       0x90 src/ASF/sam/drivers/spi/spi.o
 .debug_aranges
                0x000000e0       0xd0 src/ASF/sam/drivers/tc/tc.o
 .debug_aranges
                0x000001b0       0xc8 src/ASF/sam/drivers/twi/twi.o
 .debug_aranges
                0x00000278      0x210 src/ASF/sam/drivers/usart/usart.o
 .debug_aranges
                0x00000488       0x48 src/ASF/sam/drivers/wdt/wdt.o
 .debug_aranges
                0x000004d0       0x60 src/camera.o
 .debug_aranges
                0x00000530       0x78 src/ov2640.o
 .debug_aranges
                0x000005a8       0x18 src/ov2640_table_registers.o
 .debug_aranges
                0x000005c0       0x28 src/timer_interface.o
 .debug_aranges
                0x000005e8       0x88 src/wifi.o
 .debug_aranges
                0x00000670       0x20 src/ASF/common/services/delay/sam/cycle_counter.o
 .debug_aranges
                0x00000690       0x40 src/ASF/common/services/clock/sam4s/sysclk.o
 .debug_aranges
                0x000006d0      0x1a8 src/ASF/sam/drivers/pio/pio.o
 .debug_aranges
                0x00000878      0x208 src/ASF/sam/drivers/pmc/pmc.o
 .debug_aranges
                0x00000a80       0x20 src/ASF/common/boards/user_board/init.o
 .debug_aranges
                0x00000aa0       0x28 src/ASF/sam/utils/cmsis/sam4s/source/templates/gcc/startup_sam4s.o
 .debug_aranges
                0x00000ac8       0x30 src/ASF/sam/utils/cmsis/sam4s/source/templates/system_sam4s.o
 .debug_aranges
                0x00000af8       0x60 src/ASF/sam/utils/syscalls/gcc/syscalls.o
 .debug_aranges
                0x00000b58       0x20 src/main.o

.debug_ranges   0x00000000      0xad8
 .debug_ranges  0x00000000       0x58 src/ASF/sam/drivers/pio/pio_handler.o
 .debug_ranges  0x00000058       0x80 src/ASF/sam/drivers/spi/spi.o
 .debug_ranges  0x000000d8       0xc0 src/ASF/sam/drivers/tc/tc.o
 .debug_ranges  0x00000198       0xb8 src/ASF/sam/drivers/twi/twi.o
 .debug_ranges  0x00000250      0x200 src/ASF/sam/drivers/usart/usart.o
 .debug_ranges  0x00000450       0x38 src/ASF/sam/drivers/wdt/wdt.o
 .debug_ranges  0x00000488       0x68 src/camera.o
 .debug_ranges  0x000004f0       0x80 src/ov2640.o
 .debug_ranges  0x00000570       0x18 src/timer_interface.o
 .debug_ranges  0x00000588       0x78 src/wifi.o
 .debug_ranges  0x00000600       0x10 src/ASF/common/services/delay/sam/cycle_counter.o
 .debug_ranges  0x00000610       0x30 src/ASF/common/services/clock/sam4s/sysclk.o
 .debug_ranges  0x00000640      0x1b0 src/ASF/sam/drivers/pio/pio.o
 .debug_ranges  0x000007f0      0x1f8 src/ASF/sam/drivers/pmc/pmc.o
 .debug_ranges  0x000009e8       0x10 src/ASF/common/boards/user_board/init.o
 .debug_ranges  0x000009f8       0x18 src/ASF/sam/utils/cmsis/sam4s/source/templates/gcc/startup_sam4s.o
 .debug_ranges  0x00000a10       0x20 src/ASF/sam/utils/cmsis/sam4s/source/templates/system_sam4s.o
 .debug_ranges  0x00000a30       0x50 src/ASF/sam/utils/syscalls/gcc/syscalls.o
 .debug_ranges  0x00000a80       0x58 src/main.o

.debug_macro    0x00000000     0x802d
 .debug_macro   0x00000000      0x512 src/ASF/sam/drivers/pio/pio_handler.o
 .debug_macro   0x00000512       0x8e src/ASF/sam/drivers/pio/pio_handler.o
 .debug_macro   0x000005a0      0x576 src/ASF/sam/drivers/spi/spi.o
 .debug_macro   0x00000b16       0x10 src/ASF/sam/drivers/spi/spi.o
 .debug_macro   0x00000b26      0x508 src/ASF/sam/drivers/tc/tc.o
 .debug_macro   0x0000102e       0x52 src/ASF/sam/drivers/tc/tc.o
 .debug_macro   0x00001080       0x8d src/ASF/sam/drivers/tc/tc.o
 .debug_macro   0x0000110d       0x16 src/ASF/sam/drivers/tc/tc.o
 .debug_macro   0x00001123       0x57 src/ASF/sam/drivers/tc/tc.o
 .debug_macro   0x0000117a       0x1c src/ASF/sam/drivers/tc/tc.o
 .debug_macro   0x00001196      0x52c src/ASF/sam/drivers/twi/twi.o
 .debug_macro   0x000016c2       0x46 src/ASF/sam/drivers/twi/twi.o
 .debug_macro   0x00001708      0x538 src/ASF/sam/drivers/usart/usart.o
 .debug_macro   0x00001c40       0x28 src/ASF/sam/drivers/usart/usart.o
 .debug_macro   0x00001c68      0x515 src/ASF/sam/drivers/wdt/wdt.o
 .debug_macro   0x0000217d      0x6d2 src/camera.o
 .debug_macro   0x0000284f       0x28 src/camera.o
 .debug_macro   0x00002877       0x22 src/camera.o
 .debug_macro   0x00002899       0x94 src/camera.o
 .debug_macro   0x0000292d       0x40 src/camera.o
 .debug_macro   0x0000296d       0x88 src/camera.o
 .debug_macro   0x000029f5       0x34 src/camera.o
 .debug_macro   0x00002a29       0x4c src/camera.o
 .debug_macro   0x00002a75       0x10 src/camera.o
 .debug_macro   0x00002a85       0x16 src/camera.o
 .debug_macro   0x00002a9b       0x10 src/camera.o
 .debug_macro   0x00002aab      0x401 src/camera.o
 .debug_macro   0x00002eac      0x5ca src/ov2640.o
 .debug_macro   0x00003476      0x3fb src/ov2640.o
 .debug_macro   0x00003871       0x16 src/ov2640.o
 .debug_macro   0x00003887      0x5a6 src/ov2640_table_registers.o
 .debug_macro   0x00003e2d      0x2d9 src/ov2640_table_registers.o
 .debug_macro   0x00004106      0x6da src/timer_interface.o
 .debug_macro   0x000047e0      0x6ff src/wifi.o
 .debug_macro   0x00004edf       0x28 src/wifi.o
 .debug_macro   0x00004f07       0x10 src/wifi.o
 .debug_macro   0x00004f17      0x502 src/ASF/common/services/delay/sam/cycle_counter.o
 .debug_macro   0x00005419       0x22 src/ASF/common/services/delay/sam/cycle_counter.o
 .debug_macro   0x0000543b      0x56d src/ASF/common/services/clock/sam4s/sysclk.o
 .debug_macro   0x000059a8      0x508 src/ASF/sam/drivers/pio/pio.o
 .debug_macro   0x00005eb0      0x508 src/ASF/sam/drivers/pmc/pmc.o
 .debug_macro   0x000063b8       0x52 src/ASF/sam/drivers/pmc/pmc.o
 .debug_macro   0x0000640a      0x6a5 src/ASF/common/boards/user_board/init.o
 .debug_macro   0x00006aaf      0x2f4 src/ASF/sam/utils/cmsis/sam4s/source/templates/gcc/startup_sam4s.o
 .debug_macro   0x00006da3      0x2fc src/ASF/sam/utils/cmsis/sam4s/source/templates/system_sam4s.o
 .debug_macro   0x0000709f      0x1d6 src/ASF/sam/utils/syscalls/gcc/syscalls.o
 .debug_macro   0x00007275       0x97 src/ASF/sam/utils/syscalls/gcc/syscalls.o
 .debug_macro   0x0000730c      0x353 src/ASF/sam/utils/syscalls/gcc/syscalls.o
 .debug_macro   0x0000765f       0xf6 src/ASF/sam/utils/syscalls/gcc/syscalls.o
 .debug_macro   0x00007755       0x4c src/ASF/sam/utils/syscalls/gcc/syscalls.o
 .debug_macro   0x000077a1       0x16 src/ASF/sam/utils/syscalls/gcc/syscalls.o
 .debug_macro   0x000077b7       0x10 src/ASF/sam/utils/syscalls/gcc/syscalls.o
 .debug_macro   0x000077c7       0x10 src/ASF/sam/utils/syscalls/gcc/syscalls.o
 .debug_macro   0x000077d7       0x35 src/ASF/sam/utils/syscalls/gcc/syscalls.o
 .debug_macro   0x0000780c      0x122 src/ASF/sam/utils/syscalls/gcc/syscalls.o
 .debug_macro   0x0000792e      0x6ff src/main.o

.debug_line     0x00000000     0xfe6f
 .debug_line    0x00000000      0xafe src/ASF/sam/drivers/pio/pio_handler.o
 .debug_line    0x00000afe      0xc8a src/ASF/sam/drivers/spi/spi.o
 .debug_line    0x00001788      0xbd7 src/ASF/sam/drivers/tc/tc.o
 .debug_line    0x0000235f      0xc9d src/ASF/sam/drivers/twi/twi.o
 .debug_line    0x00002ffc      0xfb5 src/ASF/sam/drivers/usart/usart.o
 .debug_line    0x00003fb1      0xa8b src/ASF/sam/drivers/wdt/wdt.o
 .debug_line    0x00004a3c     0x1087 src/camera.o
 .debug_line    0x00005ac3      0xdde src/ov2640.o
 .debug_line    0x000068a1      0xbed src/ov2640_table_registers.o
 .debug_line    0x0000748e      0xfae src/timer_interface.o
 .debug_line    0x0000843c     0x1148 src/wifi.o
 .debug_line    0x00009584      0xa3f src/ASF/common/services/delay/sam/cycle_counter.o
 .debug_line    0x00009fc3      0xbc8 src/ASF/common/services/clock/sam4s/sysclk.o
 .debug_line    0x0000ab8b      0xee8 src/ASF/sam/drivers/pio/pio.o
 .debug_line    0x0000ba73      0xfcf src/ASF/sam/drivers/pmc/pmc.o
 .debug_line    0x0000ca42      0xf84 src/ASF/common/boards/user_board/init.o
 .debug_line    0x0000d9c6      0x80c src/ASF/sam/utils/cmsis/sam4s/source/templates/gcc/startup_sam4s.o
 .debug_line    0x0000e1d2      0x83d src/ASF/sam/utils/cmsis/sam4s/source/templates/system_sam4s.o
 .debug_line    0x0000ea0f      0x40b src/ASF/sam/utils/syscalls/gcc/syscalls.o
 .debug_line    0x0000ee1a     0x1055 src/main.o

.debug_str      0x00000000    0x52f63
 .debug_str     0x00000000    0x4ac4f src/ASF/sam/drivers/pio/pio_handler.o
                              0x4b109 (size before relaxing)
 .debug_str     0x0004ac4f     0x29e5 src/ASF/sam/drivers/spi/spi.o
                              0x4cfca (size before relaxing)
 .debug_str     0x0004d634      0x374 src/ASF/sam/drivers/tc/tc.o
                              0x4a950 (size before relaxing)
 .debug_str     0x0004d9a8      0x51e src/ASF/sam/drivers/twi/twi.o
                              0x4ab30 (size before relaxing)
 .debug_str     0x0004dec6      0x94e src/ASF/sam/drivers/usart/usart.o
                              0x4afea (size before relaxing)
 .debug_str     0x0004e814      0x12a src/ASF/sam/drivers/wdt/wdt.o
                              0x4a6ec (size before relaxing)
 .debug_str     0x0004e93e     0x25be src/camera.o
                              0x4fe16 (size before relaxing)
 .debug_str     0x00050efc      0x1e8 src/ov2640.o
                              0x4f0d0 (size before relaxing)
 .debug_str     0x000510e4       0x20 src/ov2640_table_registers.o
                              0x4e88d (size before relaxing)
 .debug_str     0x00051104       0x66 src/timer_interface.o
                              0x4e035 (size before relaxing)
 .debug_str     0x0005116a      0x34d src/wifi.o
                              0x5008a (size before relaxing)
 .debug_str     0x000514b7       0x35 src/ASF/common/services/delay/sam/cycle_counter.o
                              0x4a765 (size before relaxing)
 .debug_str     0x000514ec      0x271 src/ASF/common/services/clock/sam4s/sysclk.o
                              0x4cf62 (size before relaxing)
 .debug_str     0x0005175d      0x467 src/ASF/sam/drivers/pio/pio.o
                              0x4b205 (size before relaxing)
 .debug_str     0x00051bc4      0x58a src/ASF/sam/drivers/pmc/pmc.o
                              0x4b051 (size before relaxing)
 .debug_str     0x0005214e      0x166 src/ASF/common/boards/user_board/init.o
                              0x4e085 (size before relaxing)
 .debug_str     0x000522b4      0x428 src/ASF/sam/utils/cmsis/sam4s/source/templates/gcc/startup_sam4s.o
                              0x3a207 (size before relaxing)
 .debug_str     0x000526dc       0xb9 src/ASF/sam/utils/cmsis/sam4s/source/templates/system_sam4s.o
                              0x39fac (size before relaxing)
 .debug_str     0x00052795      0x77b src/ASF/sam/utils/syscalls/gcc/syscalls.o
                               0x740c (size before relaxing)
 .debug_str     0x00052f10       0x53 src/main.o
                              0x4fa3e (size before relaxing)

.debug_frame    0x00000000     0x25d0
 .debug_frame   0x00000000       0xdc src/ASF/sam/drivers/pio/pio_handler.o
 .debug_frame   0x000000dc      0x140 src/ASF/sam/drivers/spi/spi.o
 .debug_frame   0x0000021c      0x1a8 src/ASF/sam/drivers/tc/tc.o
 .debug_frame   0x000003c4      0x1d4 src/ASF/sam/drivers/twi/twi.o
 .debug_frame   0x00000598      0x48c src/ASF/sam/drivers/usart/usart.o
 .debug_frame   0x00000a24       0x7c src/ASF/sam/drivers/wdt/wdt.o
 .debug_frame   0x00000aa0       0xf4 src/camera.o
 .debug_frame   0x00000b94      0x190 src/ov2640.o
 .debug_frame   0x00000d24       0x48 src/timer_interface.o
 .debug_frame   0x00000d6c      0x174 src/wifi.o
 .debug_frame   0x00000ee0       0x20 src/ASF/common/services/delay/sam/cycle_counter.o
 .debug_frame   0x00000f00       0x88 src/ASF/common/services/clock/sam4s/sysclk.o
 .debug_frame   0x00000f88      0x384 src/ASF/sam/drivers/pio/pio.o
 .debug_frame   0x0000130c      0x408 src/ASF/sam/drivers/pmc/pmc.o
 .debug_frame   0x00001714       0x2c src/ASF/common/boards/user_board/init.o
 .debug_frame   0x00001740       0x38 src/ASF/sam/utils/cmsis/sam4s/source/templates/gcc/startup_sam4s.o
 .debug_frame   0x00001778       0x40 src/ASF/sam/utils/cmsis/sam4s/source/templates/system_sam4s.o
 .debug_frame   0x000017b8       0xa0 src/ASF/sam/utils/syscalls/gcc/syscalls.o
 .debug_frame   0x00001858       0x28 src/main.o
 .debug_frame   0x00001880       0x2c c:/program files (x86)/atmel/studio/7.0/toolchain/arm/arm-gnu-toolchain/bin/../lib/gcc/arm-none-eabi/6.3.1/../../../../arm-none-eabi/lib/thumb/v7e-m\libc.a(lib_a-init.o)
 .debug_frame   0x000018ac       0x34 c:/program files (x86)/atmel/studio/7.0/toolchain/arm/arm-gnu-toolchain/bin/../lib/gcc/arm-none-eabi/6.3.1/../../../../arm-none-eabi/lib/thumb/v7e-m\libc.a(lib_a-memset.o)
 .debug_frame   0x000018e0       0x84 c:/program files (x86)/atmel/studio/7.0/toolchain/arm/arm-gnu-toolchain/bin/../lib/gcc/arm-none-eabi/6.3.1/../../../../arm-none-eabi/lib/thumb/v7e-m\libc.a(lib_a-sprintf.o)
 .debug_frame   0x00001964       0xd8 c:/program files (x86)/atmel/studio/7.0/toolchain/arm/arm-gnu-toolchain/bin/../lib/gcc/arm-none-eabi/6.3.1/../../../../arm-none-eabi/lib/thumb/v7e-m\libc.a(lib_a-strstr.o)
 .debug_frame   0x00001a3c       0x40 c:/program files (x86)/atmel/studio/7.0/toolchain/arm/arm-gnu-toolchain/bin/../lib/gcc/arm-none-eabi/6.3.1/../../../../arm-none-eabi/lib/thumb/v7e-m\libc.a(lib_a-svfprintf.o)
 .debug_frame   0x00001a7c       0x5c c:/program files (x86)/atmel/studio/7.0/toolchain/arm/arm-gnu-toolchain/bin/../lib/gcc/arm-none-eabi/6.3.1/../../../../arm-none-eabi/lib/thumb/v7e-m\libc.a(lib_a-__call_atexit.o)
 .debug_frame   0x00001ad8       0x20 c:/program files (x86)/atmel/studio/7.0/toolchain/arm/arm-gnu-toolchain/bin/../lib/gcc/arm-none-eabi/6.3.1/../../../../arm-none-eabi/lib/thumb/v7e-m\libc.a(lib_a-atexit.o)
 .debug_frame   0x00001af8       0x88 c:/program files (x86)/atmel/studio/7.0/toolchain/arm/arm-gnu-toolchain/bin/../lib/gcc/arm-none-eabi/6.3.1/../../../../arm-none-eabi/lib/thumb/v7e-m\libc.a(lib_a-dtoa.o)
 .debug_frame   0x00001b80       0x34 c:/program files (x86)/atmel/studio/7.0/toolchain/arm/arm-gnu-toolchain/bin/../lib/gcc/arm-none-eabi/6.3.1/../../../../arm-none-eabi/lib/thumb/v7e-m\libc.a(lib_a-fini.o)
 .debug_frame   0x00001bb4       0x40 c:/program files (x86)/atmel/studio/7.0/toolchain/arm/arm-gnu-toolchain/bin/../lib/gcc/arm-none-eabi/6.3.1/../../../../arm-none-eabi/lib/thumb/v7e-m\libc.a(lib_a-localeconv.o)
 .debug_frame   0x00001bf4       0xb0 c:/program files (x86)/atmel/studio/7.0/toolchain/arm/arm-gnu-toolchain/bin/../lib/gcc/arm-none-eabi/6.3.1/../../../../arm-none-eabi/lib/thumb/v7e-m\libc.a(lib_a-lock.o)
 .debug_frame   0x00001ca4       0x58 c:/program files (x86)/atmel/studio/7.0/toolchain/arm/arm-gnu-toolchain/bin/../lib/gcc/arm-none-eabi/6.3.1/../../../../arm-none-eabi/lib/thumb/v7e-m\libc.a(lib_a-mallocr.o)
 .debug_frame   0x00001cfc       0x3c c:/program files (x86)/atmel/studio/7.0/toolchain/arm/arm-gnu-toolchain/bin/../lib/gcc/arm-none-eabi/6.3.1/../../../../arm-none-eabi/lib/thumb/v7e-m\libc.a(lib_a-memcmp.o)
 .debug_frame   0x00001d38       0x30 c:/program files (x86)/atmel/studio/7.0/toolchain/arm/arm-gnu-toolchain/bin/../lib/gcc/arm-none-eabi/6.3.1/../../../../arm-none-eabi/lib/thumb/v7e-m\libc.a(lib_a-mlock.o)
 .debug_frame   0x00001d68      0x25c c:/program files (x86)/atmel/studio/7.0/toolchain/arm/arm-gnu-toolchain/bin/../lib/gcc/arm-none-eabi/6.3.1/../../../../arm-none-eabi/lib/thumb/v7e-m\libc.a(lib_a-mprec.o)
 .debug_frame   0x00001fc4       0x2c c:/program files (x86)/atmel/studio/7.0/toolchain/arm/arm-gnu-toolchain/bin/../lib/gcc/arm-none-eabi/6.3.1/../../../../arm-none-eabi/lib/thumb/v7e-m\libc.a(lib_a-sbrkr.o)
 .debug_frame   0x00001ff0       0x50 c:/program files (x86)/atmel/studio/7.0/toolchain/arm/arm-gnu-toolchain/bin/../lib/gcc/arm-none-eabi/6.3.1/../../../../arm-none-eabi/lib/thumb/v7e-m\libc.a(lib_a-strchr.o)
 .debug_frame   0x00002040       0x78 c:/program files (x86)/atmel/studio/7.0/toolchain/arm/arm-gnu-toolchain/bin/../lib/gcc/arm-none-eabi/6.3.1/../../../../arm-none-eabi/lib/thumb/v7e-m\libc.a(lib_a-svfiprintf.o)
 .debug_frame   0x000020b8       0x34 c:/program files (x86)/atmel/studio/7.0/toolchain/arm/arm-gnu-toolchain/bin/../lib/gcc/arm-none-eabi/6.3.1/../../../../arm-none-eabi/lib/thumb/v7e-m\libc.a(lib_a-__atexit.o)
 .debug_frame   0x000020ec       0x28 c:/program files (x86)/atmel/studio/7.0/toolchain/arm/arm-gnu-toolchain/bin/../lib/gcc/arm-none-eabi/6.3.1/../../../../arm-none-eabi/lib/thumb/v7e-m\libc.a(lib_a-callocr.o)
 .debug_frame   0x00002114       0x74 c:/program files (x86)/atmel/studio/7.0/toolchain/arm/arm-gnu-toolchain/bin/../lib/gcc/arm-none-eabi/6.3.1/../../../../arm-none-eabi/lib/thumb/v7e-m\libc.a(lib_a-freer.o)
 .debug_frame   0x00002188       0x6c c:/program files (x86)/atmel/studio/7.0/toolchain/arm/arm-gnu-toolchain/bin/../lib/gcc/arm-none-eabi/6.3.1/../../../../arm-none-eabi/lib/thumb/v7e-m\libc.a(lib_a-locale.o)
 .debug_frame   0x000021f4       0x4c c:/program files (x86)/atmel/studio/7.0/toolchain/arm/arm-gnu-toolchain/bin/../lib/gcc/arm-none-eabi/6.3.1/../../../../arm-none-eabi/lib/thumb/v7e-m\libc.a(lib_a-mbtowc_r.o)
 .debug_frame   0x00002240       0x30 c:/program files (x86)/atmel/studio/7.0/toolchain/arm/arm-gnu-toolchain/bin/../lib/gcc/arm-none-eabi/6.3.1/../../../../arm-none-eabi/lib/thumb/v7e-m\libc.a(lib_a-memmove.o)
 .debug_frame   0x00002270       0x68 c:/program files (x86)/atmel/studio/7.0/toolchain/arm/arm-gnu-toolchain/bin/../lib/gcc/arm-none-eabi/6.3.1/../../../../arm-none-eabi/lib/thumb/v7e-m\libc.a(lib_a-reallocr.o)
 .debug_frame   0x000022d8       0x58 c:/program files (x86)/atmel/studio/7.0/toolchain/arm/arm-gnu-toolchain/bin/../lib/gcc/arm-none-eabi/6.3.1/../../../../arm-none-eabi/lib/thumb/v7e-m\libc.a(lib_a-reent.o)
 .debug_frame   0x00002330       0x3c c:/program files (x86)/atmel/studio/7.0/toolchain/arm/arm-gnu-toolchain/bin/../lib/gcc/arm-none-eabi/6.3.1/../../../../arm-none-eabi/lib/thumb/v7e-m\libc.a(lib_a-wctomb_r.o)
 .debug_frame   0x0000236c       0xac c:/program files (x86)/atmel/studio/7.0/toolchain/arm/arm-gnu-toolchain/bin/../lib/gcc/arm-none-eabi/6.3.1/thumb/v7e-m\libgcc.a(_arm_addsubdf3.o)
 .debug_frame   0x00002418       0x50 c:/program files (x86)/atmel/studio/7.0/toolchain/arm/arm-gnu-toolchain/bin/../lib/gcc/arm-none-eabi/6.3.1/thumb/v7e-m\libgcc.a(_arm_muldivdf3.o)
 .debug_frame   0x00002468       0xc4 c:/program files (x86)/atmel/studio/7.0/toolchain/arm/arm-gnu-toolchain/bin/../lib/gcc/arm-none-eabi/6.3.1/thumb/v7e-m\libgcc.a(_arm_cmpdf2.o)
 .debug_frame   0x0000252c       0x20 c:/program files (x86)/atmel/studio/7.0/toolchain/arm/arm-gnu-toolchain/bin/../lib/gcc/arm-none-eabi/6.3.1/thumb/v7e-m\libgcc.a(_arm_unorddf2.o)
 .debug_frame   0x0000254c       0x24 c:/program files (x86)/atmel/studio/7.0/toolchain/arm/arm-gnu-toolchain/bin/../lib/gcc/arm-none-eabi/6.3.1/thumb/v7e-m\libgcc.a(_arm_fixdfsi.o)
 .debug_frame   0x00002570       0x2c c:/program files (x86)/atmel/studio/7.0/toolchain/arm/arm-gnu-toolchain/bin/../lib/gcc/arm-none-eabi/6.3.1/thumb/v7e-m\libgcc.a(_aeabi_uldivmod.o)
 .debug_frame   0x0000259c       0x34 c:/program files (x86)/atmel/studio/7.0/toolchain/arm/arm-gnu-toolchain/bin/../lib/gcc/arm-none-eabi/6.3.1/thumb/v7e-m\libgcc.a(_udivmoddi4.o)

Cross Reference Table

Symbol                                            File
ACC_Handler                                       src/ASF/sam/utils/cmsis/sam4s/source/templates/gcc/startup_sam4s.o
ADC_Handler                                       src/ASF/sam/utils/cmsis/sam4s/source/templates/gcc/startup_sam4s.o
BusFault_Handler                                  src/ASF/sam/utils/cmsis/sam4s/source/templates/gcc/startup_sam4s.o
CRCCU_Handler                                     src/ASF/sam/utils/cmsis/sam4s/source/templates/gcc/startup_sam4s.o
DACC_Handler                                      src/ASF/sam/utils/cmsis/sam4s/source/templates/gcc/startup_sam4s.o
DebugMon_Handler                                  src/ASF/sam/utils/cmsis/sam4s/source/templates/gcc/startup_sam4s.o
Dummy_Handler                                     src/ASF/sam/utils/cmsis/sam4s/source/templates/gcc/startup_sam4s.o
EFC0_Handler                                      src/ASF/sam/utils/cmsis/sam4s/source/templates/gcc/startup_sam4s.o
HSMCI_Handler                                     src/ASF/sam/utils/cmsis/sam4s/source/templates/gcc/startup_sam4s.o
HardFault_Handler                                 src/ASF/sam/utils/cmsis/sam4s/source/templates/gcc/startup_sam4s.o
MemManage_Handler                                 src/ASF/sam/utils/cmsis/sam4s/source/templates/gcc/startup_sam4s.o
NMI_Handler                                       src/ASF/sam/utils/cmsis/sam4s/source/templates/gcc/startup_sam4s.o
OV2640_JPEG                                       src/ov2640_table_registers.o
                                                  src/ov2640.o
OV2640_JPEG_1024x768                              src/ov2640_table_registers.o
                                                  src/ov2640.o
OV2640_JPEG_1280x1024                             src/ov2640_table_registers.o
                                                  src/ov2640.o
OV2640_JPEG_1600x1200                             src/ov2640_table_registers.o
                                                  src/ov2640.o
OV2640_JPEG_320x240                               src/ov2640_table_registers.o
                                                  src/ov2640.o
OV2640_JPEG_640x480                               src/ov2640_table_registers.o
                                                  src/ov2640.o
OV2640_JPEG_800x600                               src/ov2640_table_registers.o
                                                  src/ov2640.o
OV2640_JPEG_INIT                                  src/ov2640_table_registers.o
                                                  src/ov2640.o
OV2640_QQVGA_RGB888                               src/ov2640_table_registers.o
                                                  src/ov2640.o
OV2640_QQVGA_YUV422                               src/ov2640_table_registers.o
                                                  src/ov2640.o
OV2640_QVGA_RGB888                                src/ov2640_table_registers.o
                                                  src/ov2640.o
OV2640_QVGA_YUV422_10FPS                          src/ov2640_table_registers.o
                                                  src/ov2640.o
OV2640_QVGA_YUV422_15FPS                          src/ov2640_table_registers.o
                                                  src/ov2640.o
OV2640_QVGA_YUV422_20FPS                          src/ov2640_table_registers.o
                                                  src/ov2640.o
OV2640_QVGA_YUV422_30FPS                          src/ov2640_table_registers.o
                                                  src/ov2640.o
OV2640_TEST_PATTERN                               src/ov2640_table_registers.o
                                                  src/ov2640.o
OV2640_VGA_YUV422_20FPS                           src/ov2640_table_registers.o
                                                  src/ov2640.o
OV2640_YUV422                                     src/ov2640_table_registers.o
                                                  src/ov2640.o
PIOA_Handler                                      src/ASF/sam/drivers/pio/pio_handler.o
PIOB_Handler                                      src/ASF/sam/drivers/pio/pio_handler.o